07-17 21:36:00.170   873  4417 W TrackingService: attachClient: found client in attached list
07-17 21:36:00.171  4419  4502 E OsSdk   : error getting shared memory region, memory type: HeadTracker, failed with Status(-1, EX_SECURITY): 'requested shared memory region when not registered/focused'
07-17 21:36:00.171   873  1282 W TrackingService: attachClient: found client in attached list
07-17 21:36:00.173  4419  4502 E OsSdk   : error getting shared memory region, memory type: AnchorTracker, failed with Status(-1, EX_SECURITY): 'requested shared memory region when not registered/focused'
07-17 21:36:00.179   742 24230 I SyncBossInput: [info   ] [jedi ( left) a9a80a0exxxxxxxx]: 8241107 [info   ] {THDG}: inactive_seek -> active_connected
07-17 21:36:00.180   873 24323 E [CT]    : CONSTELLATION: L: In GetVisionPrediction: State buffer too small.
07-17 21:36:00.190   873 24323 E [CT]    : CONSTELLATION: L: Not able to retrieve imuState at captureTimestamp.
07-17 21:36:00.213   873 24323 E [CT]    : CONSTELLATION: L: In GetVisionPrediction: State buffer too small.
07-17 21:36:00.214   873  4417 W TrackingService: attachClient: found client in attached list
07-17 21:36:00.215  4419  4502 E OsSdk   : error getting shared memory region, memory type: HeadTracker, failed with Status(-1, EX_SECURITY): 'requested shared memory region when not registered/focused'
07-17 21:36:00.223   873 24323 E [CT]    : CONSTELLATION: L: Not able to retrieve imuState at captureTimestamp.
07-17 21:36:00.247   873 24323 E [CT]    : CONSTELLATION: L: In GetVisionPrediction: State buffer too small.
07-17 21:36:00.254   873 11384 W TrackingService: attachClient: found client in attached list
07-17 21:36:00.256  4419  4502 E OsSdk   : error getting shared memory region, memory type: HeadTracker, failed with Status(-1, EX_SECURITY): 'requested shared memory region when not registered/focused'
07-17 21:36:00.257   873 24323 E [CT]    : CONSTELLATION: L: Not able to retrieve imuState at captureTimestamp.
07-17 21:36:00.280   873 24323 E [CT]    : CONSTELLATION: L: In GetVisionPrediction: State buffer too small.
07-17 21:36:00.290   873 24323 E [CT]    : CONSTELLATION: L: Not able to retrieve imuState at captureTimestamp.
07-17 21:36:00.294   873  1282 W TrackingService: attachClient: found client in attached list
07-17 21:36:00.296  4419  4502 E OsSdk   : error getting shared memory region, memory type: HeadTracker, failed with Status(-1, EX_SECURITY): 'requested shared memory region when not registered/focused'
07-17 21:36:00.313   873 24323 E [CT]    : CONSTELLATION: L: In GetVisionPrediction: State buffer too small.
07-17 21:36:00.319   742 24230 I SyncBossHAL: [info   ] syncboss_hal_input_controller.c(194): Controller a9a80a0exxxxxxxx battery level changed: 0% -> 30%
07-17 21:36:00.323   873 24323 E [CT]    : CONSTELLATION: L: Not able to retrieve imuState at captureTimestamp.
07-17 21:36:00.325   742 24227 D SensorService: Syncboss input a9a80a0e7fafaba7 hardware type 4, subtype 1, revision 0x08
07-17 21:36:00.325   742 24227 I SensorService: preparePairedControllerInfo is adding device with valid 1
07-17 21:36:00.325   742 24227 D SensorService: Syncboss input bddc7818b2a8dd03 hardware type 4, subtype 2, revision 0x08
07-17 21:36:00.325   742 24227 I SensorService: preparePairedControllerInfo is adding device with valid 1
07-17 21:36:00.325   742 24227 D SensorService: stateChangeNotifierFunc(): Reporting controller info. Change token: 84, paired=2 connected=2
07-17 21:36:00.325   873 24237 D OVRRemoteService: processStateChange([PairedControllerInfo JEDI a9a80a0e7fafaba7 connected mcnt=0])
07-17 21:36:00.325   873 24237 D OVRRemoteService: processStateChange([PairedControllerInfo JEDI bddc7818b2a8dd03 connected mcnt=0])
07-17 21:36:00.334   873  4417 W TrackingService: attachClient: found client in attached list
07-17 21:36:00.337  4419  4502 E OsSdk   : error getting shared memory region, memory type: HeadTracker, failed with Status(-1, EX_SECURITY): 'requested shared memory region when not registered/focused'
07-17 21:36:00.346   873 24323 E [CT]    : CONSTELLATION: L: In GetVisionPrediction: State buffer too small.
07-17 21:36:00.356   873 24290 W [CT]    : CONSTELLATION: L: Lost position tracking, waiting for 6DoF reset: [#VisionUp=1, #RelUp=1, VelNorm=0.027, CurTimeDur=0.25s, DurThresh=0.2s]
07-17 21:36:00.357   873 24323 I [CT]    : CONSTELLATION: L: Successfully reinitialized 6DoF filter. Keep Cov and Calib States = Y. Keep velocity state and covariance = N
07-17 21:36:00.379   873  1282 W TrackingService: attachClient: found client in attached list
07-17 21:36:00.382  4419  4502 E OsSdk   : error getting shared memory region, memory type: HeadTracker, failed with Status(-1, EX_SECURITY): 'requested shared memory region when not registered/focused'
07-17 21:36:00.392   873 24290 I [CT]    : INPUT_TRACKING:Behavior:NearHeadMoving: [Left] state transition: Init -> TorsoInitialized
07-17 21:36:00.392   873 24290 I [CT]    : INPUT_TRACKING:Behavior:OutOfFoVRotation: [Left] state transition: Init -> TorsoInitialized
07-17 21:36:00.393   873 24290 I [CT]    : INPUT_TRACKING:Behavior:NearHeadMoving: [Right] state transition: Init -> TorsoInitialized
07-17 21:36:00.393   873 24290 I [CT]    : INPUT_TRACKING:Behavior:OutOfFoVRotation: [Right] state transition: Init -> TorsoInitialized
07-17 21:36:00.399   873  1282 W TrackingService: attachClient: found client in attached list
07-17 21:36:00.402  4419  4502 E OsSdk   : error getting shared memory region, memory type: HeadTracker, failed with Status(-1, EX_SECURITY): 'requested shared memory region when not registered/focused'
07-17 21:36:00.411   873 24314 I [CT]    : VIPER:MAP_MANAGER: State: TrackingPersistent, UUID=a0612408-7749-e169-7986-0124aa0a8c30, Num. Persistent maps = 3,  Persistent maps:7c5d0a34-25c3-fb2b-7e7e-1df864d1cb1e,a0612408-7749-e169-7986-0124aa0a8c30,9096f6bc-cfd7-14e2-da31-a5b9505717f3,
07-17 21:36:00.418  4419  4489 I xrstreamingclient: AudioPlayer: NetworkMetrics: [4.036,16.441]9.880
07-17 21:36:00.442   873  4417 W TrackingService: attachClient: found client in attached list
07-17 21:36:00.444   873 24314 I [CT]    : VIPER: Mode=Vega,Status=6DoF,TRACKING,KF=-1,Inl=27,Pts=0,Mem=75.7,Jit=1.0mm,Issues(Cam/min=0.3,IMU/min=0.0),Exp=(8.7ms,g=12.0,I=77,Ir=737.8)(12.1ms,g=15.0,I=76,Ir=421.3)(12.1ms,g=15.0,I=73,Ir=401.8)(8.9ms,g=11.0,I=75,Ir=765.9)
07-17 21:36:00.445  4419  4502 E OsSdk   : error getting shared memory region, memory type: HeadTracker, failed with Status(-1, EX_SECURITY): 'requested shared memory region when not registered/focused'
07-17 21:36:00.477   873  4417 W TrackingService: attachClient: found client in attached list
07-17 21:36:00.480   742 24230 I SyncBossHAL: [info   ] syncboss_hal_input_controller.c(194): Controller bddc7818xxxxxxxx battery level changed: 0% -> 30%
07-17 21:36:00.483  4419  4502 E OsSdk   : error getting shared memory region, memory type: HeadTracker, failed with Status(-1, EX_SECURITY): 'requested shared memory region when not registered/focused'
07-17 21:36:00.485   742 24227 D SensorService: Syncboss input a9a80a0e7fafaba7 hardware type 4, subtype 1, revision 0x08
07-17 21:36:00.485   742 24227 I SensorService: preparePairedControllerInfo is adding device with valid 1
07-17 21:36:00.485   742 24227 D SensorService: Syncboss input bddc7818b2a8dd03 hardware type 4, subtype 2, revision 0x08
07-17 21:36:00.485   742 24227 I SensorService: preparePairedControllerInfo is adding device with valid 1
07-17 21:36:00.485   742 24227 D SensorService: stateChangeNotifierFunc(): Reporting controller info. Change token: 85, paired=2 connected=2
07-17 21:36:00.485   873 24237 D OVRRemoteService: processStateChange([PairedControllerInfo JEDI a9a80a0e7fafaba7 connected mcnt=0])
07-17 21:36:00.485   873 24237 D OVRRemoteService: processStateChange([PairedControllerInfo JEDI bddc7818b2a8dd03 connected mcnt=0])
07-17 21:36:00.515   873 11384 W TrackingService: attachClient: found client in attached list
07-17 21:36:00.518  4419  4502 E OsSdk   : error getting shared memory region, memory type: HeadTracker, failed with Status(-1, EX_SECURITY): 'requested shared memory region when not registered/focused'
07-17 21:36:00.548   872   872 E /system/bin/tombstoned: Tombstone written to: /data/tombstones/tombstone_02
07-17 21:36:00.553  1053 24398 W ActivityTaskManager:   Force finishing activity com.YourCompany.Popular_VR/com.epicgames.unreal.GameActivity
07-17 21:36:00.557  1053  1100 I BootReceiver: Copying /data/tombstones/tombstone_02 to DropBox (SYSTEM_TOMBSTONE)
07-17 21:36:00.558   742 24230 I SyncBossInput: [info   ] [jedi (right) bddc7818xxxxxxxx]: 8242199 [info   ] {HPTH}: Set haptics frequency to 0x212B
07-17 21:36:00.559   873 11384 W TrackingService: attachClient: found client in attached list
07-17 21:36:00.563  1053  1100 I DropBoxManagerService: add tag=SYSTEM_TOMBSTONE isTagEnabled=true flags=0x2
07-17 21:36:00.564  4419  4502 E OsSdk   : error getting shared memory region, memory type: HeadTracker, failed with Status(-1, EX_SECURITY): 'requested shared memory region when not registered/focused'
07-17 21:36:00.568  1053 24399 I DropBoxManagerService: add tag=data_app_native_crash isTagEnabled=true flags=0x2
07-17 21:36:00.604   873 11391 W TrackingService: attachClient: found client in attached list
07-17 21:36:00.607  4419  4502 E OsSdk   : error getting shared memory region, memory type: HeadTracker, failed with Status(-1, EX_SECURITY): 'requested shared memory region when not registered/focused'
07-17 21:36:00.609  1053  1150 W InputDispatcher: channel 'd6b07c6 com.YourCompany.Popular_VR/com.epicgames.unreal.GameActivity (server)' ~ Consumer closed input channel or an error occurred.  events=0x9
07-17 21:36:00.609  1053  1150 E InputDispatcher: channel 'd6b07c6 com.YourCompany.Popular_VR/com.epicgames.unreal.GameActivity (server)' ~ Channel is unrecoverably broken and will be disposed!
07-17 21:36:00.611   830 19732 D NuPlayerDriver: reset(0xeb12e6e0) at state 4
07-17 21:36:00.612  1053  9717 I WindowManager: WIN DEATH: Window{d6b07c6 u0 com.YourCompany.Popular_VR/com.epicgames.unreal.GameActivity}
07-17 21:36:00.612  1053  9717 W InputDispatcher: Attempted to unregister already unregistered input channel 'd6b07c6 com.YourCompany.Popular_VR/com.epicgames.unreal.GameActivity (server)'
07-17 21:36:00.614   742 24230 I SyncBossInput: [info   ] [jedi ( left) a9a80a0exxxxxxxx]: 8241725 [info   ] {HPTH}: Set haptics frequency to 0x2204
07-17 21:36:00.617  1053  4770 D ConnectivityService: ConnectivityService NetworkRequestInfo binderDied(NetworkRequest [ LISTEN id=31, [ Transports: CELLULAR|WIFI|BLUETOOTH|ETHERNET|VPN Capabilities: INTERNET&NOT_RESTRICTED&TRUSTED&NOT_VPN&VALIDATED&FOREGROUND Uid: 10078] ], android.os.BinderProxy@ec876da)
07-17 21:36:00.618   830 24361 D NuPlayerDriver: notifyResetComplete(0xeb12e6e0)
07-17 21:36:00.618   697   697 I Zygote  : Process 24045 exited due to signal 11 (Segmentation fault)
07-17 21:36:00.618  1338  1338 V AvrcpMediaPlayerList: onPlaybackConfigChanged(): Configs list size=8
07-17 21:36:00.623  1053  1093 W BroadcastQueue: Skipping deliver [background] BroadcastRecord{62d370b u-1 android.intent.action.BATTERY_CHANGED} to ReceiverList{554c72b 24045 com.YourCompany.Popular_VR/10078/u0 remote:1d1b37a}: process gone or crashing
07-17 21:36:00.624  1053  2082 I ActivityManager: Process com.YourCompany.Popular_VR (pid 24045) has died: fore TOP 
07-17 21:36:00.625  1338  1338 V AvrcpMediaPlayerList: onPlaybackConfigChanged(): Configs list size=6
07-17 21:36:00.629  1338  1338 V AvrcpMediaPlayerList: onPlaybackConfigChanged(): Configs list size=6
07-17 21:36:00.640  1053  2082 W InputReader: Device has associated, but no associated display id.
07-17 21:36:00.649   873 11391 W TrackingService: attachClient: found client in attached list
07-17 21:36:00.652   754  4002 D AF::TrackHandle: OpPlayAudio: track:64 uid:10046 pkg:com.oculus.xrstreamingclient usage:1 not muted
07-17 21:36:00.653  4419  4502 E OsSdk   : error getting shared memory region, memory type: HeadTracker, failed with Status(-1, EX_SECURITY): 'requested shared memory region when not registered/focused'
07-17 21:36:00.653   754  1026 D AF::RecordHandle: OpRecordAudio: track:56 uid:10017 pkg:com.oculus.shellenv usage:0 muted
07-17 21:36:00.653   754  4291 D AF::RecordHandle: OpRecordAudio: track:108 uid:10046 pkg:com.oculus.xrstreamingclient usage:0 not muted
07-17 21:36:00.653   754   754 D AF::TrackHandle: OpPlayAudio: track:145 uid:10078 pkg:com.YourCompany.Popular_VR usage:1 not muted
07-17 21:36:00.654   754  1773 D AF::TrackHandle: OpPlayAudio: track:57 uid:10017 pkg:com.oculus.shellenv usage:1 muted
07-17 21:36:00.668  1053  1079 W ActivityManager: setHasOverlayUi called on unknown pid: 24045
07-17 21:36:00.675   705  3294 D msm8974_platform: platform_split_snd_device: snd_device(22) num devices(1) new_snd_devices(0)
07-17 21:36:00.675   705  3294 D ACDB-LOADER: ACDB -> send_audvoltable
07-17 21:36:00.675   705  3294 D ACDB-LOADER: ACDB -> ACDB_CMD_GET_AUDPROC_INSTANCE_GAIN_DEP_STEP_TABLE_SIZE
07-17 21:36:00.676  1290  1290 D VrRuntimeService: onForegroundActivitiesChanged: pid=4419, uid=10046, hasForegroundActivities=true
07-17 21:36:00.676   705  3294 D         : Failed to fetch the lookup information of the device 0000000F 
07-17 21:36:00.676   705  3294 D ACDB-LOADER: Error: ACDB_CMD_GET_AUDPROC_INSTANCE_GAIN_DEP_STEP_TABLE_SIZE Returned = -19
07-17 21:36:00.676   705  3294 D ACDB-LOADER: ACDB -> ACDB_CMD_GET_AUDPROC_INSTANCE_GAIN_DEP_STEP_TABLE, vol index 0
07-17 21:36:00.678   705  3294 D         : Failed to fetch the lookup information of the device 0000000F 
07-17 21:36:00.678   705  3294 D ACDB-LOADER: Error: ACDB AudProc vol returned = -19
07-17 21:36:00.678   705  3294 D ACDB-LOADER: ACDB -> AUDIO_SET_VOL_CAL cal type = 40
07-17 21:36:00.680   705   894 D msm8974_platform: platform_split_snd_device: snd_device(22) num devices(1) new_snd_devices(0)
07-17 21:36:00.689  1290  1290 W ClientMgr: ClientMgr::SetFocusedClient: No focused client
07-17 21:36:00.689  1290  1290 I ClientMgr: Releasing clocks.
07-17 21:36:00.689  1290  1290 I ClientMgr: SetFocusedPackageName - packageName  processName  clientId 0 clientPid 0
07-17 21:36:00.689  4419  4443 V xrstreamingclient:   VR Mode state change (Can render=1, has VR mode=0)
07-17 21:36:00.689  4419  4443 D xrstreamingclient:   Entering VR Mode
07-17 21:36:00.689  4419  4443 I VrApi   : ---------- vrapi_EnterVrMode [start] ----------
07-17 21:36:00.689  4419  4443 I VrRuntimeClient: Tracing is disabled
07-17 21:36:00.689  4419  4443 I VrRuntimeClient: SysProp debug mode is disabled on Client side
07-17 21:36:00.690  4419  4443 D VrApi   : targetSDKVersion 29
07-17 21:36:00.690  4419  4443 I VrRuntimeClient: DEVICE MODEL NUMBER = Quest 2
07-17 21:36:00.690  4419  4443 I VrRuntimeClient: DEVICE BUILD NAME = user-31406800746700000
07-17 21:36:00.690  4419  4443 I VrRuntimeClient: DEVICE BUILD TYPE = user
07-17 21:36:00.690  4419  4443 I VrRuntimeClient: DEVICE OS VERSION = 10
07-17 21:36:00.690  4419  4443 I VrRuntimeClient: API LOADER VERSION = 1.49.0
07-17 21:36:00.690  4419  4443 I VrRuntimeClient: RUNTIME API VERSION = 1.58.0
07-17 21:36:00.690  4419  4443 I VrRuntimeClient: RUNTIME VERSION = 41.0.0.123.357 Jun 21 2022 14:34:42 RELEASE
07-17 21:36:00.690  4419  4443 I VrRuntimeClient: APP NAME = Oculus Link
07-17 21:36:00.691  4419  4443 I VrRuntimeClient: APP VERSION = 41.0.0.124.344 versionCode 379035665 internalVersionName 41.0.0.124.344.3b6696f1c64e 2022_06_24_20_16
07-17 21:36:00.691  4419  4443 I VrRuntimeClient: APP VR TYPE = vr_only
07-17 21:36:00.691  4419  4443 I VrRuntimeClient: APP MODE TYPE = <none>
07-17 21:36:00.691  4419  4443 I VrRuntimeClient: APP PACKAGE NAME = com.oculus.xrstreamingclient
07-17 21:36:00.691  4419  4443 I VrRuntimeClient: APP ACTIVITY CLASS = com.oculus.xrstreamingclient.MainActivity
07-17 21:36:00.691  4419  4443 I Sensor  : OSSDKTRACKING Initializing head tracking
07-17 21:36:00.691  4419  4443 I Sensor  : OSSDKTRACKING Head tracker != nullpointer 0x7a8fe3e578, 1
07-17 21:36:00.691  4419  4443 I Sensor  : OSSDKTRACKING Initializing controller tracking
07-17 21:36:00.691  4419  4443 I Sensor  : OSSDKTRACKING Controller tracker != nullpointer 0x7af889c4f0, 1
07-17 21:36:00.691  4419  4443 D BatteryReceiver: Registering battery receiver
07-17 21:36:00.692  1900  1900 D KeyboardInputMethodService: onFinishInput
07-17 21:36:00.694   873 17170 W TrackingService: attachClient: found client in attached list
07-17 21:36:00.696   873 17170 D TrackingService: getSharedMemory: com.oculus.xrstreamingclient, HeadTracker
07-17 21:36:00.696  4419  4443 D HeadsetReceiver: getCurrentHeadsetState: false
07-17 21:36:00.696  4419  4443 I DeviceStatus: nativeHeadsetEvent(0)
07-17 21:36:00.701  4419  4443 I VrRuntimeClient: SetCompositorClientFeatureFlag ClientFeatureFlag 0 
07-17 21:36:00.701  4419  4443 I LogTimer: CPUTIME: VrRuntimeClient_BeginSession took 12.4274 ms
07-17 21:36:00.703   873 17170 W TrackingService: attachClient: found client in attached list
07-17 21:36:00.704   873 17170 D TrackingService: getSharedMemory: com.oculus.xrstreamingclient, AnchorTracker
07-17 21:36:00.705  4419  4443 I ClientInputInterface: DEADRECKONING SetControllerTrackingExtendedDeadreckoning 0
07-17 21:36:00.705  4419  4443 I ClientInputSettings: HANDTRACKING package name is com.oculus.xrstreamingclient
07-17 21:36:00.705  2016  2016 W OVRLibrary: null cursor received for query content://com.oculus.ocms.library/apps/com.oculus.xrstreamingclient
07-17 21:36:00.705  4419  4443 I ClientInputSettings: HANDTRACKING: Manifest Permission request for com.oculus.xrstreamingclient
07-17 21:36:00.706  4419  4443 I ClientInputSettings: HANDTRACKING:  'com.oculus.xrstreamingclient' Is hands or controller.
07-17 21:36:00.706  4419  4443 I ClientInputSettings: HANDTRACKING: feature flag set to 2
07-17 21:36:00.706  4419  4443 I ClientInputInterface: HANDTRACKING sethandmanifest 2
07-17 21:36:00.706  4419  4443 I InputHooks_Internal: Enabling Native Input Hooks
07-17 21:36:00.715  4419  4443 I InputDeviceManager: ovrInputDeviceManager::Initialize
07-17 21:36:00.715  4419  4443 I Distortion: Initializing Mesh Decenter Correction
07-17 21:36:00.716  4419 24403 I InputDeviceManager: HANDTRACKING Pointer filter profile changed to: 0
07-17 21:36:00.716  4419 24403 I InputDeviceManager: HANDTRACKING Pointer filter profile changed to: 0
07-17 21:36:00.717  4419  4443 I Distortion: SetLensPositions - iad=0.0628982, left offset=-0.000381242,-0.00116921, right offset=0.000121366,-0.00142129
07-17 21:36:00.717  4419  4443 I Distortion: Initializing Mesh Decenter Correction
07-17 21:36:00.718  4419  4443 I Distortion: SetLensPositions - iad=0.0628982, left offset=-0.000381242,-0.00116921, right offset=0.000121366,-0.00142129
07-17 21:36:00.718  4419  4443 I Distortion: Created custom distortion mesh.
07-17 21:36:00.718  4419  4443 I VrApi   : ovrModeParms::VRAPI_MODE_FLAG_RESET_WINDOW_FULLSCREEN = 0
07-17 21:36:00.718  4419  4443 I VrApi   : ovrModeParms::VRAPI_MODE_FLAG_NATIVE_WINDOW = 1
07-17 21:36:00.718  4419  4443 I VrApi   : ovrModeParms::VRAPI_MODE_FLAG_FRONT_BUFFER_SRGB = 0
07-17 21:36:00.718  4419  4443 I VrApi   : ovrModeParms::VRAPI_MODE_FLAG_PHASE_SYNC = 0
07-17 21:36:00.718  4419  4443 I VrApi   : ovrModeParms::VRAPI_MODE_FLAG_APP_SPACE_WARP = 0
07-17 21:36:00.718  4419  4443 I VrRuntimeClient: SetPhaseSyncMode 0
07-17 21:36:00.718  4419  4443 I VrApi   : PhaseSync disabled
07-17 21:36:00.718  4419  4443 I VrApi   : HMD sensor attached.
07-17 21:36:00.718  4419  4443 D VrRuntimeClient: pokeGuardianUserServiceForThisClient: com.oculus.xrstreamingclient:10046
07-17 21:36:00.727  4419  4481 D xrstreaming: receive pong: org 13605663174649 recv 92422423315700 xmt 92422433118100 (received at 13605673279909), offset divergence -492
07-17 21:36:00.727  4419  4481 D xrstreaming: new clock offset=78816759989621 (rtt: 302860, dispersion: 107260, jitter: 3866190)
07-17 21:36:00.733  2903  2903 D VrGuardianUserService: onStartCommandIntent { act=FOREGROUND_CLIENT cmp=com.oculus.guardian/com.oculus.vrguardianservice.VrGuardianUserService (has extras) }
07-17 21:36:00.733  2903  2903 D VrGuardianUserService: maybeSubscribeDeviceConfig
07-17 21:36:00.733  4419  4443 D VrRuntimeClient: VrRuntimeClient: getClientWindow: activity client
07-17 21:36:00.733  2903  2903 D VrGuardianUserService: onStartCommand FOREGROUND_CLIENT user = 0
07-17 21:36:00.734  1290  4452 I VrRuntimeService: RuntimeServiceSDKServer::EnableRendering: 0x7a9b633240, 2, com.oculus.xrstreamingclient
07-17 21:36:00.734  1290  4452 I ClientMgr: EnableRendering2: Calling SetFocusedClient: 2097168029
07-17 21:36:00.734  1290  4452 I ClientMgr: FocusedClient changed.
07-17 21:36:00.734  1290  4452 I ClientMgr: ClientMgr::SetFocusedClient: 4419:com.oculus.xrstreamingclient type 0
07-17 21:36:00.734  1290  4452 I ClientMgr: SetFocusedPackageName - packageName com.oculus.xrstreamingclient processName com.oculus.xrstreamingclient clientId 2097168029 clientPid 4419
07-17 21:36:00.735  1290  4452 I VrRuntimeService: RuntimeIPC: SendFocusChangeEventToAllClients: PostClientEvent SUCCESS: com.oculus.xrstreamingclient:com.oculus.xrstreamingclient:4419, com.oculus.xrstreamingclient, com.oculus.xrstreamingclient
07-17 21:36:00.735  1290  4452 I VrRuntimeService: RuntimeIPC: SendFocusChangeEventToAllClients: PostClientEvent SUCCESS: com.oculus.vrshell:com.oculus.vrshell:Overlay:1900, com.oculus.xrstreamingclient, com.oculus.xrstreamingclient
07-17 21:36:00.735  1290  4452 I VrRuntimeService: RuntimeIPC: SendFocusChangeEventToAllClients: PostClientEvent SUCCESS: com.oculus.guardian:com.oculus.vrguardianservice:2903, com.oculus.xrstreamingclient, com.oculus.xrstreamingclient
07-17 21:36:00.735  1290  4452 I VrRuntimeService: RuntimeIPC: SendFocusChangeEventToAllClients: PostClientEvent SUCCESS: com.oculus.shellenv:com.oculus.shellenv:1936, com.oculus.xrstreamingclient, com.oculus.xrstreamingclient
07-17 21:36:00.735  1290  4452 I VrRuntimeService: RuntimeIPC: SendFocusChangeEventToAllClients: PostClientEvent SUCCESS: com.oculus.mrservice:com.oculus.mrservice:1713, com.oculus.xrstreamingclient, com.oculus.xrstreamingclient
07-17 21:36:00.735  1290  4452 I VrRuntimeService: RuntimeIPC: SendFocusChangeEventToAllClients: PostClientEvent SUCCESS: com.oculus.vrshell:com.oculus.vrshell:2041, com.oculus.xrstreamingclient, com.oculus.xrstreamingclient
07-17 21:36:00.735  1290  4452 I ClientMgr: ClientMgr::EnableRendering 4419:com.oculus.xrstreamingclient : type 0 comp-id 6: enable
07-17 21:36:00.735  1290  4452 I CompositorVR: CheckDebuggerConnected: debugger 0
07-17 21:36:00.735  1290  4452 I VrRuntimeServer: SysProp debug mode is disabled on Server side
07-17 21:36:00.735  2903  2903 D VrGuardianService: setCurrentUser() called with: userId = [0]
07-17 21:36:00.735  2903  2903 I VrGuardianService: nativeSetCurrentUser userid = 0
07-17 21:36:00.735  2903  2903 I GuardianSystem: GuardianSystem::SetCurrentUser: 0 
07-17 21:36:00.737  1290  4452 I UnifiedTelemetryWrapper: Started UT session render:com.oculus.xrstreamingclient
07-17 21:36:00.742  4419  4443 I ScreenCaptureHelper: Advertising com.oculus.xrstreamingclient as streamable
07-17 21:36:00.742  1290  4452 I VrRuntimeService: GetSpecialSwapChain: 2097168029
07-17 21:36:00.742  4419  4443 I VrApi   : Creating Default swapchain
07-17 21:36:00.742  1290  4452 I VrRuntimeService: GetSpecialSwapChain: 2097168029
07-17 21:36:00.742  4419  4443 I VrApi   : Creating Loading Icon swapchain
07-17 21:36:00.742  4419  4443 I VrApi   : OVR::Stats thread started
07-17 21:36:00.742  4419  4443 I XrRuntimeUtils: XrRuntimeUtils::CreateSession
07-17 21:36:00.742  4419  4443 I VrApi   : Initial BaseVsync 276 
07-17 21:36:00.742  4419  4443 I XrRuntimeUtils: XrRuntimeUtils::BeginSession
07-17 21:36:00.742  4419  4443 I XrRuntimeSystem_Client: BeginSession
07-17 21:36:00.742  4419  4443 I VrApi   : ---------- vrapi_EnterVrMode [end] ----------
07-17 21:36:00.742  4419  4443 D xrstreamingclient:       vrapi_EnterVrMode()
07-17 21:36:00.742  4419  4443 I VrApi   : vrapi_SetDisplayRefreshRate: display refresh rate supported 72.000000
07-17 21:36:00.742  4419  4443 I xrstreamingclient:     vrapi_SetDisplayRefreshRate(72)
07-17 21:36:00.742  4419  4443 D xrstreamingclient:     vrapi_SetClockLevels(2, 2)
07-17 21:36:00.742  4419  4443 D xrstreamingclient:     vrapi_SetPerfThread(MAIN, 4443)
07-17 21:36:00.742  4419  4443 I xrstreamingclient: AudioPlayer::start()
07-17 21:36:00.742  4419  4443 I xrstreamingclient: AudioPlayer: start()
07-17 21:36:00.745  1338  1338 V AvrcpMediaPlayerList: onPlaybackConfigChanged(): Configs list size=6
07-17 21:36:00.745  1290  2651 I ClientMgr: Non-overlay clients rendering status has changed: prev=70, curr=71, enabled=1
07-17 21:36:00.745  1290  2651 I ClientMgr: Primary Client is not valid.
07-17 21:36:00.745  1290  2651 I ClientMgr: Primary client determined to be the current enabled client 2097168029
07-17 21:36:00.746  1290  2651 I ClientMgr: ClientMgr::SetPrimaryCompositorClient: 4419:com.oculus.xrstreamingclient
07-17 21:36:00.746  1290  2651 W ClientMgr: ClientMgr::GetClientPermissionFlagsById: Client missing proper permissions: com.oculus.xrstreamingclient, 2
07-17 21:36:00.746  1290  2651 I TimeWarpClientMgr: Enable client 6
07-17 21:36:00.746  1290  2651 I VrRuntimeServer: EnableCompositorClient client(6): layer placement(0) flags(1) sm(0x7aa85b7010)
07-17 21:36:00.746  1290  2651 I ClientMgr: SetPrimaryPackageName - packageName com.oculus.xrstreamingclient processName com.oculus.xrstreamingclient clientId 2097168029 clientPid 4419
07-17 21:36:00.746  1290  2651 I ServiceInputManager: ServiceInputManager::SetPrimaryPackageName 'com.oculus.xrstreamingclient' 'com.oculus.xrstreamingclient'  updated AnytimeUI processname 1
07-17 21:36:00.746  1290  2651 D VrRuntimeService: sendPrimaryPackageChangeBroadcast
07-17 21:36:00.747  4419 24406 D VrApi   : VrApi::isWifiConnected exception: Make sure android.permission.ACCESS_NETWORK_STATE is set in the manifest.
07-17 21:36:00.747  1290  2651 I AADT    : SetAADTLutDataX: 130
07-17 21:36:00.747  1290  2651 I AADT    : SetAADTLutDataY: 65
07-17 21:36:00.747  1290  2651 I ServiceInputManager: InhibitHandleHomeKeyFull has changed on the service. New value: 1
07-17 21:36:00.747  1290  2651 I ServiceInputManager: DEADRECKONING deadReckoning mode on ClientMgr from server is 0
07-17 21:36:00.747  1900  1900 D [OAO] BaseOverlayService: screenStateReceiver Received broadcast: com.oculus.vrshell.intent.action.PRIMARY_PACKAGE_CHANGED
07-17 21:36:00.747  1290  2651 I PerformanceManager_V0: SetClockLevels: Force releasing clocks
07-17 21:36:00.747  2041  2041 D [SEO] BaseOverlayService: screenStateReceiver Received broadcast: com.oculus.vrshell.intent.action.PRIMARY_PACKAGE_CHANGED
07-17 21:36:00.747  1900  1900 I [OAO] ShellOverlayServiceJNI: NativeSendOverlayCommand
07-17 21:36:00.747  1900  1900 I [OAO] ShellOverlayServiceJNI: NativeWake
07-17 21:36:00.747  1900  1900 I [OAO] ShellOverlayMain: WakeVrThread
07-17 21:36:00.747  1900  1900 I [OAO] ShellOverlayMain: WakeVrThread - notifying vr thread
07-17 21:36:00.747  2041  2680 I [SEO] ShellFrameAnalytics: ShellFrame frameFunction: 263707044us/2147483647us, trace: 0us/12us, process commands: 0us/3615us, system update: 0us/14098us, render 0us/31300us, post render 0us/0us
07-17 21:36:00.748  1900  2853 I [OAO] ShellOverlayApp: VrThread woke up
07-17 21:36:00.748  1900  2853 I [OAO] ShellOverlayApp: 0xbff49bd0 msg: overlayCommand:
07-17 21:36:00.748  1900  2853 I [OAO] ShellOverlayApp: command = primaryPackageChanged
07-17 21:36:00.748  1900  2853 I [OAO] ShellOverlayApp: Process_OverlayCommand command : primaryPackageChanged
07-17 21:36:00.748  1900  2853 I [OAO] ShellOverlayApp: UpdatePrimaryPackage forceSilentUpdate:0
07-17 21:36:00.748  1900  2853 I [OAO] ShellOverlayApp: UpdatePrimaryPackage Requested for PackageName:com.oculus.xrstreamingclient
07-17 21:36:00.748  1900  2853 I [OAO] ShellOverlayApp: UpdatePrimaryPackage - Package change:0 Previous package:[com.oculus.xrstreamingclient] immersive app changed:0
07-17 21:36:00.748  1900  2853 I [OAO] OverlayFlowController: OnPrimaryPackageChange primaryPackage:com.oculus.xrstreamingclient immersiveAppChanged:0 forceSilentUpdate:0
07-17 21:36:00.748  4419 24406 D VrApi   : targetSDKVersion 29
07-17 21:36:00.748  1900  2853 I [OAO] OverlaySystemUxOsDialogFlow: OverlaySystemUxOsDialogFlow UpdatePrimaryPackage isVrShellPackage:0 isSystemPackage:0
07-17 21:36:00.748  1900  2853 I [OAO] ShellOverlayApp: Start sleep timeout. Now:13605.694191, Timeout:13607.694191
07-17 21:36:00.748  2041  2680 I [SEO] ShellFrameAnalytics: Shell Heartbeat focusedPanelTimeSpent: {"3":200} visibleTimeSpent: {"3":200,"5":200} inputTimeSpent: {"controller":200} inputClickCount: {} mouseMoveTimeSpent: 0 mouseScrollTimeSpent: 0 physicalKeyboardConnectedTimeSpent: 0 physicalKeyboardTrackedTimeSpent: 0 quickActionsMenuActivations: 0 quickActionsMenuTimeSpent: 0 quickActionsMenuSessionLengths: [] quickActionsMenuSelections: {} handTrackingOptIn: 0 handTrackingAutoTransition: 1
07-17 21:36:00.748  4419 24406 I JniUtils: ovr_GetCurrentPackageSignature 
07-17 21:36:00.748  2041  2680 I [SEO] VrPlatformOpenXr: xrPollEvent: received XR_TYPE_EVENT_DATA_REFERENCE_SPACE_CHANGE_PENDING event
07-17 21:36:00.750  4419 24406 I Metrics : device name = Oculus Quest 2
07-17 21:36:00.752  1290 24303 I AADT    : SetAADTLutDataX. Thread. SizeX: 130
07-17 21:36:00.752  1290 24303 I AADT    : LAYER_PROGRAM_OPTION_AADT_1D_LUT lut's CREATED
07-17 21:36:00.752  1290 24303 I chatty  : uid=10036(com.oculus.systemdriver) OVR::TimeWarp identical 1 line
07-17 21:36:00.752  1290 24303 I AADT    : LAYER_PROGRAM_OPTION_AADT_1D_LUT lut's CREATED
07-17 21:36:00.752  1290 24303 I AADT    : SetAADTLutDataY. Thread. SizeY: 65
07-17 21:36:00.752  1290 24303 I AADT    : LAYER_PROGRAM_OPTION_AADT_1D_LUT lut's CREATED
07-17 21:36:00.752  1290 24303 I CompositorVR: Global CAC is enabled (0x5)
07-17 21:36:00.753   759   759 D SurfaceFlinger: CAC state changed to 5
07-17 21:36:00.756   747   982 I SDM     : HWDeviceDRM::UpdateMixerAttributes: Mixer WxH 1920x1832-1 for Virtual
07-17 21:36:00.756   747   982 I SDM     : HWVirtualDRM::SetDisplayAttributes: New WB Resolution: 1920x1832 cur_mode_index 5
07-17 21:36:00.756  2903  2990 I GuardianSystem: runtimeServiceSDKClient_.ForceShowGuardianEvent
07-17 21:36:00.756   747   982 I SDM     : DisplayVirtual::SetActiveConfig: Virtual display resolution changed to[1920x1832]
07-17 21:36:00.756  2903  2990 I GuardianSystem: ForceShowGuardian: false, 0.00
07-17 21:36:00.756   747   982 I SDM     : DisplayBase::SetFrameBufferConfig: New framebuffer resolution (1920x1832)
07-17 21:36:00.756   747   982 I SDM     : HWCDisplay::SetFrameBufferConfig: New framebuffer resolution (1920x1832)
07-17 21:36:00.758  4419 24403 I InputDevice_TrackedRemote: REMOTE: Hand=1 IndexAnalog=0.00 GripAnalog=0.00 Buttons=0x00000000
07-17 21:36:00.758  4419 24403 I InputDevice_TrackedRemote: REMOTE: Hand=2 IndexAnalog=0.00 GripAnalog=0.00 Buttons=0x00000000
07-17 21:36:00.758  1053  1065 I system_server: Background young concurrent copying GC freed 88611(4942KB) AllocSpace objects, 97(3060KB) LOS objects, 36% free, 13MB/21MB, paused 1.579ms total 190.558ms
07-17 21:36:00.759  2016  2179 W OVRLibrary: null cursor received for query content://com.oculus.ocms.library/apps/com.oculus.xrstreamingclient
07-17 21:36:00.759  1290  2651 I PerformanceManager_V0: SetClockLevels: Apply pending clock request change: -1,-1 -> 2,2
07-17 21:36:00.760  1290  2646 I Clocks  : ReleaseClocks - start
07-17 21:36:00.760  1290  2646 I Clocks  : ReleaseClocks - end (0.7 ms)
07-17 21:36:00.760  1290  2646 I Clocks  : LockClocks( cpu=2, gpu=2 ) - start
07-17 21:36:00.761 11216 11259 W ipcLoader_static: RuntimeIPC: Loader: ipc_GetTimestamp was called but missing from vtable!
07-17 21:36:00.761 11216 11259 W ipcLoader_static: RuntimeIPC: Loader: ipc_IsThisRpcSampled was called but missing from vtable!
07-17 21:36:00.762  1053  1095 I libprocessgroup: Successfully killed process cgroup uid 10078 pid 24045 in 137ms
07-17 21:36:00.762  1290 24303 I TimeWarpProgs: loaded binary layerProgram 0:0x4040087:0x0 in 1.1 ms
07-17 21:36:00.762  4419  4443 I xrstreamingclient: AudioRecorder: start()
07-17 21:36:00.763   705  3294 D msm8974_platform: platform_split_snd_device: snd_device(22) num devices(1) new_snd_devices(0)
07-17 21:36:00.763  1290 24303 I TimeWarpProgs: loaded binary layerProgram 0:0x100000048086:0x0 in 0.8 ms
07-17 21:36:00.763   705  3294 D ACDB-LOADER: ACDB -> send_audvoltable
07-17 21:36:00.763   705  3294 D ACDB-LOADER: ACDB -> ACDB_CMD_GET_AUDPROC_INSTANCE_GAIN_DEP_STEP_TABLE_SIZE
07-17 21:36:00.763   705  3294 D         : Failed to fetch the lookup information of the device 0000000F 
07-17 21:36:00.763   705  3294 D ACDB-LOADER: Error: ACDB_CMD_GET_AUDPROC_INSTANCE_GAIN_DEP_STEP_TABLE_SIZE Returned = -19
07-17 21:36:00.763   705  3294 D ACDB-LOADER: ACDB -> ACDB_CMD_GET_AUDPROC_INSTANCE_GAIN_DEP_STEP_TABLE, vol index 1
07-17 21:36:00.763   705  3294 D         : Failed to fetch the lookup information of the device 0000000F 
07-17 21:36:00.763   705  3294 D ACDB-LOADER: Error: ACDB AudProc vol returned = -19
07-17 21:36:00.763   705  3294 D ACDB-LOADER: ACDB -> AUDIO_SET_VOL_CAL cal type = 40
07-17 21:36:00.763   705  3294 D msm8974_platform: platform_split_snd_device: snd_device(22) num devices(1) new_snd_devices(0)
07-17 21:36:00.763   705  3294 D ACDB-LOADER: ACDB -> send_audvoltable
07-17 21:36:00.763   705  3294 D ACDB-LOADER: ACDB -> ACDB_CMD_GET_AUDPROC_INSTANCE_GAIN_DEP_STEP_TABLE_SIZE
07-17 21:36:00.763  1290  2646 I Clocks  : CPU levels [0, 4]
07-17 21:36:00.763   705  3294 D         : Failed to fetch the lookup information of the device 0000000F 
07-17 21:36:00.763  1290  2646 I Clocks  : GPU levels [0, 5]
07-17 21:36:00.763   705  3294 D ACDB-LOADER: Error: ACDB_CMD_GET_AUDPROC_INSTANCE_GAIN_DEP_STEP_TABLE_SIZE Returned = -19
07-17 21:36:00.763   705  3294 D ACDB-LOADER: ACDB -> ACDB_CMD_GET_AUDPROC_INSTANCE_GAIN_DEP_STEP_TABLE, vol index 10
07-17 21:36:00.763   705  3294 D         : Failed to fetch the lookup information of the device 0000000F 
07-17 21:36:00.763   705  3294 D ACDB-LOADER: Error: ACDB AudProc vol returned = -19
07-17 21:36:00.763   705  3294 D ACDB-LOADER: ACDB -> AUDIO_SET_VOL_CAL cal type = 40
07-17 21:36:00.764  1290  2646 I Clocks  : LockClocks( cpu=2, gpu=2 ) - end (3.3 ms)
07-17 21:36:00.765  2016  2016 E OVRMediaServiceManager: LivestreamingManager Not initialized
07-17 21:36:00.766 11216 11216 W VRLifecycleManager: onHeadsetMounted
07-17 21:36:00.772   705  3294 D audio_hw_primary: in_set_parameters: enter: kvpairs=bottom=;input_source=7;routing=-2147483644
07-17 21:36:00.773   705 16828 I audio_hw_primary: start_input_stream: enter: stream(0xec4d4000)usecase(22: audio-record)
07-17 21:36:00.773   705 16828 I audio_hw_primary: select_devices for use case (audio-record)
07-17 21:36:00.773   705 16828 I msm8974_platform: platform_check_and_set_capture_codec_backend_cfg:txbecf: afe: bitwidth 16, samplerate 24000, channel 1 format 1, backend_idx 8 usecase = 22 device (handset-mic-aec-ns)
07-17 21:36:00.773   705 16828 I msm8974_platform: platform_check_capture_codec_backend_cfg:txbecf: afe: Codec selected backend: 8 current bit width: 16 and sample rate: 24000, channels 1 format 1
07-17 21:36:00.773   705 16828 W msm8974_platform: platform_get_backend_index:napb: Invalid device - 0 
07-17 21:36:00.773   705 16828 I msm8974_platform: platform_check_capture_codec_backend_cfg:txbecf: afe: current backend bit_width 16 sample_rate 48000 channels 1, format 0
07-17 21:36:00.773   705 16828 I msm8974_platform: platform_check_capture_codec_backend_cfg:txbecf: afe: Codec backend needs to be updated. new bit width: 16 new sample rate: 24000 new channel: 1 new format: 1
07-17 21:36:00.773   705 16828 I msm8974_platform: platform_set_codec_backend_cfg:becf: afe: bitwidth 16, samplerate 24000 channels 1 format 1, backend_idx 8 device (handset-mic-aec-ns)
07-17 21:36:00.775   705 16828 E msm8974_platform: platform_set_codec_backend_cfg:becf: afe: Could not get ctl for mixer command - SLIM_0_TX SampleRate
07-17 21:36:00.775   705 16828 D audio_hw_primary: check_usecases_capture_codec_backend:becf: force routing 0
07-17 21:36:00.775   705 16828 D hardware_info: hw_info_append_hw_type : device_name = handset-mic-aec-ns
07-17 21:36:00.775   705 16828 D msm8974_platform: platform_split_snd_device: snd_device(134) num devices(0) new_snd_devices(0)
07-17 21:36:00.775   705 16828 D audio_hw_primary: enable_snd_device: snd_device(134: handset-mic-aec-ns)
07-17 21:36:00.775   705 16828 D audio_route: Apply path: handset-mic-aec-ns
07-17 21:36:00.786   742   742 W HwBinder:742_2: type=1400 audit(0.0:206): avc: denied { getattr } for path="/proc/871" dev="proc" ino=169271 scontext=u:r:hal_oculus_sensors:s0 tcontext=u:r:mrsystemservice:s0 tclass=dir permissive=0
07-17 21:36:00.786  4419  4491 D xrstreamingclient: Quest 2 device - opening vsync_event
07-17 21:36:00.786  4419  4443 I ClientInputSettings: InhibitHandleHomeKeyFull = true
07-17 21:36:00.786  4419  4443 I ClientInputInterface: SetInhibitHandleHomeKeyFull 1 for process com.oculus.xrstreamingclient 4419
07-17 21:36:00.786  4419  4443 D xrstreamingclient:     vrapi_SetPropertyInt(VRAPI_INHIBIT_HANDLE_HOMEKEY_FULL, 1)
07-17 21:36:00.786  4419  4491 D xrstreamingclient: Starting with vsync 13605725824440
07-17 21:36:00.786  4419  4491 E OsSdk   : Couldn't find ControllerInput version 3eb
07-17 21:36:00.786  4419  4443 I ipcLoader_static: RuntimeIPC: Loader: IPC Service API Loader Version: 28 Apr 11 2022 10:53:34
07-17 21:36:00.786  4419  4443 I RuntimeIPCApi: ipc_Initialize
07-17 21:36:00.786  4419  4443 I RuntimeIPCServiceClient: Init: Already initialized: com.oculus.xrstreamingclient, 6
07-17 21:36:00.786   873 11391 W TrackingService: attachClient: found client in attached list
07-17 21:36:00.786   871  4558 D RuntimeIPCServerMgr: RegisterClient: Client: com.oculus.xrstreamingclient:com.oculus.xrstreamingclient:4419, Server: native_process.system:/system/bin/mrsystemservice (MrSystemServiceIPCServer)
07-17 21:36:00.787   871  4558 I IPCSharedMemory: CreateSharedMemory: Allocated shared memory fd 45 (ipcStateReadWrite)
07-17 21:36:00.787   873 11391 D TrackingService: getSharedMemory: com.oculus.xrstreamingclient, Controller
07-17 21:36:00.787   871  4558 I IPCSharedMemory: CreateSharedMemory: Allocated shared memory fd 46 (ipcReadOnlyState)
07-17 21:36:00.787   871  4558 I RuntimeIPCServerMgr: Event buffer size (server): 8192
07-17 21:36:00.787   871  4558 I IPCSharedMemory: CreateSharedMemory: Allocated shared memory fd 48 (ipcEventBuffer)
07-17 21:36:00.788  2016  2016 W OVRLibrary: null cursor received for query content://com.oculus.ocms.library/apps/com.oculus.xrstreamingclient
07-17 21:36:00.788   871  4558 I IPCSharedMemory: CreateSharedMemory: Allocated shared memory fd 49 (ipcEventBuffer_Private)
07-17 21:36:00.788  4419  4491 E OsSdk   : Couldn't find ControllerInput version 3eb
07-17 21:36:00.788   871  4558 I RuntimeIPCServerMgr: HandleClientConnect SUCCESS: Client: com.oculus.xrstreamingclient:com.oculus.xrstreamingclient:4419, Server: native_process.system:/system/bin/mrsystemservice (MrSystemServiceIPCServer)
07-17 21:36:00.788   871 24409 I [CT]    : MIXEDREALITY: MrSystemServiceIPCServer: Client Connected: 2097168029/com.oculus.xrstreamingclient/com.oculus.xrstreamingclient:4419
07-17 21:36:00.788   871 24409 I [CT]    : MIXEDREALITY: MrClientsStatusSupport: MRSS onClientConnected: 2097168029/com.oculus.xrstreamingclient/com.oculus.xrstreamingclient
07-17 21:36:00.788   871 24409 I [CT]    : MIXEDREALITY: ClientsStatus: ====== Connected clients ======
07-17 21:36:00.788   871 24409 I [CT]    : MIXEDREALITY: ClientsStatus: Client: 3505273617/com.oculus.mrservice/com.oculus.mrservice
07-17 21:36:00.788   871 24409 I [CT]    : MIXEDREALITY: ClientsStatus:    [Passthrough] -> Destroyed
07-17 21:36:00.788   871 24409 I [CT]    : MIXEDREALITY: ClientsStatus:    [Freespace] -> Destroyed
07-17 21:36:00.788   871 24409 I [CT]    : MIXEDREALITY: ClientsStatus: ===============================
07-17 21:36:00.788   871 24409 I [CT]    : MIXEDREALITY: ClientsStatus: Registration from 2097168029/com.oculus.xrstreamingclient/com.oculus.xrstreamingclient accepted.
07-17 21:36:00.789  4419  4491 E OsSdk   : Couldn't find ControllerInput version 3eb
07-17 21:36:00.791  4419  4491 E OsSdk   : Couldn't find ControllerInput version 3eb
07-17 21:36:00.792   871  4558 I RuntimeIPCServerMgr: GetServerStatesConfig -> {MaxBufferSize=32768, MaxEntries=64}
07-17 21:36:00.792  4419  4443 I RuntimeIPCClientMgr: GetServerStatesConfig returned maxEntries=64, maxBuffSize=32768
07-17 21:36:00.792  4419  4443 I RuntimeIPCClientMgr: Event buffer size (client): 8192
07-17 21:36:00.792  4419  4443 I RuntimeIPCClientMgr: TryToGetIPCResourcesFromServer: RPC_CONNECTOR_CONNECT_TO_SERVER SUCCESS: Client: com.oculus.xrstreamingclient:com.oculus.xrstreamingclient:4419, Server: native_process.system:/system/bin/mrsystemservice (MrSystemServiceIPCServer)
07-17 21:36:00.792  4419  4443 I RuntimeIPCClientMgr: EnsureServerConnection: SUCCESS. Client: com.oculus.xrstreamingclient:com.oculus.xrstreamingclient:4419, Server: native_process.system:/system/bin/mrsystemservice (MrSystemServiceIPCServer)
07-17 21:36:00.792  4419  4443 I RuntimeIPCClientMgr: ConnectToServer: SUCCESS: Client: com.oculus.xrstreamingclient:com.oculus.xrstreamingclient:4419, Server: native_process.system:/system/bin/mrsystemservice (MrSystemServiceIPCServer)
07-17 21:36:00.792  4419  4443 W REFLECT : RuntimeIPC: DeferredConnectEvent not valid: 0, 38
07-17 21:36:00.792  4419  4443 I [CT]    : MIXEDREALITY: MrSystemServiceClientBase: MrSystemServiceIPCClient initialized successfully.
07-17 21:36:00.792  4419  4443 I [CT]    : MIXEDREALITY: MrSystemServiceClientBase: getSharedMemory: Trying to establish shared memory with MrSystemService
07-17 21:36:00.792   871 24409 I [CT]    : MIXEDREALITY: MrSystemServiceIPCServer: MrSystemServiceIPCServer::MrGetSharedMemory
07-17 21:36:00.793  4419  4491 E OsSdk   : Couldn't find ControllerInput version 3eb
07-17 21:36:00.795  4419  4443 I [CT]    : MIXEDREALITY: MrSystemServiceClientBase: MrGetSharedMemory: IPCCall result: true.
07-17 21:36:00.795  4419  4443 I [CT]    : MIXEDREALITY: MrSystemServiceClientBase: getSharedMemory: SyncPrimitives: 0x7af7ef0000 356
07-17 21:36:00.795  4419  4443 I [CT]    : MIXEDREALITY: MrSystemServiceClientBase: getSharedMemory: SharedData: 0x7a44eff000 219416
07-17 21:36:00.795  4419  4443 I [CT]    : MIXEDREALITY: MrSystemServiceClientBase: getSharedMemory: success. MrSystemService Client id=38 obtained shared memory.
07-17 21:36:00.795  4419  4491 E OsSdk   : Couldn't find ControllerInput version 3eb
07-17 21:36:00.795   871 24409 I [CT]    : MIXEDREALITY: MrSystemServiceIPCServer: MrSystemServiceIPCServer::ChangeMrCapabilityStatus from 2097168029, request was 5/1
07-17 21:36:00.795   871 24409 I [CT]    : MIXEDREALITY: MrRuntimeCompute: onStart: Streaming.
07-17 21:36:00.795   871 24409 I [CT]    : MR:Capability: Streaming capability: start received from 2097168029
07-17 21:36:00.795   871 24409 I [CT]    : MIXEDREALITY: MrRuntimeCompute: onResume: Resuming Stereo Pipeline.
07-17 21:36:00.795   871 24409 I [CT]    : MIXEDREALITY: MrRuntimeCompute: Refreshing online calibration.
07-17 21:36:00.795   871 24409 I [CT]    : MIXEDREALITY: ServiceLogic: sendMrEngine: Resume
07-17 21:36:00.795   742  1006 E libosutils: failed to get real path of file /proc/871/cmdline, err: Permission denied
07-17 21:36:00.797  4419  4491 E OsSdk   : Couldn't find ControllerInput version 3eb
07-17 21:36:00.798   742  1006 I FrameSetDispatcher: [HEADSET] Client thread started
07-17 21:36:00.798   742  1006 E FrameSetDispatcher: [HEADSET] Frame Count Requirement violated: number of streaming clients: 4, maximum number of FrameSets: 4
07-17 21:36:00.798   742  1006 I CameraClientManager: [HEADSET] Added client - started clients: 4
07-17 21:36:00.811  4419  4491 I chatty  : uid=10046(com.oculus.xrstreamingclient) XRS_Pose identical 8 lines
07-17 21:36:00.813  4419  4491 E OsSdk   : Couldn't find ControllerInput version 3eb
07-17 21:36:00.813  1653  1653 D OculusNotificationListenerService: Notification posted: 0|com.oculus.horizon|135234|null|10055
07-17 21:36:00.815  4419  4491 E OsSdk   : Couldn't find ControllerInput version 3eb
07-17 21:36:00.816  3133  3133 D [SUI] NotificationBroadcastReceiver: action: com.oculus.intent.action.NOTIF_CHANGE
07-17 21:36:00.817  4419  4491 E OsSdk   : Couldn't find ControllerInput version 3eb
07-17 21:36:00.817  1900  1900 D VrNotificationAnalytics: logNotificationPosted: key(0|com.oculus.horizon|135234|null|10055), type(first_party_unspecified), isToast(false)
07-17 21:36:00.819  4419  4491 E OsSdk   : Couldn't find ControllerInput version 3eb
07-17 21:36:00.819  1900  1900 I [OAO] VrNotificationListenerService: onNotificationPosted() - key = 0|com.oculus.horizon|135234|null|10055, type = first_party_unspecified, isToast = false, isBlocked with reason = true Blocked by does not contain all markers for a toast notification
07-17 21:36:00.819  1900  1900 D [OAO] VrBroadcastReceiver: action: com.oculus.vrshell.intent.action.NOTIFICATION_WAKE
07-17 21:36:00.820  4419  4491 E OsSdk   : Couldn't find ControllerInput version 3eb
07-17 21:36:00.821  1900  1900 D [OAO] VrNotificationService: VrNotificationService onStartCommand() Intent { cmp=com.oculus.vrshell/.VrNotificationService }
07-17 21:36:00.822  4419  4491 E OsSdk   : Couldn't find ControllerInput version 3eb
07-17 21:36:00.824  4419  4491 I chatty  : uid=10046(com.oculus.xrstreamingclient) XRS_Pose identical 1 line
07-17 21:36:00.826  4419  4491 E OsSdk   : Couldn't find ControllerInput version 3eb
07-17 21:36:00.827  4419  4481 D xrstreaming: receive ping: org 0 recv 0 xmt 92422533567300 (received at 13605773712045), offset divergence -42683
07-17 21:36:00.828  4419  4491 E OsSdk   : Couldn't find ControllerInput version 3eb
07-17 21:36:00.829  4419  4443 I [CT]    : CALIBRATION: HorizontalFlip not found. Using the default: 'false'
07-17 21:36:00.829  4419  4443 I [CT]    : CALIBRATION: VerticalFlip not found. Using the default: 'false'
07-17 21:36:00.829  4419  4443 I [CT]    : CALIBRATION: HorizontalFlip not found. Using the default: 'false'
07-17 21:36:00.829  4419  4443 I [CT]    : CALIBRATION: VerticalFlip not found. Using the default: 'false'
07-17 21:36:00.829  4419  4443 I [CT]    : CALIBRATION: HorizontalFlip not found. Using the default: 'false'
07-17 21:36:00.829  4419  4443 I [CT]    : CALIBRATION: VerticalFlip not found. Using the default: 'false'
07-17 21:36:00.829  4419  4443 I [CT]    : CALIBRATION: HorizontalFlip not found. Using the default: 'false'
07-17 21:36:00.829  4419  4443 I [CT]    : CALIBRATION: VerticalFlip not found. Using the default: 'false'
07-17 21:36:00.829  4419  4443 I [CT]    : MIXEDREALITY: CalibrationParserHelpers: deviceNameFromCalibrationJson: Hollywood
07-17 21:36:00.829  4419  4443 I [CT]    : CALIBRATION: HorizontalFlip not found. Using the default: 'false'
07-17 21:36:00.829  4419  4443 I [CT]    : CALIBRATION: VerticalFlip not found. Using the default: 'false'
07-17 21:36:00.829  4419  4443 I [CT]    : CALIBRATION: HorizontalFlip not found. Using the default: 'false'
07-17 21:36:00.829  4419  4443 I [CT]    : CALIBRATION: VerticalFlip not found. Using the default: 'false'
07-17 21:36:00.829  4419  4443 I [CT]    : CALIBRATION: HorizontalFlip not found. Using the default: 'false'
07-17 21:36:00.829  4419  4443 I [CT]    : CALIBRATION: VerticalFlip not found. Using the default: 'false'
07-17 21:36:00.829  4419  4443 I [CT]    : CALIBRATION: HorizontalFlip not found. Using the default: 'false'
07-17 21:36:00.829  4419  4443 I [CT]    : CALIBRATION: VerticalFlip not found. Using the default: 'false'
07-17 21:36:00.829  4419  4443 I [CT]    : CALIBRATION: HorizontalFlip not found. Using the default: 'false'
07-17 21:36:00.829  4419  4443 I [CT]    : CALIBRATION: VerticalFlip not found. Using the default: 'false'
07-17 21:36:00.829  4419  4443 I [CT]    : CALIBRATION: HorizontalFlip not found. Using the default: 'false'
07-17 21:36:00.829  4419  4443 I [CT]    : CALIBRATION: VerticalFlip not found. Using the default: 'false'
07-17 21:36:00.829  4419  4443 I [CT]    : CALIBRATION: HorizontalFlip not found. Using the default: 'false'
07-17 21:36:00.829  4419  4443 I [CT]    : CALIBRATION: VerticalFlip not found. Using the default: 'false'
07-17 21:36:00.829  4419  4443 I [CT]    : CALIBRATION: HorizontalFlip not found. Using the default: 'false'
07-17 21:36:00.829  4419  4443 I [CT]    : CALIBRATION: VerticalFlip not found. Using the default: 'false'
07-17 21:36:00.830  4419  4491 E OsSdk   : Couldn't find ControllerInput version 3eb
07-17 21:36:00.831  4419  4443 I [CT]    : MIXEDREALITY: MrStreamingClientImpl: Loading calibration: loaded true, factory true
07-17 21:36:00.831  4419  4443 I [CT]    : MIXEDREALITY: MrStreamingClientImpl: MrSystemService connection (streaming client): successful.
07-17 21:36:00.831  4419  4443 I [CT]    : MIXEDREALITY: MrStreamingClientImpl: MrStreamingClientImpl successfully connected to MrSystemService.
07-17 21:36:00.831  4419  4443 I [CT]    : MIXEDREALITY: MrStreamingClientImpl: createMrStreamingClientExt: created object 0x7a9d2f8e90; requested version 1, actual created version 1.
07-17 21:36:00.831   871 24414 I [CT]    : MIXEDREALITY: ServiceLogic: Thread mrsyssvc:camera has tid 24414
07-17 21:36:00.831   871 24414 I [CT]    : MIXEDREALITY: CoreAffinity: Successfully set cpu affinity for thread 24414 to silver (0,1,2,3)
