--------- beginning of system
07-17 21:35:24.197  1053 10225 I ActivityTaskManager: START u0 {flg=0x10000000 cmp=com.YourCompany.Popular_VR/com.epicgames.unreal.SplashActivity} from uid 2000
07-17 21:35:24.211  1053  1171 D ConnectivityService: Blocked status changed to false for 10078(31) on netId 100
07-17 21:35:24.211  1053  2081 W ActivityManager: Package for pid 871: no process record found
07-17 21:35:24.259  1053  2081 I ActivityTaskManager: START u0 {flg=0x10000 cmp=com.YourCompany.Popular_VR/com.epicgames.unreal.GameActivity (has extras)} from uid 10078
07-17 21:35:24.307  1053 10225 E WindowManager: App trying to use insecure INPUT_FEATURE_NO_INPUT_CHANNEL flag. Ignoring
07-17 21:35:24.770  1053  1079 W ActivityTaskManager: Activity top resumed state loss timeout for ActivityRecord{7344cf9 u0 com.YourCompany.Popular_VR/com.epicgames.unreal.GameActivity t88}
07-17 21:35:24.771  1053  1079 W ActivityTaskManager: Activity pause timeout for ActivityRecord{7344cf9 u0 com.YourCompany.Popular_VR/com.epicgames.unreal.GameActivity t88}
07-17 21:35:25.009  1053  2081 E WindowManager: App trying to use insecure INPUT_FEATURE_NO_INPUT_CHANNEL flag. Ignoring
--------- beginning of tracking
07-17 21:35:25.094   873  1280 W TrackingService: attachClient: found client in attached list
07-17 21:35:27.919  1053  1868 E TaskPersister: File error accessing recents directory (directory doesn't exist?).
--------- beginning of main
07-17 21:35:44.990  2903  3569 I Telemetry: App memory usage: PSS=37MB DalvikPSS=1 MB PrivateDirty=24MB PrivateClean=5MB
07-17 21:35:44.996  4419  4502 E OsSdk   : error getting shared memory region, memory type: HeadTracker, failed with Status(-1, EX_SECURITY): 'requested shared memory region when not registered/focused'
07-17 21:35:45.119  4419  4502 E OsSdk   : error getting shared memory region, memory type: HeadTracker, failed with Status(-1, EX_SECURITY): 'requested shared memory region when not registered/focused'
07-17 21:35:45.144  4419  4492 V xrstreamingclient: batteryPercent = 100
07-17 21:35:45.162  4419  4502 E OsSdk   : error getting shared memory region, memory type: HeadTracker, failed with Status(-1, EX_SECURITY): 'requested shared memory region when not registered/focused'
07-17 21:35:45.203   873  1280 I chatty  : uid=1000(system) Binder:873_1 identical 701 lines
07-17 21:35:45.209   873  1280 W TrackingService: attachClient: found client in attached list
07-17 21:35:45.209  4419  4502 E OsSdk   : error getting shared memory region, memory type: HeadTracker, failed with Status(-1, EX_SECURITY): 'requested shared memory region when not registered/focused'
07-17 21:35:45.209   873  4417 W TrackingService: attachClient: found client in attached list
07-17 21:35:45.210  4419  4502 E OsSdk   : error getting shared memory region, memory type: AnchorTracker, failed with Status(-1, EX_SECURITY): 'requested shared memory region when not registered/focused'
07-17 21:35:45.253  4419  4502 E OsSdk   : error getting shared memory region, memory type: HeadTracker, failed with Status(-1, EX_SECURITY): 'requested shared memory region when not registered/focused'
07-17 21:35:45.397  4419  4502 E OsSdk   : error getting shared memory region, memory type: HeadTracker, failed with Status(-1, EX_SECURITY): 'requested shared memory region when not registered/focused'
07-17 21:35:45.415  4419  4489 I xrstreamingclient: AudioPlayer: NetworkMetrics: [7.252,12.592]9.880
07-17 21:35:45.435  4419  4502 E OsSdk   : error getting shared memory region, memory type: HeadTracker, failed with Status(-1, EX_SECURITY): 'requested shared memory region when not registered/focused'
07-17 21:35:45.482  4419  4502 E OsSdk   : error getting shared memory region, memory type: HeadTracker, failed with Status(-1, EX_SECURITY): 'requested shared memory region when not registered/focused'
07-17 21:35:45.495   903   903 E adbd    : failed to connect to socket 'tcp:6666': Connection refused
07-17 21:35:45.496   903   903 E adbd    : failed to connect to socket 'tcp:6666': Connection refused
07-17 21:35:45.514  4419  4502 E OsSdk   : error getting shared memory region, memory type: HeadTracker, failed with Status(-1, EX_SECURITY): 'requested shared memory region when not registered/focused'
07-17 21:35:45.729  4419  4502 E OsSdk   : error getting shared memory region, memory type: HeadTracker, failed with Status(-1, EX_SECURITY): 'requested shared memory region when not registered/focused'
07-17 21:35:45.748  4419  4481 D xrstreaming: receive ping: org 0 recv 0 xmt 92407454474200 (received at 13590694141946), offset divergence -31068
07-17 21:35:45.770  4419  4502 E OsSdk   : error getting shared memory region, memory type: HeadTracker, failed with Status(-1, EX_SECURITY): 'requested shared memory region when not registered/focused'
07-17 21:35:45.771  4419  4502 E OsSdk   : error getting shared memory region, memory type: AnchorTracker, failed with Status(-1, EX_SECURITY): 'requested shared memory region when not registered/focused'
07-17 21:35:45.811  4419  4502 E OsSdk   : error getting shared memory region, memory type: HeadTracker, failed with Status(-1, EX_SECURITY): 'requested shared memory region when not registered/focused'
07-17 21:35:46.180  4419  4502 I chatty  : uid=10046(com.oculus.xrstreamingclient) SlamAnchorMem identical 372 lines
07-17 21:35:47.498   903   903 E adbd    : failed to connect to socket 'tcp:6666': Connection refused
07-17 21:35:47.498   903   903 E adbd    : failed to connect to socket 'tcp:6666': Connection refused
07-17 21:35:49.500   903   903 E adbd    : failed to connect to socket 'tcp:6666': Connection refused
07-17 21:35:49.501   903   903 E adbd    : failed to connect to socket 'tcp:6666': Connection refused
07-17 21:35:51.503   903   903 E adbd    : failed to connect to socket 'tcp:6666': Connection refused
07-17 21:35:51.504   903   903 E adbd    : failed to connect to socket 'tcp:6666': Connection refused
07-17 21:35:53.400  1713  3002 I [CT]    : MIXEDREALITY: MrServiceView: renderIteration: (every 10 seconds), screen is: OFF, PT is: ON, ID is: OFF
07-17 21:35:53.505   903   903 E adbd    : failed to connect to socket 'tcp:6666': Connection refused
07-17 21:35:53.506   903   903 E adbd    : failed to connect to socket 'tcp:6666': Connection refused
07-17 21:35:53.600  1713  3002 I [CT]    : MIXEDREALITY: MrServiceModel: commitLayerState: (every 10 seconds), ImagesAndCompute: false, ImagesOnly: false, NoRequirement: true.
07-17 21:35:53.798  4419  4481 I chatty  : uid=10046(com.oculus.xrstreamingclient) xrsp-rt-read expire 5 lines
07-17 21:35:55.508   903   903 E adbd    : failed to connect to socket 'tcp:6666': Connection refused
07-17 21:35:55.508   903   903 E adbd    : failed to connect to socket 'tcp:6666': Connection refused
07-17 21:35:56.797   873  4417 I chatty  : uid=1000(system) Binder:873_4 identical 388 lines
07-17 21:35:56.832   873  4417 W TrackingService: attachClient: found client in attached list
07-17 21:35:56.844   742   924 I SyncBossHAL: [info   ] syncboss_hal_powerstate.c(63): Reporting powerstate event: prox_on
07-17 21:35:56.845  1053  1053 D VrPowerManagerService: processing message: sensor changed
07-17 21:35:56.845  1053  1053 I VrPowerManagerService: transition from STANDBY to HEADSET_MOUNTED
07-17 21:35:56.845  1053  1053 I PowerManagerService: Waking up from Asleep (uid=1000, reason=WAKE_REASON_UNKNOWN, details=VrPwMng:leave-standby)...
07-17 21:35:56.846  1053  1102 I DisplayPowerController: Blocking screen on until initial contents have been drawn.
07-17 21:35:56.847  1053  1102 D ActivityTaskManager: Top Process State changed to PROCESS_STATE_TOP
07-17 21:35:56.847   871  1260 D SensorClientUtils: Cancelling delayed transition to SLEEP
07-17 21:35:56.847  1053  1102 W InputReader: Device has associated, but no associated display id.
07-17 21:35:56.848  1653  3973 D VrPowerManagerClient: Headset state: 1
07-17 21:35:56.848  1653  3973 V ControllerNotifications: Headset was mounted, requesting that notifications are enabled
07-17 21:35:56.848  1653  3973 V ControllerNotifications: Queueing enable of notifications in 5000ms
07-17 21:35:56.850   873  4417 D SensorClientUtils: Cancelling delayed transition to SLEEP
07-17 21:35:56.850   873  4417 D SensorClientUtils: Received transition request to RUNNING current is SLEEP
07-17 21:35:56.850   873  4417 D SensorClientUtils: Executing transition from SLEEP to STANDBY
07-17 21:35:56.850   873  4417 D SensorClientUtils: Setting power state to STANDBY
07-17 21:35:56.850   873  1280 D SensorClientUtils: Cancelling delayed transition to SLEEP
07-17 21:35:56.850   873  1280 D SensorClientUtils: Received transition request to RUNNING current is SLEEP
07-17 21:35:56.850   873  1280 D SensorClientUtils: Executing transition from SLEEP to STANDBY
07-17 21:35:56.850   873  1280 D SensorClientUtils: Setting power state to STANDBY
07-17 21:35:56.851   705  5133 W DeviceHAL: Error from HAL Device in function get_mic_mute: Function not implemented
07-17 21:35:56.851   705  5133 W DeviceHAL: Error from HAL Device in function get_mic_mute: Function not implemented
07-17 21:35:56.852   705  5133 D audio_hw_primary: adev_set_mic_mute state 0
07-17 21:35:56.852   705  5133 W DeviceHAL: Error from HAL Device in function set_mic_mute: Function not implemented
07-17 21:35:56.852   871  1260 D SensorClientUtils: Received transition request to RUNNING current is SLEEP
07-17 21:35:56.852   871  1260 D SensorClientUtils: Executing transition from SLEEP to STANDBY
07-17 21:35:56.852   871  1260 D SensorClientUtils: Setting power state to STANDBY
07-17 21:35:56.852   546   546 E SELinux : avc:  denied  { find } for service=power pid=871 uid=1000 scontext=u:r:mrsystemservice:s0 tcontext=u:object_r:power_service:s0 tclass=service_manager permissive=0
07-17 21:35:56.852   871  1260 I chatty  : uid=1000(system) Binder:871_1 expire 4 lines
07-17 21:35:56.852   705  5133 W DeviceHAL: Error from HAL Device in function set_mic_mute: Function not implemented
07-17 21:35:56.853  1053  7318 E AudioSystem-JNI: Command failed for android_media_AudioSystem_muteMicrophone: -38
07-17 21:35:56.853   871  1260 D SensorClientUtils: Executing transition from STANDBY to RUNNING
07-17 21:35:56.853   871  1260 D SensorClientUtils: Setting power state to RUNNING
07-17 21:35:56.853  1053  7318 W ContextImpl: Calling a method in the system process without a qualified user: android.app.ContextImpl.sendBroadcast:1057 com.android.server.audio.AudioService.setMicrophoneMuteNoCallerCheck:2891 com.android.server.audio.AudioService.setMicrophoneMute:2877 android.media.IAudioService$Stub.onTransact:1112 android.os.Binder.execTransactInternal:1021 
07-17 21:35:56.853   546   546 E SELinux : avc:  denied  { find } for service=power pid=871 uid=1000 scontext=u:r:mrsystemservice:s0 tcontext=u:object_r:power_service:s0 tclass=service_manager permissive=0
07-17 21:35:56.854  1338  1338 V AvrcpMediaPlayerList: onPlaybackConfigChanged(): Configs list size=7
07-17 21:35:56.854   830  1033 D NuPlayerDriver: NuPlayerDriver(0xeb12e6e0) created, clientPid(1053)
07-17 21:35:56.856   830  1033 I Codec2Client: Creating a Codec2 client to service "software"
07-17 21:35:56.857   830  1033 I Codec2Client: Client to Codec2 service "software" created
07-17 21:35:56.858 24045 24123 I chatty  : uid=10078(com.YourCompany.Popular_VR) expire 7 lines
07-17 21:35:56.863  1053  1102 V DisplayPowerController: Brightness [127] reason changing to: 'manual', previous reason: 'screen_off'.
07-17 21:35:56.863   873  1280 D OVRRemoteService: ControllerGlue: setting expected mode to Streaming
07-17 21:35:56.863   873  1280 D OVRRemoteService: ControllerGlue: Setting current mode to Streaming
07-17 21:35:56.863   873  1280 D OVRRemoteService: ControllerGlue: leave mode Disabled
07-17 21:35:56.863   873  1280 D OVRRemoteService: ControllerGlue: Setting mode to Streaming
07-17 21:35:56.863   873  1280 D OVRRemoteService: ControllerGlue: enter mode Streaming
07-17 21:35:56.864   742  1006 I SyncBossHAL: [info   ] syncboss_hal_impl_android_driver.c(457): Failed to read system property vendor.syncbosshal.uart_path. Using default "/dev/ttyHS14".
07-17 21:35:56.865 24045 24045 I chatty  : uid=10078(com.YourCompany.Popular_VR) expire 12 lines
07-17 21:35:56.865   830 24224 D GenericSource: FileSource remote
07-17 21:35:56.869   759   759 D SurfaceFlinger: Setting power mode 2 on display 19261214226499457
07-17 21:35:56.869  1053  1079 I DisplayManagerService: Display device changed state: "Built-in Screen", ON
07-17 21:35:56.869   742  1006 I SyncBossHAL: [info   ] syncboss_hal_impl_android_driver.c(575): Starting logging thread from UART path /dev/ttyHS14
07-17 21:35:56.870   742  1006 D SensorService: ControllerProvider: acquiring StreamingSession
07-17 21:35:56.873   742  1006 D SensorService: SyncbossEventHandler: starting all streams
07-17 21:35:56.873   742 24230 D SensorService: SyncbossEventHandler::producerThreadFunc() start
07-17 21:35:56.873   742 24230 W SensorService: Data for sensor type HMD_IMU dropped because of failure to update clock drift from vsync. 1 drops in the last 0s.
07-17 21:35:56.874   873  1042 I TrackingService: [ vision_manager] SLEEP -> STANDBY transition time: 10 ms
07-17 21:35:56.874   873  1042 I TrackingService: [            iad] SLEEP -> STANDBY transition time: 0 ms
07-17 21:35:56.874   873  1042 I chatty  : uid=1000(system) StateHandler expire 162 lines
07-17 21:35:56.874   747   982 I SDM     : DisplayBase::SetDisplayState: Set state = 1, display 29-0, teardown = 0
07-17 21:35:56.875   873 17170 W TrackingService: attachClient: found client in attached list
07-17 21:35:56.876   873 11384 W TrackingService: attachClient: found client in attached list
07-17 21:35:56.877  4419  4502 I chatty  : uid=10046(com.oculus.xrstreamingclient) SlamAnchorMem expire 34 lines
07-17 21:35:56.877   742  1006 I SyncBossHAL: [info   ] syncboss_hal_impl_input.c(277): No pulsar frequency blocklist set
07-17 21:35:56.877   742  1006 I SyncBossHAL: [info   ] syncboss_hal_impl_input.c(304): No AFH behavior specified, enabled by default
07-17 21:35:56.877   742  1006 I SyncBossHAL: [info   ] syncboss_hal_impl_input.c(344): Input device auto-whitelisting disabled
07-17 21:35:56.877   742 24226 I SyncBossFW: 13598472 [info   ] {APPI}: Enabling display timestamping
07-17 21:35:56.882   742  1006 D SensorService: ControllerProvider: acquiring StreamingClient impl; approx # alive: 1
07-17 21:35:56.882   742  1006 D libsensorscommon: ControllerProvider: acquiring StreamingClient hidl
07-17 21:35:56.883   873  1280 D OVRRemoteService: [controller] SLEEP -> STANDBY
07-17 21:35:56.883   873 24237 D OVRRemoteService: processStateChange([PairedControllerInfo JEDI a9a80a0e7fafaba7 disconnected mcnt=0])
07-17 21:35:56.883   873  1280 D SensorClientUtils: Executing transition from STANDBY to RUNNING
07-17 21:35:56.883   873  1280 D SensorClientUtils: Setting power state to RUNNING
07-17 21:35:56.883   873 24237 D OVRRemoteService: processStateChange([PairedControllerInfo JEDI bddc7818b2a8dd03 disconnected mcnt=0])
07-17 21:35:56.883   873  1280 D OVRRemoteService: [controller] STANDBY -> RUNNING
07-17 21:35:56.883   742 24226 I SyncBossFW: 13598476 [info   ] {WIHO}: Pulsar device auto-whitelisting disabled
07-17 21:35:56.883   742 24226 I SyncBossFW: 13598477 [info   ] {APPI}: Starting input
07-17 21:35:56.884  1053  1102 I DisplayPowerController: Unblocked screen on after 38 ms
07-17 21:35:56.886   742 24227 D SensorService: Syncboss input a9a80a0e7fafaba7 hardware type 4, subtype 1, revision 
07-17 21:35:56.886   742 24227 I SensorService: preparePairedControllerInfo is adding device with valid 1
07-17 21:35:56.886   742 24227 D SensorService: Syncboss input bddc7818b2a8dd03 hardware type 4, subtype 2, revision 
07-17 21:35:56.886   742 24227 I SensorService: preparePairedControllerInfo is adding device with valid 1
07-17 21:35:56.887   742 24227 D SensorService: stateChangeNotifierFunc(): Reporting controller info. Change token: 81, paired=2 connected=0
07-17 21:35:56.887   873 24237 D OVRRemoteService: processStateChange([PairedControllerInfo JEDI a9a80a0e7fafaba7 disconnected update-required mcnt=0])
07-17 21:35:56.887   873 24237 D OVRRemoteService: processStateChange([PairedControllerInfo JEDI bddc7818b2a8dd03 disconnected update-required mcnt=0])
07-17 21:35:56.887   873  1042 I TrackingService: [           bolt] SLEEP -> STANDBY transition time: 13 ms
07-17 21:35:56.887   830 24223 I GenericSource: start
07-17 21:35:56.887  1338  1338 V AvrcpMediaPlayerList: onPlaybackConfigChanged(): Configs list size=7
07-17 21:35:56.892  1290  1290 D VrRuntimeService: Received broadcast: com.oculus.intent.action.MOUNT_STATE_CHANGED
07-17 21:35:56.892  1290  1290 D VrRuntimeService: mounted state: true
07-17 21:35:56.892  1290  1290 I VrRuntimeService: nativeScreenStateChanged to on
07-17 21:35:56.892  1290  1290 I VrRuntimeService: Service entering RUNNING Mode
07-17 21:35:56.892  1290  1290 I VrRuntimeService: Resetting vsync state
07-17 21:35:56.892  1290  1290 I VrRuntimeServer: RuntimeServer: Resuming operation
07-17 21:35:56.892  1290  1290 I TelemetryServer: StartTelemetryServer start
07-17 21:35:56.892  3133  3133 D [SUI] AnytimeUIBroadcastReceiver: action: com.oculus.intent.action.MOUNT_STATE_CHANGED
07-17 21:35:56.892  1290  1290 I TelemetryServer: StartTelemetryServer end - 0.07ms
07-17 21:35:56.893  1290  1290 I Distortion: SetLensPositions - iad=0.063, left offset=0.000250001,0, right offset=-0.000250001,0
07-17 21:35:56.893  1290  1290 I Distortion: SetLensPositions - iad=0.063, left offset=0.000250001,0, right offset=-0.000250001,0
07-17 21:35:56.893  1290  1290 I CompositorVR: ---------------- CompositorVR() ----------------
07-17 21:35:56.893  1290  1290 I CompositorVR: ForceChroma on
07-17 21:35:56.893  1290  1290 I CompositorVR: CheckDebuggerConnected: debugger 0
07-17 21:35:56.893  1290  1290 I CompositorVR: warpMeshClipMode = 1
07-17 21:35:56.893  1290  1290 I CompositorVR: colorScale: 1.000000 1.000000 1.000000
07-17 21:35:56.894  2041  2041 D [SEO] BaseOverlayService: screenStateReceiver Received broadcast: com.oculus.intent.action.MOUNT_STATE_CHANGED
07-17 21:35:56.894  1900  1900 D [OAO] BaseOverlayService: screenStateReceiver Received broadcast: com.oculus.intent.action.MOUNT_STATE_CHANGED
07-17 21:35:56.895  1900  1900 D [OAO] ShellOverlayService: onMountStateChanged: true
07-17 21:35:56.895  1900  1900 I [OAO] ShellOverlayServiceJNI: NativeSendOverlayCommand
07-17 21:35:56.895  1900  1900 I [OAO] ShellOverlayServiceJNI: NativeWake
07-17 21:35:56.895  1900  1900 I [OAO] ShellOverlayMain: WakeVrThread
07-17 21:35:56.895  1900  1900 I [OAO] ShellOverlayMain: WakeVrThread - notifying vr thread
07-17 21:35:56.895  1713  1713 I [CT]    : MIXEDREALITY: MrService: MountStateChanged: true
07-17 21:35:56.896  1900  2853 I [OAO] ShellOverlayApp: VrThread woke up
07-17 21:35:56.896  1900  2853 I [OAO] ShellOverlayApp: 0xbff49bd0 msg: overlayCommand:
07-17 21:35:56.896  1900  2853 I [OAO] ShellOverlayApp: command = mountStateChanged
07-17 21:35:56.896  1900  2853 I [OAO] ShellOverlayApp: state = 1
07-17 21:35:56.896  1900  2853 I [OAO] ShellOverlayApp: Process_OverlayCommand command : mountStateChanged
07-17 21:35:56.896  1900  2853 I [OAO] ShellOverlayApp: mountStateChanged message received
07-17 21:35:56.896  1900  2853 I [OAO] ShellOverlayApp: ResolveDeviceState: change from Sleep to Awake
07-17 21:35:56.896  1900  2853 D [OAO] ShellApplication: ShellApplication isDeviceLocked
07-17 21:35:56.897  1900  2853 D DeviceHelper: isDeviceLocked = false
07-17 21:35:56.897  1290  1290 W CompositorVR: GetNightShiftWhitePoint: night_shift_activated is not set
07-17 21:35:56.897  1900  2853 I [OAO] ShellOverlayApp: ResolveDeviceState: checking device lock status : 0
07-17 21:35:56.897  1900  2853 I [OAO] ShellOverlayApp: ResolveDeviceState: isWakingOrUnlockingIntoWake : 1
07-17 21:35:56.897  1900  2853 I [OAO] ShellOverlayApp: ResolveDeviceState: interactionState : None
07-17 21:35:56.897  1900  2853 I [OAO] ShellOverlayApp: Start sleep timeout. Now:13601.843102, Timeout:13603.843102
07-17 21:35:56.897  1290  1290 I Vsync   : ---------------- Vsync::Init ----------------
07-17 21:35:56.897  1290  1290 I Vsync   : Adjusting vsync display refresh rate 72.000000 -> 72.000000
07-17 21:35:56.898 11216 11216 W VRLifecycleManager: onHeadsetMounted
07-17 21:35:56.902  1053  1053 W UsageStatsService: Event reported without a package name, eventType:15
07-17 21:35:56.912   697   697 D Zygote  : Forked child process 24247
07-17 21:35:56.916   754  1025 D AF::RecordHandle: OpRecordAudio: track:108 uid:10046 pkg:com.oculus.xrstreamingclient usage:0 muted
07-17 21:35:56.917   754  1026 D AF::TrackHandle: OpPlayAudio: track:57 uid:10017 pkg:com.oculus.shellenv usage:1 muted
07-17 21:35:56.917   754 18721 D AF::TrackHandle: OpPlayAudio: track:64 uid:10046 pkg:com.oculus.xrstreamingclient usage:1 muted
07-17 21:35:56.917   754   754 D AF::RecordHandle: OpRecordAudio: track:56 uid:10017 pkg:com.oculus.shellenv usage:0 muted
07-17 21:35:56.917   754 18721 D AF::TrackHandle: OpPlayAudio: track:64 uid:10046 pkg:com.oculus.xrstreamingclient usage:1 muted
07-17 21:35:56.918   873  1280 W TrackingService: attachClient: found client in attached list
07-17 21:35:56.918   754  1026 D AF::TrackHandle: OpPlayAudio: track:57 uid:10017 pkg:com.oculus.shellenv usage:1 muted
07-17 21:35:56.919   754 18721 D AF::RecordHandle: OpRecordAudio: track:56 uid:10017 pkg:com.oculus.shellenv usage:0 muted
07-17 21:35:56.919 24045 24122 I chatty  : uid=10078(com.YourCompany.Popular_VR) expire 688 lines
07-17 21:35:56.919   754  1026 D AF::RecordHandle: OpRecordAudio: track:108 uid:10046 pkg:com.oculus.xrstreamingclient usage:0 muted
07-17 21:35:56.921   754  1026 D AF::TrackHandle: OpPlayAudio: track:64 uid:10046 pkg:com.oculus.xrstreamingclient usage:1 muted
07-17 21:35:56.921   754  1026 D AF::TrackHandle: OpPlayAudio: track:64 uid:10046 pkg:com.oculus.xrstreamingclient usage:1 muted
07-17 21:35:56.922   754   754 D AF::RecordHandle: OpRecordAudio: track:108 uid:10046 pkg:com.oculus.xrstreamingclient usage:0 muted
07-17 21:35:56.923   754  1026 D AF::TrackHandle: OpPlayAudio: track:64 uid:10046 pkg:com.oculus.xrstreamingclient usage:1 muted
07-17 21:35:56.923   754 18721 D AF::TrackHandle: OpPlayAudio: track:57 uid:10017 pkg:com.oculus.shellenv usage:1 muted
07-17 21:35:56.924   754   754 D AF::RecordHandle: OpRecordAudio: track:108 uid:10046 pkg:com.oculus.xrstreamingclient usage:0 muted
07-17 21:35:56.925   754  1025 D AF::RecordHandle: OpRecordAudio: track:56 uid:10017 pkg:com.oculus.shellenv usage:0 muted
07-17 21:35:56.925   754  1026 D AF::TrackHandle: OpPlayAudio: track:64 uid:10046 pkg:com.oculus.xrstreamingclient usage:1 muted
07-17 21:35:56.925   754  1025 D AF::RecordHandle: OpRecordAudio: track:56 uid:10017 pkg:com.oculus.shellenv usage:0 muted
07-17 21:35:56.926   754   754 D AF::RecordHandle: OpRecordAudio: track:108 uid:10046 pkg:com.oculus.xrstreamingclient usage:0 muted
07-17 21:35:56.926   754  1026 D AF::TrackHandle: OpPlayAudio: track:64 uid:10046 pkg:com.oculus.xrstreamingclient usage:1 muted
07-17 21:35:56.926   754  1025 D AF::RecordHandle: OpRecordAudio: track:56 uid:10017 pkg:com.oculus.shellenv usage:0 muted
07-17 21:35:56.926   754 18721 D AF::TrackHandle: OpPlayAudio: track:57 uid:10017 pkg:com.oculus.shellenv usage:1 muted
07-17 21:35:56.926   830 24242 D CCodec  : allocate(c2.android.vorbis.decoder)
07-17 21:35:56.927   754   754 D AF::RecordHandle: OpRecordAudio: track:108 uid:10046 pkg:com.oculus.xrstreamingclient usage:0 muted
07-17 21:35:56.927   754 18721 D AF::TrackHandle: OpPlayAudio: track:57 uid:10017 pkg:com.oculus.shellenv usage:1 muted
07-17 21:35:56.927   858  1478 V C2Store : in init
07-17 21:35:56.927   858  1478 V C2Store : loading dll
07-17 21:35:56.927   754 18721 D AF::TrackHandle: OpPlayAudio: track:57 uid:10017 pkg:com.oculus.shellenv usage:1 muted
07-17 21:35:56.928   754 18721 D AF::TrackHandle: OpPlayAudio: track:57 uid:10017 pkg:com.oculus.shellenv usage:1 muted
07-17 21:35:56.928   754  1026 D AF::TrackHandle: OpPlayAudio: track:64 uid:10046 pkg:com.oculus.xrstreamingclient usage:1 muted
07-17 21:35:56.929   754   754 D AF::RecordHandle: OpRecordAudio: track:108 uid:10046 pkg:com.oculus.xrstreamingclient usage:0 muted
07-17 21:35:56.930   754  1025 D AF::RecordHandle: OpRecordAudio: track:56 uid:10017 pkg:com.oculus.shellenv usage:0 muted
07-17 21:35:56.930   830 24242 I CCodec  : Created component [c2.android.vorbis.decoder]
07-17 21:35:56.930   754  1026 D AF::TrackHandle: OpPlayAudio: track:64 uid:10046 pkg:com.oculus.xrstreamingclient usage:1 muted
07-17 21:35:56.930   830 24242 D CCodecConfig: read media type: audio/vorbis
07-17 21:35:56.930   754  1026 D AF::TrackHandle: OpPlayAudio: track:64 uid:10046 pkg:com.oculus.xrstreamingclient usage:1 muted
07-17 21:35:56.930   754   754 D AF::RecordHandle: OpRecordAudio: track:108 uid:10046 pkg:com.oculus.xrstreamingclient usage:0 muted
07-17 21:35:56.931   754  1025 D AF::RecordHandle: OpRecordAudio: track:56 uid:10017 pkg:com.oculus.shellenv usage:0 muted
07-17 21:35:56.931   754 18721 D AF::TrackHandle: OpPlayAudio: track:57 uid:10017 pkg:com.oculus.shellenv usage:1 muted
07-17 21:35:56.932   754 18721 D AF::TrackHandle: OpPlayAudio: track:57 uid:10017 pkg:com.oculus.shellenv usage:1 muted
07-17 21:35:56.932   754 18721 D AF::TrackHandle: OpPlayAudio: track:57 uid:10017 pkg:com.oculus.shellenv usage:1 muted
07-17 21:35:56.932   754  1025 D AF::RecordHandle: OpRecordAudio: track:56 uid:10017 pkg:com.oculus.shellenv usage:0 muted
07-17 21:35:56.933   830 24242 D ReflectedParamUpdater: extent() != 1 for single value type: algo.buffers.max-count.values
07-17 21:35:56.934   754  1025 D AF::TrackHandle: OpPlayAudio: track:64 uid:10046 pkg:com.oculus.xrstreamingclient usage:1 muted
07-17 21:35:56.934   830 24242 D ReflectedParamUpdater: extent() != 1 for single value type: output.subscribed-indices.values
07-17 21:35:56.934   830 24242 D ReflectedParamUpdater: extent() != 1 for single value type: input.buffers.allocator-ids.values
07-17 21:35:56.934   830 24242 D ReflectedParamUpdater: extent() != 1 for single value type: output.buffers.allocator-ids.values
07-17 21:35:56.934   830 24242 D ReflectedParamUpdater: extent() != 1 for single value type: algo.buffers.allocator-ids.values
07-17 21:35:56.935   830 24242 D ReflectedParamUpdater: extent() != 1 for single value type: output.buffers.pool-ids.values
07-17 21:35:56.935   830 24242 D ReflectedParamUpdater: extent() != 1 for single value type: algo.buffers.pool-ids.values
07-17 21:35:56.935   754  1025 D AF::RecordHandle: OpRecordAudio: track:108 uid:10046 pkg:com.oculus.xrstreamingclient usage:0 muted
07-17 21:35:56.935   754   754 D AF::RecordHandle: OpRecordAudio: track:56 uid:10017 pkg:com.oculus.shellenv usage:0 muted
07-17 21:35:56.936   754 18721 D AF::TrackHandle: OpPlayAudio: track:57 uid:10017 pkg:com.oculus.shellenv usage:1 muted
07-17 21:35:56.936   754 18721 D AF::TrackHandle: OpPlayAudio: track:64 uid:10046 pkg:com.oculus.xrstreamingclient usage:1 muted
07-17 21:35:56.937   754  1025 D AF::RecordHandle: OpRecordAudio: track:56 uid:10017 pkg:com.oculus.shellenv usage:0 muted
07-17 21:35:56.937   830 24242 I CCodecConfig: query failed after returning 7 values (BAD_INDEX)
07-17 21:35:56.937   754   754 D AF::TrackHandle: OpPlayAudio: track:57 uid:10017 pkg:com.oculus.shellenv usage:1 muted
07-17 21:35:56.937   830 24242 D CCodecConfig: c2 config diff is Dict {
07-17 21:35:56.937   830 24242 D CCodecConfig:   c2::u32 coded.bitrate.value = 64000
07-17 21:35:56.937   830 24242 D CCodecConfig:   c2::u32 input.buffers.max-size.value = 32768
07-17 21:35:56.937   830 24242 D CCodecConfig:   c2::u32 input.delay.value = 0
07-17 21:35:56.937   830 24242 D CCodecConfig:   string input.media-type.value = "audio/vorbis"
07-17 21:35:56.937   830 24242 D CCodecConfig:   string output.media-type.value = "audio/raw"
07-17 21:35:56.937   830 24242 D CCodecConfig:   c2::u32 raw.channel-count.value = 1
07-17 21:35:56.937   830 24242 D CCodecConfig:   c2::u32 raw.sample-rate.value = 48000
07-17 21:35:56.937   830 24242 D CCodecConfig: }
07-17 21:35:56.937   754 18721 D AF::RecordHandle: OpRecordAudio: track:108 uid:10046 pkg:com.oculus.xrstreamingclient usage:0 muted
07-17 21:35:56.938   754   754 D AF::TrackHandle: OpPlayAudio: track:57 uid:10017 pkg:com.oculus.shellenv usage:1 muted
07-17 21:35:56.938   754 18721 D AF::TrackHandle: OpPlayAudio: track:64 uid:10046 pkg:com.oculus.xrstreamingclient usage:1 muted
07-17 21:35:56.939   830 24242 D CCodecConfig: no c2 equivalents for durationUs
07-17 21:35:56.939   830 24242 D CCodecConfig: no c2 equivalents for csd-1
07-17 21:35:56.939   830 24242 D CCodecConfig: no c2 equivalents for channel-mask
07-17 21:35:56.939   754   754 D AF::RecordHandle: OpRecordAudio: track:56 uid:10017 pkg:com.oculus.shellenv usage:0 muted
07-17 21:35:56.939   754 18721 D AF::RecordHandle: OpRecordAudio: track:108 uid:10046 pkg:com.oculus.xrstreamingclient usage:0 muted
07-17 21:35:56.940   830 24242 D CCodecConfig: c2 config diff is   c2::u32 raw.channel-count.value = 2
07-17 21:35:56.941   830 24242 W Codec2Client: query -- param skipped: index = 1107298332.
07-17 21:35:56.941   830 24242 D CCodec  : setup formats input: AMessage(what = 0x00000000) = {
07-17 21:35:56.941   830 24242 D CCodec  :   int32_t channel-count = 2
07-17 21:35:56.941   830 24242 D CCodec  :   int32_t max-input-size = 32768
07-17 21:35:56.941   830 24242 D CCodec  :   string mime = "audio/vorbis"
07-17 21:35:56.941   830 24242 D CCodec  :   int32_t sample-rate = 48000
07-17 21:35:56.941   830 24242 D CCodec  : } and output: AMessage(what = 0x00000000) = {
07-17 21:35:56.941   830 24242 D CCodec  :   int32_t channel-count = 2
07-17 21:35:56.941   830 24242 D CCodec  :   string mime = "audio/raw"
07-17 21:35:56.941   830 24242 D CCodec  :   int32_t sample-rate = 48000
07-17 21:35:56.941   830 24242 D CCodec  :   int32_t channel-mask = 3
07-17 21:35:56.941   830 24242 D CCodec  : }
07-17 21:35:56.941   830 24242 I MediaCodec: MediaCodec will operate in async mode
07-17 21:35:56.942   754 18721 D AF::TrackHandle: OpPlayAudio: track:64 uid:10046 pkg:com.oculus.xrstreamingclient usage:1 muted
07-17 21:35:56.942   754   754 D AF::TrackHandle: OpPlayAudio: track:57 uid:10017 pkg:com.oculus.shellenv usage:1 muted
07-17 21:35:56.942   754 18721 D AF::RecordHandle: OpRecordAudio: track:108 uid:10046 pkg:com.oculus.xrstreamingclient usage:0 muted
07-17 21:35:56.943   754  1025 D AF::RecordHandle: OpRecordAudio: track:56 uid:10017 pkg:com.oculus.shellenv usage:0 muted
07-17 21:35:56.944   754  1025 D AF::TrackHandle: OpPlayAudio: track:64 uid:10046 pkg:com.oculus.xrstreamingclient usage:1 muted
07-17 21:35:56.944   830 24242 W Codec2Client: query -- param skipped: index = 1342179345.
07-17 21:35:56.944   830 24242 W Codec2Client: query -- param skipped: index = 2415921170.
07-17 21:35:56.945   754  1025 D AF::RecordHandle: OpRecordAudio: track:108 uid:10046 pkg:com.oculus.xrstreamingclient usage:0 muted
07-17 21:35:56.949   830 24242 D CCodecBufferChannel: [c2.android.vorbis.decoder#783] Created input block pool with allocatorID 16 => poolID 64 - OK (0)
07-17 21:35:56.949   858  1476 D BufferPoolAccessor: bufferpool2 0x32e85eb830 : 0(0 size) total buffers - 0(0 size) used buffers - 10/13 (recycle/alloc) - 3/12 (fetch/transfer)
07-17 21:35:56.949   858  1476 D BufferPoolAccessor: Destruction - bufferpool2 0x32e85eb830 cached: 0/0M, 0/0% in use; allocs: 13, 77% recycled; transfers: 12, 75% unfetced
07-17 21:35:56.950   830  1369 D BufferPoolAccessor: bufferpool2 0xe522a410 : 0(0 size) total buffers - 0(0 size) used buffers - 7/18 (recycle/alloc) - 10/30 (fetch/transfer)
07-17 21:35:56.950   830  1369 D BufferPoolAccessor: Destruction - bufferpool2 0xe522a410 cached: 0/0M, 0/0% in use; allocs: 18, 39% recycled; transfers: 30, 67% unfetced
07-17 21:35:56.951   830 24242 I CCodecBufferChannel: [c2.android.vorbis.decoder#783] Created output block pool with allocatorID 16 => poolID 81 - OK
07-17 21:35:56.951   830 24242 D CCodecBufferChannel: [c2.android.vorbis.decoder#783] Configured output block pool ids 81 => OK
07-17 21:35:56.951   754 18721 D AF::TrackHandle: OpPlayAudio: track:57 uid:10017 pkg:com.oculus.shellenv usage:1 muted
07-17 21:35:56.953  2016  2179 W OVRLibrary: null cursor received for query content://com.oculus.ocms.library/apps/com.oculus.systemdriver
07-17 21:35:56.954   754   754 D AF::RecordHandle: OpRecordAudio: track:56 uid:10017 pkg:com.oculus.shellenv usage:0 muted
07-17 21:35:56.955  1053  1094 W ActivityManager: Slow operation: 63ms so far, now at startProcess: returned from zygote!
07-17 21:35:56.955  1053  1094 W ActivityManager: Slow operation: 63ms so far, now at startProcess: done updating battery stats
07-17 21:35:56.956  1053  1094 W ActivityManager: Slow operation: 64ms so far, now at startProcess: building log message
07-17 21:35:56.956  1053  1094 I ActivityManager: Start proc 24247:com.oculus.assistant/u0a29 for broadcast {com.oculus.assistant/com.oculus.assistant.service.startup.WakeWordHMDMountReciever}
07-17 21:35:56.956  1053  1094 W ActivityManager: Slow operation: 64ms so far, now at startProcess: starting to update pids map
07-17 21:35:56.956  1053  1094 W ActivityManager: Slow operation: 64ms so far, now at startProcess: done updating pids map
07-17 21:35:56.960   873  1280 I chatty  : uid=1000(system) Binder:873_1 identical 1 line
07-17 21:35:56.965 24247 24247 E culus.assistan: Not starting debugger since process cannot load the jdwp agent.
07-17 21:35:56.965   754 18721 D AF::TrackHandle: OpPlayAudio: track:64 uid:10046 pkg:com.oculus.xrstreamingclient usage:1 muted
07-17 21:35:56.965   754  1025 D AF::RecordHandle: OpRecordAudio: track:56 uid:10017 pkg:com.oculus.shellenv usage:0 muted
07-17 21:35:56.965   754  1337 D AF::TrackHandle: OpPlayAudio: track:57 uid:10017 pkg:com.oculus.shellenv usage:1 muted
07-17 21:35:56.965   754  1026 D AF::RecordHandle: OpRecordAudio: track:108 uid:10046 pkg:com.oculus.xrstreamingclient usage:0 muted
07-17 21:35:56.971   858 24251 D SimpleC2Component: Using output block pool with poolID 81 => got 81 - 0
07-17 21:35:56.974  1053  1053 V MediaRouter: Selecting route: RouteInfo{ name=Phone, description=null, status=null, category=RouteCategory{ name=System types=ROUTE_TYPE_LIVE_AUDIO ROUTE_TYPE_LIVE_VIDEO  groupable=false }, supportedTypes=ROUTE_TYPE_LIVE_AUDIO ROUTE_TYPE_LIVE_VIDEO , presentationDisplay=null }
07-17 21:35:56.982   705  5133 D audio_hw_primary: adev_set_parameters: enter: screen_state=on
07-17 21:35:56.986   840   971 I PerfStream: BatteryStatsStates::activeStartEvent()
07-17 21:35:56.989  1053  1053 D VrPowerManagerService: processing message: system wakeup
07-17 21:35:56.989  1053  1053 I AutomationTest: ResumeFromSuspendTimeTests: system wakeup
07-17 21:35:56.990   873 24274 I chatty  : uid=1000(system) StateHandler expire 1 line
07-17 21:35:56.991   873 24275 I chatty  : uid=1000(system) StateHandler expire 1 line
07-17 21:35:56.992   808  3920 I RuntimeIPCService: CreateBrokerConnection: 873:native_process.system:/system/bin/trackingservice
07-17 21:35:57.002   873  1280 W TrackingService: attachClient: found client in attached list
07-17 21:35:57.003 24045 24066 I chatty  : uid=10078(com.YourCompany.Popular_VR) expire 1 line
07-17 21:35:57.003  1053  2052 D ConnectivityService: Returning UNBLOCKED NetworkInfo to uid=10078
07-17 21:35:57.004 24045 24282 I chatty  : uid=10078(com.YourCompany.Popular_VR) expire 2 lines
07-17 21:35:57.007   742 24226 I SyncBossFW: 13598602 [info   ] {APPI}: Enabling IMU
07-17 21:35:57.008   705  5133 I audio_hw_primary: getting vr mode to 0
07-17 21:35:57.009   754  1337 I AudioPolicyManagerCustom: VR mode is 0, switch to primary output if request is for fast|raw
07-17 21:35:57.009   754  1337 I AudioPolicyManagerCustom: FLAG None hence request for a primary output
07-17 21:35:57.010   754  1337 D AudioFlinger: Client defaulted notificationFrames to 12000 for frameCount 24000
07-17 21:35:57.010   754  1337 D AF::TrackHandle: OpPlayAudio: not muting track:144 flags 0xc40 have FLAG_BYPASS_INTERRUPTION_POLICY
07-17 21:35:57.011   873  1042 I TrackingService: [            iot] SLEEP -> STANDBY transition time: 123 ms
07-17 21:35:57.013   742 24226 I SyncBossFW: 13598606 [info   ] {APPI}: Enabling magnetometer
07-17 21:35:57.013   742 24226 I SyncBossFW: 13598606 [info   ] {APPI}: Enabling mag streaming.  Temperature comp enabled
07-17 21:35:57.014   705  1147 D audio_hw_primary: start_output_stream: enter: stream(0xec473000)usecase(1: low-latency-playback) devices(0x2) is_haptic_usecase(0)
07-17 21:35:57.014   705  1147 I audio_hw_primary: select_devices for use case (low-latency-playback)
07-17 21:35:57.014   705  1147 I msm8974_platform: platform_check_and_set_codec_backend_cfg:becf: afe: bitwidth 16, samplerate 48000 channels 2, backend_idx 0 usecase = 1 device (voice-speaker-stereo)
07-17 21:35:57.014   705  1147 D msm8974_platform: platform_split_snd_device: snd_device(22) num devices(1) new_snd_devices(0)
07-17 21:35:57.014   705  1147 I msm8974_platform: platform_check_and_set_codec_backend_cfg: new_snd_devices[0] is 22
07-17 21:35:57.014   705  1147 I msm8974_platform: platform_check_codec_backend_cfg:becf: afe: bitwidth 16, samplerate 48000 channels 2, backend_idx 0 usecase = 1 device (voice-speaker-stereo)
07-17 21:35:57.015   705  1147 D audio_hw_extn: audio_extn_enable_hifi_filter: mixer_value set 0
07-17 21:35:57.015   705  1147 D msm8974_platform: platform_check_codec_backend_cfg:becf: updated afe: bitwidth 16, samplerate 48000 channels 2,backend_idx 0 usecase = 1 device (voice-speaker-stereo)
07-17 21:35:57.015   705  1147 I msm8974_platform: platform_check_codec_backend_cfg:becf: afe: Codec selected backend: 0 updated bit width: 16 and sample rate: 48000
07-17 21:35:57.015   705  1147 D audio_hw_primary: check_usecases_codec_backend:becf: force routing 0
07-17 21:35:57.015   705  1147 E msm8974_platform: platform_check_backends_match: Invalid snd_device = 
07-17 21:35:57.015   705  1147 D audio_hw_primary: check_usecases_codec_backend:becf: (75) check_usecases curr device: voice-speaker-stereo, usecase device: backends match 0
07-17 21:35:57.015   705  1147 D audio_hw_primary: check_usecases_codec_backend:becf: check_usecases num.of Usecases to switch 0
07-17 21:35:57.015   705  1147 D hardware_info: hw_info_append_hw_type : device_name = voice-speaker-stereo
07-17 21:35:57.015   705  1147 D msm8974_platform: platform_split_snd_device: snd_device(22) num devices(0) new_snd_devices(0)
07-17 21:35:57.015   705  1147 D audio_hw_primary: enable_snd_device: snd_device(22: voice-speaker-stereo)
07-17 21:35:57.015   705  1147 D audio_route: Apply path: voice-speaker-stereo
07-17 21:35:57.016   873 24284 D TrackingService: starting IOT motion thread, imu batch dispatch enabled=false
07-17 21:35:57.020   705  1147 I audio_hw_utils: audio_extn_utils_update_stream_output_app_type_cfg Allowing 24 and above bits playback on speaker ONLY at default sampling rate
07-17 21:35:57.020   705  1147 D audio_hw_utils: audio_extn_utils_send_app_type_cfg: usecase->out_snd_device voice-speaker-stereo
07-17 21:35:57.020   705  1147 D msm8974_platform: platform_split_snd_device: snd_device(22) num devices(0) new_snd_devices(0)
07-17 21:35:57.020   705  1147 D audio_hw_utils: audio_extn_btsco_get_sample_rate:Not a BT SCO device, need not update sampling rate
07-17 21:35:57.020   705  1147 I audio_hw_utils: send_app_type_cfg_for_device PLAYBACK app_type 69943, acdb_dev_id 15, sample_rate 48000, snd_device_be_idx 2
07-17 21:35:57.020   705  1147 D msm8974_platform: platform_split_snd_device: snd_device(22) num devices(1) new_snd_devices(0)
07-17 21:35:57.020   705  1147 D audio_hw_utils: audio_extn_btsco_get_sample_rate:Not a BT SCO device, need not update sampling rate
07-17 21:35:57.020   705  1147 D ACDB-LOADER: ACDB -> send_audio_cal, acdb_id = 15, path = 0, app id = 0x11137, sample rate = 48000, afe_sample_rate = 48000
07-17 21:35:57.020   705  1147 D ACDB-LOADER: ACDB -> send_asm_topology
07-17 21:35:57.020   705  1147 D ACDB-LOADER: ACDB -> ACDB_CMD_GET_AUDPROC_STREAM_TOPOLOGY_ID
07-17 21:35:57.020   705  1147 D ACDB-LOADER: ACDB -> send_adm_topology
07-17 21:35:57.020   705  1147 D ACDB-LOADER: ACDB -> ACDB_CMD_GET_AUDPROC_COMMON_TOPOLOGY_ID
07-17 21:35:57.020   705  1147 D ACDB-LOADER: ACDB -> send_audtable
07-17 21:35:57.020   705  1147 D ACDB-LOADER: ACDB -> ACDB_CMD_GET_AUDPROC_INSTANCE_COMMON_TABLE_SIZE
07-17 21:35:57.021   705  1147 D ACDB-LOADER: ACDB -> ACDB_CMD_GET_AUDPROC_INSTANCE_COMMON_TABLE
07-17 21:35:57.021   705  1147 D ACDB-LOADER: ACDB -> AUDIO_SET_AUDPROC_CAL cal_type[11] acdb_id[15] app_type[69943]
07-17 21:35:57.021   705  1147 D ACDB-LOADER: ACDB -> ACDB_CMD_GET_PERSISTENT_AUDPROC_INSTANCE_COMMON_TABLE_SIZE
07-17 21:35:57.021   705  1147 D         : [Data Manager]-> No data found
07-17 21:35:57.021   705  1147 D ACDB-LOADER: Error: ACDB_CMD_GET_PERSISTENT_AUDPROC_INSTANCE_COMMON_TABLE_SIZE returned -18
07-17 21:35:57.021   705  1147 D ACDB-LOADER: ACDB -> send_audproc_persist_table -18 
07-17 21:35:57.021   705  1147 D ACDB-LOADER: Error: Invalid Audproc persist size = -18
07-17 21:35:57.021   705  1147 D ACDB-LOADER: ACDB -> send_audvoltable
07-17 21:35:57.021   705  1147 D ACDB-LOADER: ACDB -> ACDB_CMD_GET_AUDPROC_INSTANCE_GAIN_DEP_STEP_TABLE_SIZE
07-17 21:35:57.021   705  1147 D         : Failed to fetch the lookup information of the device 0000000F 
07-17 21:35:57.021   705  1147 D ACDB-LOADER: Error: ACDB_CMD_GET_AUDPROC_INSTANCE_GAIN_DEP_STEP_TABLE_SIZE Returned = -19
07-17 21:35:57.021   705  1147 D ACDB-LOADER: ACDB -> ACDB_CMD_GET_AUDPROC_INSTANCE_GAIN_DEP_STEP_TABLE, vol index 0
07-17 21:35:57.021   705  1147 D         : Failed to fetch the lookup information of the device 0000000F 
07-17 21:35:57.021   705  1147 D ACDB-LOADER: Error: ACDB AudProc vol returned = -19
07-17 21:35:57.021   705  1147 D ACDB-LOADER: ACDB -> AUDIO_SET_VOL_CAL cal type = 12
07-17 21:35:57.021   705  1147 D ACDB-LOADER: ACDB -> ACDB_CMD_GET_AUDPROC_INSTANCE_STREAM_TABLE_SIZE
07-17 21:35:57.021   705  1147 D ACDB-LOADER: ACDB -> send_audstrmtable
07-17 21:35:57.021   705  1147 D ACDB-LOADER: ACDB -> ACDB_CMD_GET_AUDPROC_INSTANCE_STREAM_TABLE
07-17 21:35:57.021   705  1147 D ACDB-LOADER: ACDB -> audstrm_cal->cal_type.cal_data.cal_size = 20
07-17 21:35:57.021   705  1147 D ACDB-LOADER: ACDB -> send_afe_topology
07-17 21:35:57.021   705  1147 D ACDB-LOADER: ACDB -> ACDB_CMD_GET_AFE_TOPOLOGY_ID
07-17 21:35:57.021   705  1147 D ACDB-LOADER: ACDB -> GET_AFE_TOPOLOGY_ID for adcd_id 15, Topology Id 112fc
07-17 21:35:57.021   705  1147 D ACDB-LOADER: ACDB -> send_afe_cal
07-17 21:35:57.021   705  1147 D ACDB-LOADER: ACDB -> ACDB_CMD_GET_AFE_INSTANCE_COMMON_TABLE_SIZE
07-17 21:35:57.021   705  1147 D         : Failed to fetch the lookup information of the device 0000000F 
07-17 21:35:57.021   705  1147 D ACDB-LOADER: Error: ACDB_CMD_GET_AFE_INSTANCE_COMMON_TABLE_SIZE Returned = -19
07-17 21:35:57.021   705  1147 D ACDB-LOADER: ACDB -> ACDB_CMD_GET_AFE_INSTANCE_COMMON_TABLE
07-17 21:35:57.021   705  1147 D         : Failed to fetch the lookup information of the device 0000000F 
07-17 21:35:57.021   705  1147 D ACDB-LOADER: Error: ACDB AFE returned = -19
07-17 21:35:57.021   705  1147 D ACDB-LOADER: ACDB -> AUDIO_SET_AFE_CAL cal_type[16] acdb_id[15]
07-17 21:35:57.021   705  1147 D ACDB-LOADER: ACDB -> send_hw_delay : acdb_id = 15 path = 0
07-17 21:35:57.021   705  1147 D ACDB-LOADER: ACDB -> ACDB_AVSYNC_INFO: ACDB_CMD_GET_DEVICE_PROPERTY
07-17 21:35:57.021   705  1147 D msm8974_platform: platform_split_snd_device: snd_device(22) num devices(0) new_snd_devices(0)
07-17 21:35:57.021   705  1147 I msm8974_platform: platform_get_custom_mtmx_params: no matching param with id 0 ip_ch 2 op_ch 2 uc_id 1 snd_dev 22
07-17 21:35:57.021   705  1147 I audio_hw_primary: enable_audio_route: apply mixer and update path: low-latency-playback
07-17 21:35:57.021   705  1147 D audio_route: Apply path: low-latency-playback
07-17 21:35:57.021   705  1147 D audio_hw_primary: select_devices: done
07-17 21:35:57.024 24247 24247 I culus.assistan: The ClassLoaderContext is a special shared library.
07-17 21:35:57.025   830 24242 D CCodecBufferChannel: [c2.android.vorbis.decoder#783] buffers after EOS ignored (0 us)
07-17 21:35:57.025   830 24242 I chatty  : uid=1013(media) /system/bin/mediaserver identical 1 line
07-17 21:35:57.025   830 24242 D CCodecBufferChannel: [c2.android.vorbis.decoder#783] buffers after EOS ignored (0 us)
07-17 21:35:57.027  2903  2990 I StateMachine: StateMachine::Update GuardianInitializationStateMachine: mountEvent -> MountedTransition_Black
07-17 21:35:57.027  2903  2990 I GuardianSystem: Headset was mounted
07-17 21:35:57.027  2903  2990 I GuardianSystem: Start pushing black after mount.
07-17 21:35:57.027  1290  2988 I VrRuntimeService: RuntimeServiceSDKServer::SetGuardianSystemState: 1762302210
07-17 21:35:57.029   754  1337 D AF::RecordHandle: OpRecordAudio: track:56 uid:10017 pkg:com.oculus.shellenv usage:0 muted
07-17 21:35:57.030   830 24240 D AudioTrack: stop(144): called with 11233 frames delivered
07-17 21:35:57.031   754   754 D AF::RecordHandle: OpRecordAudio: track:108 uid:10046 pkg:com.oculus.xrstreamingclient usage:0 muted
07-17 21:35:57.036  2041  2041 D [SEO] BaseOverlayService: screenStateReceiver Received broadcast: android.intent.action.SCREEN_ON
07-17 21:35:57.038   754  1337 D AF::RecordHandle: OpRecordAudio: track:108 uid:10046 pkg:com.oculus.xrstreamingclient usage:0 muted
07-17 21:35:57.040   754   754 D AF::RecordHandle: OpRecordAudio: track:56 uid:10017 pkg:com.oculus.shellenv usage:0 muted
07-17 21:35:57.041  1977 24285 I OSUpdateService: Intent with action system_interactive_changed
07-17 21:35:57.043   705  1147 D msm8974_platform: platform_set_channel_map mixer_ctl_name:Playback Channel Map9
07-17 21:35:57.043   705  1147 D msm8974_platform: platform_set_channel_map: set mapping(1 2 0 0 0 0 0 0) for channel:2
07-17 21:35:57.044   705  1147 D audio_hw_primary: start_output_stream: exit
07-17 21:35:57.044   705  1147 D audio_hw_primary: out_write: retry previous failed cal level set
07-17 21:35:57.044   705  1147 D msm8974_platform: platform_split_snd_device: snd_device(22) num devices(1) new_snd_devices(0)
07-17 21:35:57.045   873  1280 W TrackingService: attachClient: found client in attached list
07-17 21:35:57.050   742 24226 W SyncBossFW: 13598644 [warning] {SPTH}: [rate_lim=1000] Big IMU diff (2072082817us)
07-17 21:35:57.053 24247 24247 D UnifiedTelemetryLogger: UnifiedTelemetryLogger instance created
07-17 21:35:57.054 24247 24247 D UnifiedTelemetryLogger: binding with UnifiedTelemetryService
07-17 21:35:57.056   742   742 W HwBinder:742_2: type=1400 audit(0.0:200): avc: denied { getattr } for path="/proc/873" dev="proc" ino=133054 scontext=u:r:hal_oculus_sensors:s0 tcontext=u:r:trackingserver:s0 tclass=dir permissive=0
07-17 21:35:57.057   742 24230 W SensorService: Data for sensor type HMD_MAG dropped because of failure to update clock drift from vsync. 1 drops in the last 0s.
07-17 21:35:57.064   873  1042 I TrackingService: ConstellationTrackingGlue: setEnableExtendedDeadreckoning to false
07-17 21:35:57.064   873  1042 I TrackingService: [  constellation] SLEEP -> STANDBY transition time: 52 ms
07-17 21:35:57.064   873  1042 I TrackingService: [           hand] SLEEP -> STANDBY transition time: 0 ms
07-17 21:35:57.068   873  1042 I TrackingService: [         object] SLEEP -> STANDBY transition time: 4 ms
07-17 21:35:57.069   873  1042 I TrackingService: [     controller] SLEEP -> STANDBY transition time: 0 ms
07-17 21:35:57.069   873  1042 I TrackingService: [ExposureControl] SLEEP -> STANDBY transition time: 0 ms
07-17 21:35:57.069   742  1006 D SensorService: ControllerProvider: acquiring StreamingClient impl; approx # alive: 2
07-17 21:35:57.069   742  1006 D libsensorscommon: ControllerProvider: acquiring StreamingClient hidl
07-17 21:35:57.069   873 24237 D OVRRemoteService: processStateChange([PairedControllerInfo JEDI a9a80a0e7fafaba7 disconnected update-required mcnt=0])
07-17 21:35:57.069   873 24237 D OVRRemoteService: processStateChange([PairedControllerInfo JEDI bddc7818b2a8dd03 disconnected update-required mcnt=0])
07-17 21:35:57.069   873  4417 D TrackingService: setPowerState: STANDBY
07-17 21:35:57.069   873  4417 D SensorClientUtils: Executing transition from STANDBY to RUNNING
07-17 21:35:57.069   873  4417 D SensorClientUtils: Setting power state to RUNNING
07-17 21:35:57.069   873  1042 I TrackingService: [ vision_manager] STANDBY -> RUNNING transition time: 0 ms
07-17 21:35:57.069   873  1042 I TrackingService: [            iad] STANDBY -> RUNNING transition time: 0 ms
07-17 21:35:57.069   873  1042 I TrackingService: [           bolt] STANDBY -> RUNNING transition time: 0 ms
07-17 21:35:57.070   742  1006 E libosutils: failed to get real path of file /proc/873/cmdline, err: Permission denied
07-17 21:35:57.072   742  1006 I FrameSetDispatcher: [HEADSET] Client thread started
07-17 21:35:57.072   742  1006 I CameraClientManager: [HEADSET] Added client - started clients: 1
07-17 21:35:57.073 24247 24247 V fb-UnpackingSoSource: locked dso store /data/user/0/com.oculus.assistant/lib-assets
07-17 21:35:57.074 24247 24247 I fb-UnpackingSoSource: dso store is up-to-date: /data/user/0/com.oculus.assistant/lib-assets
07-17 21:35:57.074 24247 24247 V fb-UnpackingSoSource: releasing dso store lock for /data/user/0/com.oculus.assistant/lib-assets
07-17 21:35:57.074 24247 24247 V fb-UnpackingSoSource: locked dso store /data/user/0/com.oculus.assistant/lib-compressed
