07-17 21:35:58.855   871  3243 I [CT]    : BOLTDEPTH: BoltDepthSystem: deactivateClient: depth client 0 is deactivated.
07-17 21:35:58.855   871  3243 I [CT]    : MIXEDREALITY: MrRuntimeCompute: onStop: All capabilities are off, pausing stereo pipeline.
07-17 21:35:58.855   871  3243 I [CT]    : MIXEDREALITY: ServiceLogic: sendMrEngine: Pause
07-17 21:35:58.855   742 24375 I FrameSetDispatcher: [HEADSET] Client thread stopping
07-17 21:35:58.856   742  1006 I FrameSetDispatcher: [HEADSET] Client thread joined
07-17 21:35:58.856   742  1006 I CameraClientManager: [HEADSET] Removed client - started clients: 3
07-17 21:35:58.856   871  3243 I [CT]    : MIXEDREALITY: ServiceLogic: Thread mrsyssvc:camera has tid -1
07-17 21:35:58.858   873  4417 W TrackingService: attachClient: found client in attached list
07-17 21:35:58.859  1290 24303 I CompositorVR: SetSchedFifo( tid=3002, pol=5, pri=1 ) succeeded
07-17 21:35:58.859  4419  4502 E OsSdk   : error getting shared memory region, memory type: HeadTracker, failed with Status(-1, EX_SECURITY): 'requested shared memory region when not registered/focused'
07-17 21:35:58.859  1713  3002 I [CT]    : MIXEDREALITY: MrServiceView: renderIteration: onPause(). (b)
07-17 21:35:58.859  1713  3002 I [CT]    : MIXEDREALITY: MrRuntimeImpl: onPause, for capability 0. Target device 2.
07-17 21:35:58.859   871  3243 I [CT]    : MIXEDREALITY: MrSystemServiceIPCServer: MrSystemServiceIPCServer::ChangeMrCapabilityStatus from 3505273617, request was 0/0
07-17 21:35:58.859   871  3243 I [CT]    : MIXEDREALITY: MrRuntimeCompute: onStop: Passthrough.
07-17 21:35:58.859   871  3243 I [CT]    : MIXEDREALITY: MrRuntimeCompute: Capability is off already.
07-17 21:35:58.859  1713  3002 I [CT]    : MIXEDREALITY: MrRuntimeImpl: onPause, for capability 1. Target device 2.
07-17 21:35:58.859   871  3243 I [CT]    : MIXEDREALITY: MrSystemServiceIPCServer: MrSystemServiceIPCServer::ChangeMrCapabilityStatus from 3505273617, request was 1/0
07-17 21:35:58.859   871  3243 I [CT]    : MIXEDREALITY: MrRuntimeCompute: onStop: Playspace.
07-17 21:35:58.859   871  3243 I [CT]    : MIXEDREALITY: MrRuntimeCompute: Capability is off already.
07-17 21:35:58.859  1713  3002 I [CT]    : MIXEDREALITY: MrRuntimeImpl: onPause, for capability 2. Target device 2.
07-17 21:35:58.859   871  3243 I [CT]    : MIXEDREALITY: MrSystemServiceIPCServer: MrSystemServiceIPCServer::ChangeMrCapabilityStatus from 3505273617, request was 2/0
07-17 21:35:58.859   871  3243 I [CT]    : MIXEDREALITY: MrRuntimeCompute: onStop: IntrusionDetection.
07-17 21:35:58.860   871  3243 I [CT]    : MIXEDREALITY: MrRuntimeCompute: Capability is off already.
07-17 21:35:58.876   742 24310 E SensorService: Frame associated with stale frame sync: sync seqId: 15, frame seqId: 8
07-17 21:35:58.876   742 24310 E SensorService: Frame is either too old or is arriving before frame sync
07-17 21:35:58.876   742 24310 E HollywoodCameraProvider: Frame marked invalid by frame generator
07-17 21:35:58.894   873  4417 W TrackingService: attachClient: found client in attached list
07-17 21:35:58.895  4419  4502 E OsSdk   : error getting shared memory region, memory type: HeadTracker, failed with Status(-1, EX_SECURITY): 'requested shared memory region when not registered/focused'
07-17 21:35:58.909   742 24310 E SensorService: FrameType CONTROLLER: Releasing incomplete frame set: Received frame from next frame set
07-17 21:35:58.912  1900  2853 I [OAO] ShellOverlayApp: Sleep timeout exceeded. Timeout:13603.843102, Now:13603.858529. Sleeping... 
07-17 21:35:58.912  1900  2853 I [OAO] ShellOverlayApp: WaitForWake: VrThread entering waiting state
07-17 21:35:58.925  1630 24378 W ContextImpl: Calling a method in the system process without a qualified user: android.app.ContextImpl.sendBroadcast:1057 android.content.ContextWrapper.sendBroadcast:448 X.o8.A00:143 X.nw.A00:17 X.nw.handleMessage:90 
07-17 21:35:58.934   873 11384 W TrackingService: attachClient: found client in attached list
07-17 21:35:58.935  4419  4502 E OsSdk   : error getting shared memory region, memory type: HeadTracker, failed with Status(-1, EX_SECURITY): 'requested shared memory region when not registered/focused'
07-17 21:35:58.941  2903  2990 W StateMachine: StateMachine::QueueEvent GuardianInitializationStateMachine: An event has already been queued and hasn't been processed. Prev: prolongedTrackingLossEvent Cur: gainedTrackingEvent
07-17 21:35:58.941  2903  2990 I StateMachine: StateMachine::Update GuardianInitializationStateMachine: gainedTrackingEvent -> Valid_NoBlack
07-17 21:35:58.970  1290 24303 I CompositorVR: SetSchedFifo( tid=3002, pol=2, pri=0 ) succeeded
07-17 21:35:58.976   873  4417 W TrackingService: attachClient: found client in attached list
07-17 21:35:58.978  4419  4502 E OsSdk   : error getting shared memory region, memory type: HeadTracker, failed with Status(-1, EX_SECURITY): 'requested shared memory region when not registered/focused'
07-17 21:35:58.994  1713  3207 I Telemetry: App memory usage: PSS=18MB DalvikPSS=0 MB PrivateDirty=12MB PrivateClean=1MB
07-17 21:35:59.019   873  4417 W TrackingService: attachClient: found client in attached list
07-17 21:35:59.020  4419  4502 E OsSdk   : error getting shared memory region, memory type: HeadTracker, failed with Status(-1, EX_SECURITY): 'requested shared memory region when not registered/focused'
07-17 21:35:59.062   873 17170 W TrackingService: attachClient: found client in attached list
07-17 21:35:59.105   873 11384 W TrackingService: attachClient: found client in attached list
07-17 21:35:59.147   873 11384 W TrackingService: attachClient: found client in attached list
07-17 21:35:59.190   873  4417 W TrackingService: attachClient: found client in attached list
07-17 21:35:59.233   873  4417 W TrackingService: attachClient: found client in attached list
07-17 21:35:59.269   873 11384 W TrackingService: attachClient: found client in attached list
07-17 21:35:59.270  4419  4502 I chatty  : uid=10046(com.oculus.xrstreamingclient) SlamAnchorMem identical 6 lines
07-17 21:35:59.311   873  4417 W TrackingService: attachClient: found client in attached list
07-17 21:35:59.312  4419  4502 E OsSdk   : error getting shared memory region, memory type: HeadTracker, failed with Status(-1, EX_SECURITY): 'requested shared memory region when not registered/focused'
07-17 21:35:59.331  2903  2990 I GuardianSystem: ForceShowGuardian: false, 3.00
07-17 21:35:59.331  2903  2990 I GuardianSystem: ForceShowGuardian: Soft fade out: 1.00
07-17 21:35:59.331  2903  2990 I GuardianSystem: Stop pushing black after mount. Show Guardian.
07-17 21:35:59.331  2903  2990 I GuardianSystem: Stop showing dots after not pushing black.
07-17 21:35:59.332  1290  2988 I VrRuntimeService: RuntimeServiceSDKServer::SetGuardianSystemState: 1762302210
07-17 21:35:59.333  2903  2990 I GuardianSystem: UpdateGuardianSystemState: Flags2 changed: 176, 128, SYSTEM_2_LOADING_DOTS,SYSTEM_2_SHOULD_PUSH_BLACK,SYSTEM_2_ROOM_CAPTURE_ENABLED to SYSTEM_2_ROOM_CAPTURE_ENABLED
07-17 21:35:59.339  1290  2651 I ClientMgr: Stop loading dots from guardian
07-17 21:35:59.354   873 17170 W TrackingService: attachClient: found client in attached list
07-17 21:35:59.356  4419  4502 E OsSdk   : error getting shared memory region, memory type: HeadTracker, failed with Status(-1, EX_SECURITY): 'requested shared memory region when not registered/focused'
07-17 21:35:59.395   873 17170 I chatty  : uid=1000(system) Binder:873_8 identical 1 line
07-17 21:35:59.398  4419  4502 I chatty  : uid=10046(com.oculus.xrstreamingclient) SlamAnchorMem identical 1 line
07-17 21:35:59.440   873 17170 W TrackingService: attachClient: found client in attached list
07-17 21:35:59.441  4419  4502 E OsSdk   : error getting shared memory region, memory type: HeadTracker, failed with Status(-1, EX_SECURITY): 'requested shared memory region when not registered/focused'
07-17 21:35:59.444   873 24323 W [CT]    : CONSTELLATION: No tracked objects initialized!!
07-17 21:35:59.451  1053  2052 D WificondControl: Scan result ready event
--------- beginning of crash
07-17 21:35:59.482 24045 24305 F libc    : Fatal signal 11 (SIGSEGV), code 1 (SEGV_MAPERR), fault addr 0x7aa5517cc8 in tid 24305 (RHIThread), pid 24045 (main)
07-17 21:35:59.484   873  4417 W TrackingService: attachClient: found client in attached list
07-17 21:35:59.486  4419  4502 E OsSdk   : error getting shared memory region, memory type: HeadTracker, failed with Status(-1, EX_SECURITY): 'requested shared memory region when not registered/focused'
07-17 21:35:59.486   873  4417 W TrackingService: attachClient: found client in attached list
07-17 21:35:59.487  4419  4502 E OsSdk   : error getting shared memory region, memory type: AnchorTracker, failed with Status(-1, EX_SECURITY): 'requested shared memory region when not registered/focused'
07-17 21:35:59.526   873   873 W TrackingService: attachClient: found client in attached list
07-17 21:35:59.528  4419  4502 E OsSdk   : error getting shared memory region, memory type: HeadTracker, failed with Status(-1, EX_SECURITY): 'requested shared memory region when not registered/focused'
07-17 21:35:59.541 24384 24384 I crash_dump64: obtaining output fd from tombstoned, type: kDebuggerdTombstone
07-17 21:35:59.544   872   872 I /system/bin/tombstoned: received crash request for pid 24305
07-17 21:35:59.548 24384 24384 I crash_dump64: performing dump of process 24045 (target tid = 24305)
07-17 21:35:59.553 24384 24384 F DEBUG   : *** *** *** *** *** *** *** *** *** *** *** *** *** *** *** ***
07-17 21:35:59.553 24384 24384 F DEBUG   : Build fingerprint: 'oculus/hollywood/hollywood:10/QQ3A.200805.001/31406800746700000:user/release-keys'
07-17 21:35:59.553 24384 24384 F DEBUG   : Revision: '0'
07-17 21:35:59.553 24384 24384 F DEBUG   : ABI: 'arm64'
07-17 21:35:59.553 24384 24384 F DEBUG   : Timestamp: 2022-07-17 21:35:59-0400
07-17 21:35:59.553 24384 24384 F DEBUG   : pid: 24045, tid: 24305, name: RHIThread  >>> com.YourCompany.Popular_VR <<<
07-17 21:35:59.553 24384 24384 F DEBUG   : uid: 10078
07-17 21:35:59.553 24384 24384 F DEBUG   : signal 11 (SIGSEGV), code 1 (SEGV_MAPERR), fault addr 0x7aa5517cc8
07-17 21:35:59.553 24384 24384 F DEBUG   :     x0  0000007aa551be18  x1  0000007a955f4e50  x2  0000000000000001  x3  0000007aa551bdf0
07-17 21:35:59.553 24384 24384 F DEBUG   :     x4  0000007aa551bf3e  x5  0000007aa367f024  x6  002e0072006f0074  x7  005d007000700063
07-17 21:35:59.553 24384 24384 F DEBUG   :     x8  0000007aa5517cc8  x9  0000000000000fff  x10 000000000000005b  x11 000000000000000a
07-17 21:35:59.553 24384 24384 F DEBUG   :     x12 0000007aa551bfbc  x13 0000007a95d7ec18  x14 0000000000000030  x15 0000007aa551ad3b
07-17 21:35:59.553 24384 24384 F DEBUG   :     x16 0000007aa0c39ae8  x17 0000007b8c4fdec0  x18 0000007a687be000  x19 0000007aa551be1a
07-17 21:35:59.553 24384 24384 F DEBUG   :     x20 0000007a95ca4158  x21 0000007a95be90d2  x22 0000007aa5597020  x23 0000007aa551c280
07-17 21:35:59.553 24384 24384 F DEBUG   :     x24 0000007aa551bd90  x25 0000007aa551bdc8  x26 0000007aa5597020  x27 0000007aa551c320
07-17 21:35:59.553 24384 24384 F DEBUG   :     x28 0000000000000000  x29 0000007aa551bd00
07-17 21:35:59.553 24384 24384 F DEBUG   :     sp  0000007aa5517cc0  lr  0000007a9940b734  pc  0000007a9931e1f8
07-17 21:35:59.568   873  4417 W TrackingService: attachClient: found client in attached list
07-17 21:35:59.570  4419  4502 E OsSdk   : error getting shared memory region, memory type: HeadTracker, failed with Status(-1, EX_SECURITY): 'requested shared memory region when not registered/focused'
07-17 21:35:59.572 24045 24122 D UE      : [2022.07.18-01.35.59:572][  0]LogUdpMessaging: Initializing bridge on interface 0.0.0.0:0 to multicast group 230.0.0.1:6666.
07-17 21:35:59.613   873 11384 W TrackingService: attachClient: found client in attached list
07-17 21:35:59.615  4419  4502 E OsSdk   : error getting shared memory region, memory type: HeadTracker, failed with Status(-1, EX_SECURITY): 'requested shared memory region when not registered/focused'
07-17 21:35:59.629   873 24273 I [CT]    : VIPER: Gravity Aligned Map [4755]: 0.15466913569261165 deg: [RPY]: 0.022 0.153 -0.000
07-17 21:35:59.632   873 24314 I [CT]    : VegaTrackTracker: Continuing tracking on submap Submap id = 0, version = 1, active contexts: 1
07-17 21:35:59.655   873 11384 W TrackingService: attachClient: found client in attached list
07-17 21:35:59.657  4419  4502 E OsSdk   : error getting shared memory region, memory type: HeadTracker, failed with Status(-1, EX_SECURITY): 'requested shared memory region when not registered/focused'
07-17 21:35:59.699   873  4417 W TrackingService: attachClient: found client in attached list
07-17 21:35:59.714 24384 24384 F DEBUG   : 
07-17 21:35:59.714 24384 24384 F DEBUG   : backtrace:
07-17 21:35:59.714 24384 24384 F DEBUG   :       #00 pc 000000000b0761f8  /data/app/com.YourCompany.Popular_VR-ZkMiXa86HOX-0--Yq8dFEg==/lib/arm64/libUnreal.so!libUnreal.so (offset 0x9795000) (FAndroidMisc::LocalPrint(char16_t const*)+176) (BuildId: e8eea56586c72d8add81fc2de4b08436ce9fb1fe)
07-17 21:35:59.714 24384 24384 F DEBUG   :       #01 pc 000000000b163730  /data/app/com.YourCompany.Popular_VR-ZkMiXa86HOX-0--Yq8dFEg==/lib/arm64/libUnreal.so!libUnreal.so (offset 0x9795000) (FGenericPlatformMisc::LowLevelOutputDebugStringf(char16_t const*, ...)+272) (BuildId: e8eea56586c72d8add81fc2de4b08436ce9fb1fe)
07-17 21:35:59.714 24384 24384 F DEBUG   :       #02 pc 000000000b163730  /data/app/com.YourCompany.Popular_VR-ZkMiXa86HOX-0--Yq8dFEg==/lib/arm64/libUnreal.so!libUnreal.so (offset 0x9795000) (FGenericPlatformMisc::LowLevelOutputDebugStringf(char16_t const*, ...)+272) (BuildId: e8eea56586c72d8add81fc2de4b08436ce9fb1fe)
07-17 21:35:59.714 24384 24384 F DEBUG   :       #03 pc 000000000b403608  /data/app/com.YourCompany.Popular_VR-ZkMiXa86HOX-0--Yq8dFEg==/lib/arm64/libUnreal.so!libUnreal.so (offset 0x9795000) (FOutputDeviceDebug::Serialize(char16_t const*, ELogVerbosity::Type, FName const&, double)+156) (BuildId: e8eea56586c72d8add81fc2de4b08436ce9fb1fe)
07-17 21:35:59.714 24384 24384 F DEBUG   :       #04 pc 000000000b403640  /data/app/com.YourCompany.Popular_VR-ZkMiXa86HOX-0--Yq8dFEg==/lib/arm64/libUnreal.so!libUnreal.so (offset 0x9795000) (FOutputDeviceDebug::Serialize(char16_t const*, ELogVerbosity::Type, FName const&, double)+212) (BuildId: e8eea56586c72d8add81fc2de4b08436ce9fb1fe)
07-17 21:35:59.714 24384 24384 F DEBUG   :       #05 pc 000000000b407f10  /data/app/com.YourCompany.Popular_VR-ZkMiXa86HOX-0--Yq8dFEg==/lib/arm64/libUnreal.so!libUnreal.so (offset 0x9795000) (void FOutputDeviceRedirector::SerializeImpl<FName const>(char16_t const*, ELogVerbosity::Type, FName const&, double)+268) (BuildId: e8eea56586c72d8add81fc2de4b08436ce9fb1fe)
07-17 21:35:59.714 24384 24384 F DEBUG   :       #06 pc 000000000b3055f8  /data/app/com.YourCompany.Popular_VR-ZkMiXa86HOX-0--Yq8dFEg==/lib/arm64/libUnreal.so!libUnreal.so (offset 0x9795000) (FMsg::Logf_InternalImpl(char const*, int, FName const&, ELogVerbosity::Type, char16_t const*, ...)+1012) (BuildId: e8eea56586c72d8add81fc2de4b08436ce9fb1fe)
07-17 21:35:59.715 24384 24384 F DEBUG   :       #07 pc 000000000b0752fc  /data/app/com.YourCompany.Popular_VR-ZkMiXa86HOX-0--Yq8dFEg==/lib/arm64/libUnreal.so!libUnreal.so (offset 0x9795000) (FAndroidErrorOutputDevice::Serialize(char16_t const*, ELogVerbosity::Type, FName const&)+244) (BuildId: e8eea56586c72d8add81fc2de4b08436ce9fb1fe)
07-17 21:35:59.715 24384 24384 F DEBUG   :       #08 pc 000000000b402ee4  /data/app/com.YourCompany.Popular_VR-ZkMiXa86HOX-0--Yq8dFEg==/lib/arm64/libUnreal.so!libUnreal.so (offset 0x9795000) (FOutputDevice::LogfImpl(char16_t const*, ...)+312) (BuildId: e8eea56586c72d8add81fc2de4b08436ce9fb1fe)
07-17 21:35:59.715 24384 24384 F DEBUG   :       #09 pc 000000000b38465c  /data/app/com.YourCompany.Popular_VR-ZkMiXa86HOX-0--Yq8dFEg==/lib/arm64/libUnreal.so!libUnreal.so (offset 0x9795000) (BuildId: e8eea56586c72d8add81fc2de4b08436ce9fb1fe)
07-17 21:35:59.715 24384 24384 F DEBUG   :       #10 pc 000000000b38451c  /data/app/com.YourCompany.Popular_VR-ZkMiXa86HOX-0--Yq8dFEg==/lib/arm64/libUnreal.so!libUnreal.so (offset 0x9795000) (FDebug::CheckVerifyFailedImpl(char const*, char const*, int, void*, char16_t const*, ...)+196) (BuildId: e8eea56586c72d8add81fc2de4b08436ce9fb1fe)
07-17 21:35:59.739   873 17170 W TrackingService: attachClient: found client in attached list
07-17 21:35:59.742  4419  4502 I chatty  : uid=10046(com.oculus.xrstreamingclient) SlamAnchorMem identical 2 lines
07-17 21:35:59.784   873  1280 W TrackingService: attachClient: found client in attached list
07-17 21:35:59.786  4419  4502 E OsSdk   : error getting shared memory region, memory type: HeadTracker, failed with Status(-1, EX_SECURITY): 'requested shared memory region when not registered/focused'
07-17 21:35:59.827  4419  4481 D xrstreaming: receive ping: org 0 recv 0 xmt 92421532789800 (received at 13604772985222), offset divergence -492
07-17 21:35:59.827   873 11384 W TrackingService: attachClient: found client in attached list
07-17 21:35:59.829  4419  4502 E OsSdk   : error getting shared memory region, memory type: HeadTracker, failed with Status(-1, EX_SECURITY): 'requested shared memory region when not registered/focused'
07-17 21:35:59.870   873  4417 W TrackingService: attachClient: found client in attached list
07-17 21:35:59.872  4419  4502 E OsSdk   : error getting shared memory region, memory type: HeadTracker, failed with Status(-1, EX_SECURITY): 'requested shared memory region when not registered/focused'
07-17 21:35:59.879   873  1205 I [CT]    : VIPER:LOCALIZER: Extracting non-gravity-aligned descriptors on train.
07-17 21:35:59.896   742   890 I SyncBossHAL: [info   ] syncboss_hal_impl_input.c(1056): Pulsar connected devices state change: 69
07-17 21:35:59.898   742 24226 I SyncBossFW: 13601491 [info   ] {WIHO}: Pulsar device connected bddc7818b2a8dd03 (type: 8011401, connection id: 0xa7)
07-17 21:35:59.913   873  4417 W TrackingService: attachClient: found client in attached list
07-17 21:35:59.914  4419  4502 E OsSdk   : error getting shared memory region, memory type: HeadTracker, failed with Status(-1, EX_SECURITY): 'requested shared memory region when not registered/focused'
07-17 21:35:59.950   873  1280 W TrackingService: attachClient: found client in attached list
07-17 21:35:59.952  4419  4502 E OsSdk   : error getting shared memory region, memory type: HeadTracker, failed with Status(-1, EX_SECURITY): 'requested shared memory region when not registered/focused'
07-17 21:35:59.957   742   890 I SyncBossHAL: [info   ] syncboss_hal_impl_input.c(1056): Pulsar connected devices state change: 70
07-17 21:35:59.959   742 24226 I SyncBossFW: 13601551 [info   ] {WIHO}: Pulsar device connected a9a80a0e7fafaba7 (type: 8001401, connection id: 0xa8)
07-17 21:35:59.960   742   900 I SyncBossHAL: [info   ] pulsar_manager.c(469): bddc7818xxxxxxxx: Configuring IR LED to ontime = 34, period = 33333
07-17 21:35:59.965   742   900 I SyncBossHAL: [info   ] pulsar_manager.c(319): Finished getting cache data for controller
07-17 21:35:59.965   742   900 I SyncBossHAL:     id            : bddc7818xxxxxxxx
07-17 21:35:59.965   742   900 I SyncBossHAL:     pulsar_type   : 0x08011401
07-17 21:35:59.965   742   900 I SyncBossHAL:     connection id : 0xa7
07-17 21:35:59.965   742   900 I SyncBossHAL:     fw ver        : 1.9.0
07-17 21:35:59.965   742   900 I SyncBossHAL:     spl ver       : 1.5.1
07-17 21:35:59.965   742   900 I SyncBossHAL:     serial        : 1WMHCR62521366
07-17 21:35:59.965   742   900 I SyncBossHAL:     handedness    : right
07-17 21:35:59.965   742   900 I SyncBossHAL:     battery state : 30%
07-17 21:35:59.965   742   900 I SyncBossHAL: [info   ] pulsar_manager.c(336): Jedi-specific cache data:
07-17 21:35:59.965   742   900 I SyncBossHAL:     captouch ver  : 1.9.0
07-17 21:35:59.969   742 24227 D SensorService: Syncboss input bddc7818b2a8dd03 hardware type 4, subtype 2, revision 0x08
07-17 21:35:59.969   742 24227 I SensorService: preparePairedControllerInfo is adding device with valid 1
07-17 21:35:59.969   742 24227 D SensorService: Syncboss input a9a80a0e7fafaba7 hardware type 4, subtype 1, revision 
07-17 21:35:59.969   742 24227 I SensorService: preparePairedControllerInfo is adding device with valid 1
07-17 21:35:59.970   742 24227 D SensorService: stateChangeNotifierFunc(): Reporting controller info. Change token: 82, paired=2 connected=1
07-17 21:35:59.970   873 24237 D OVRRemoteService: processStateChange([PairedControllerInfo JEDI bddc7818b2a8dd03 connected mcnt=0])
07-17 21:35:59.970   742 24226 I SyncBossFW: 13601564 [info   ] {APPI}: Found 2 connected pulsar devices
07-17 21:35:59.970   873 24237 D OVRRemoteService: processStateChange([PairedControllerInfo JEDI a9a80a0e7fafaba7 disconnected update-required mcnt=0])
07-17 21:35:59.979   742  1006 D SensorService: Found paired controllers: 2
07-17 21:35:59.979   742  1006 D SensorService: Syncboss input bddc7818b2a8dd03 hardware type 4, subtype 2, revision 0x08
07-17 21:35:59.979   742  1006 I SensorService: preparePairedControllerInfo is adding device with valid 1
07-17 21:35:59.980   742  1006 D SensorService: Syncboss input a9a80a0e7fafaba7 hardware type 4, subtype 1, revision 
07-17 21:35:59.980   742  1006 I SensorService: preparePairedControllerInfo is adding device with valid 1
07-17 21:35:59.980   873 24290 I TrackingService: Registering primary controller bddc7818b2a8dd03 in slot 0
07-17 21:35:59.982   873 24290 D TrackingService: TrackingDataPostProcessor: Hand autotransition v2 GK enabled: 1
07-17 21:35:59.982   873 24290 D TrackingService: registerRemote: bddc7818b2a8dd03
07-17 21:35:59.982   873 24290 I [CT]    : CONSTELLATION:TRACKING_ENGINE: Requesting tracking engine to activate device 0x13680941815516683523lx.
07-17 21:35:59.982   873 24290 I [CT]    : CONSTELLATION:TRACKING_ENGINE: Device is not registered: ID 13680941815516683523
07-17 21:35:59.982   873 24290 I [CT]    : CONSTELLATION: Adding object with id 13680941815516683523
07-17 21:35:59.982   873 24290 I [CT]    : CONSTELLATION: Object serial 1WMHCR62521366
07-17 21:35:59.982   873 24290 I [CT]    : CONSTELLATION: Decoding calibration data...
07-17 21:35:59.982   873 24290 I [CT]    : CONSTELLATION:CALIBRATION_DECODER: Factory sensor calibration: {"gyro_m":[-1.0020276099,0.0006832783,-0.0080393105,0.0076853833,0.0009101724,-0.9981765635,-0.0052554008,-1.0001208761,-0.0004080904],"acc_b":[-0.0084021991,-0.0443870204,0.1347402299],"build_bash":"3d7cda3b34898ea74f9c374bf15d6b9a62f1f0e8","TrackedObject":{"JsonVersion":3,"Lensing":{"Model0":[4,0.00225126,-0.00488171,0.00377238,-0.000125422]},"GyroCalibration":[-1.0019911,0.00637484,-0.00666117,0.00634093,0.00425152,-0.99817964,-0.01093793,-1.00009217,-0.00378003,-0.00358038,-0.01171243,0.00178662],"ImuPosition":[-0.0132781,-0.0108248,0.0246396],"ModelPoints":{"Point12":[0.03983509,0.00328132,0.02581951,0.864579,-0.491294,-0.105518,85.0,80.0,0.0],"Point11":[0.04441842,0.02434395,0.02364963,0.905272,0.145508,-0.399137,85.0,80.0,0.0],"Point14":[0.02193628,-0.00512992,0.00653477,0.478401,-0.57575,-0.663056,85.0,80.0,0.0],"Point13":[0.03277707,0.00396692,0.00973773,0.700597,-0.381345,-0.603108,85.0,80.0,0.0],"Point10":[0.04476189,0.02832329,0.04803
07-17 21:35:59.982   873 24290 I [CT]    : CONSTELLATION:CALIBRATION_DECODER: Decoding calibration string with Conventional Constellation format.
07-17 21:35:59.984   873 24290 I [CT]    : CONSTELLATION:CALIBRATION_DECODER: Lensing Model: 0, 4 coefficients
07-17 21:35:59.984   873 24290 I [CT]    : CONSTELLATION:CALIBRATION_DECODER: Lensing Coefficient 0: 0.00225126
07-17 21:35:59.984   873 24290 I [CT]    : CONSTELLATION:CALIBRATION_DECODER: Lensing Coefficient 1: -0.00488171
07-17 21:35:59.984   873 24290 I [CT]    : CONSTELLATION:CALIBRATION_DECODER: Lensing Coefficient 2: 0.00377238
07-17 21:35:59.984   873 24290 I [CT]    : CONSTELLATION:CALIBRATION_DECODER: Lensing Coefficient 3: -0.000125422
07-17 21:35:59.985   873 24290 I [CT]    : CONSTELLATION: Parsed calibration (TrackingModel): 
07-17 21:35:59.985   873 24290 I [CT]    : device type: 
07-17 21:35:59.985   873 24290 I [CT]    : build type: 
07-17 21:35:59.985   873 24290 I [CT]    : acc offset : -0.0084022 -0.044387 0.13474 
07-17 21:35:59.985   873 24290 I [CT]    : acc mat: -1.00364 0.00702823 -0.00775623 0.00702665 0.00353702 -1.00606 -0.00714051 -1.00152 -0.00396192 
07-17 21:35:59.985   873 24290 I [CT]    : gyro offset : -0.00358038 -0.0117124 0.00178662 
07-17 21:35:59.985   873 24290 I [CT]    : gyro mat: -1.00199 0.00637484 -0.00666117 0.00634093 0.00425152 -0.99818 -0.0109379 -1.00009 -0.00378003 
07-17 21:35:59.985   873 24290 I [CT]    : leds: 
07-17 21:35:59.985   873 24290 I [CT]    : Model Point
07-17 21:35:59.985   873 24290 I [CT]    : 	Position: -0.0203909 -0.00582397 0.00570648 
07-17 21:35:59.985   873 24290 I [CT]    : 	Normal: -0.421075 -0.573895 -0.702382 
07-17 21:35:59.985   873 24290 I [CT]    : 	isVisibleThreshold (deg): 85
07-17 21:35:59.985   873 24290 I [CT]    : 	isReliableThreshold (deg): 80
07-17 21:35:59.985   873 24290 I [CT]    : 	lensingIndex: 0
07-17 21:35:59.985   873 24290 I [CT]    : 
07-17 21:35:59.985   873 24290 I [CT]    : Model Point
07-17 21:35:59.985   873 24290 I [CT]    : 	Position: -0.0309732 0.00152647 0.00867973 
07-17 21:35:59.985   873 24290 I [CT]    : 	Normal: -0.636889 -0.38638 -0.667145 
07-17 21:35:59.985   873 24290 I [CT]    : 	isVisibleThreshold (deg): 85
07-17 21:35:59.985   873 24290 I [CT]    : 	isReliableThreshold (deg): 80
07-17 21:35:59.985   873 24290 I [CT]    : 	lensingIndex: 0
07-17 21:35:59.985   873 24290 I [CT]    : 
07-17 21:35:59.985   873 24290 I [CT]    : Model Point
07-17 21:35:59.985   873 24290 I [CT]    : 	Position: -0.0359068 -0.00303762 0.0226333 
07-17 21:35:59.985   873 24290 I [CT]    : 	Normal: -0.795386 -0.590811 -0.13529 
07-17 21:35:59.985   873 24290 I [CT]    : 	isVisibleThreshold (deg): 85
07-17 21:35:59.985   873 24290 I [CT]    : 	isReliableThreshold (deg): 80
07-17 21:35:59.985   873 24290 I [CT]    : 	lensingIndex: 0
07-17 21:35:59.985   873 24290 I [CT]    : 
07-17 21:35:59.985   873 24290 I [CT]    : Model Point
07-17 21:35:59.985   873 24290 I [CT]    : 	Position: -0.0440342 0.0193172 0.0218912 
07-17 21:35:59.985   873 24290 I [CT]    : 	Normal: -0.894844 0.06887 -0.441033 
07-17 21:35:59.985   873 24290 I [CT]    : 	isVisibleThr
07-17 21:35:59.985   873 24290 I [CT]    : CONSTELLATION: Got device type string: CONTROLLER_JEDI_RIGHT
07-17 21:35:59.985   873 24290 I [CT]    : CONSTELLATION: Parsed device of type: JEDI
07-17 21:35:59.985   873 24290 I [CT]    : CONSTELLATION: Got device type string from calibration: 
07-17 21:35:59.985   873 24290 I [CT]    : CONSTELLATION: Parsed device of type from calibration: UNKNOWN
07-17 21:35:59.985   873 24290 I [CT]    : CONSTELLATION:CONFIG: Clearing Constellation config file overrides
07-17 21:35:59.985   873 24290 W [CT]    : CONFIG: Config contains a key which is not used (Value: 0.0).
07-17 21:35:59.985   873 24290 W [CT]    : CONFIG: Config contains a key which is not used (Value: 0.0).
07-17 21:35:59.985   873 24290 W [CT]    : CONFIG: Config contains a key which is not used (Value: 0.055).
07-17 21:35:59.985   873 24290 I [CT]    : CONSTELLATION:CONFIG: Applied config file Constellation_JEDI.conf
07-17 21:35:59.985   873 24290 I [CT]    : CONSTELLATION: Right handed controller found!
07-17 21:35:59.985   873 24290 I [CT]    : CONSTELLATION: Imu Position = -0.0132781 -0.0108248 0.0246396 
07-17 21:35:59.986   873 24290 I [CT]    : CONSTELLATION: R: ControllerStateBuffer: RESET
07-17 21:35:59.986   873 24290 I [CT]    : CONSTELLATION: R: Creating Controller Fusion with 15 LEDs.
07-17 21:35:59.986   873 24290 I [CT]    : CONSTELLATION: R: ControllerStateBuffer: RESET
07-17 21:35:59.986   873 24290 I [CT]    : INPUT_TRACKING:Behavior:AtRest: [Right] reset
07-17 21:35:59.986   873 24290 I [CT]    : INPUT_TRACKING:Behavior:AtRest: [Left] reset
07-17 21:35:59.986   873 24290 I [CT]    : INPUT_TRACKING:Blackboard: reset
07-17 21:35:59.986   873 24290 I [CT]    : CONSTELLATION:MATCHING: [BruteMatching] Pre-computed 105 model pairs.
07-17 21:35:59.991  1053  1151 W EventHub: Unable to disable kernel key repeat for /dev/input/event3: Function not implemented
07-17 21:35:59.991  1053  1151 I EventHub: wakeMechanism=EPOLLWAKEUP, usingClockIoctl=true
07-17 21:35:59.991  1053  1151 I EventHub: New device: id=31, fd=180, path='/dev/input/event3', name='Device 0xBDDC7818B2A8DD03', classes=0x2001, configuration='/system/usr/idc/Vendor_2833_Product_0160.idc', keyLayout='/system/usr/keylayout/oculus-device.kl', keyCharacterMap='/system/usr/keychars/oculus-device.kcm', builtinKeyboard=false, 
07-17 21:35:59.991  1053  1151 I InputReader: Device added: id=31, name='Device 0xBDDC7818B2A8DD03', sources=0x65432102
07-17 21:35:59.992  1053  1150 W InputReader: Device has associated, but no associated display id.
07-17 21:35:59.992  1900  1900 I [OAO] ShellOverlayServiceJNI: NativePTKServiceNotifyDeviceConnectionChanged
07-17 21:35:59.994   873 24290 I [CT]    : CONSTELLATION:MATCHING: [BruteMatching] Pre-computed 43 model triangles.
07-17 21:35:59.994  1290  2651 I ServiceInputManager: OSSDKTRACKING InputState has changed
07-17 21:35:59.994  1290  2651 I ServiceInputManager: OSSDKTRACKING 0 found one 6000
07-17 21:35:59.994  1290  2651 I ServiceInputManager: OSSDKTRACKING model is a supported remote, adding to list
07-17 21:35:59.994  1290  2651 I ServiceInputManager: OSSDKTRACKING GetNewConnectedRemotesList, returned true. remotes 1
07-17 21:35:59.995   873 24290 I [CT]    : BlobSizeChecker: Initializing BlobSizeChecker from serialized string
07-17 21:35:59.996   873 24290 I [CT]    : BlobSizeChecker: BlobSizeChecker Initialization Complete.
07-17 21:35:59.996   873 24290 I [CT]    : CONSTELLATION: R: ControllerStateBuffer: RESET
07-17 21:35:59.996   873 24290 I [CT]    : INPUT_TRACKING:Behavior:AtRest: [Right] reset
07-17 21:35:59.996   873 24290 I [CT]    : INPUT_TRACKING:Behavior:AtRest: [Left] reset
07-17 21:35:59.997   873 24290 I [CT]    : INPUT_TRACKING:Blackboard: reset
07-17 21:35:59.997   873 24290 I [CT]    : CONSTELLATION:TRACKING_ENGINE: Setting tracked object ID 13680941815516683523 LED on-time to 34 us.
07-17 21:35:59.997   873 24290 W TrackingService: Attempted to control leds, but gatekeeper is disabled. Skipping operation.
07-17 21:35:59.997   873  1280 W TrackingService: attachClient: found client in attached list
07-17 21:35:59.999  4419  4502 E OsSdk   : error getting shared memory region, memory type: HeadTracker, failed with Status(-1, EX_SECURITY): 'requested shared memory region when not registered/focused'
07-17 21:36:00.005  2903  3566 I InputDevice_TrackedRemote: REMOTE: Hand=2 IndexAnalog=0.00 GripAnalog=0.00 Buttons=0x00000000
07-17 21:36:00.019   873 24323 W [CT]    : CONSTELLATION: R: Camera is ahead of IMU by 13602597.3 ms! Sleeping vision thread for 5 ms.
07-17 21:36:00.024   873 24323 W [CT]    : CONSTELLATION: R: Cam ahead of IMU by 13602597.3 ms. Ignore this pose sample. Last IMU timestamp: -1.0000 seconds.
07-17 21:36:00.024   873 24323 I [CT]    : CONSTELLATION:VISION_STATUS: bddc7818b2a8dd03 (R): BlobDetection:[#BlobsDetected=(13.00, 0.00)]Matching:[MatchSuccess=1.000, MatchCost=(0.00192, 0.00000), #MatchedBlobs=(13.00, 0.00), #MatchedLeds=(7.00, 0.00), RematchM=0.000, SkipRefine=0.000] MatchMethod:[Prox=0.000, ConstBrute=0.000, UnconstBrute=1.000] MatchResets[AnomBlobSize=0.000, SharedMatch=0.000, DenseReacq=0.000] | Fusion:[FusionError=1.000, ImuFromCamMs=(-13602597.316, 0.000), RematchF=0.000] FusionUpdates:[Successful=0.000, Reliable=0.000, TightFusion=0.000, FullPose=0.000, StaticPrior=0.000, StaticForHandTrans=0.000, PoseUpdateMD=(0.0000, 0.0000)] FusionResets[6DoFReset=0.000, ResetSuccess=0.000] FusionStatus[HasPosition=0.000, HasVelocity=0.000] 
07-17 21:36:00.024   873 24323 I [CT]    : TIMESTAMPCHECKER: Received first Camera-Constellation capture timestamp: 13601.597316000 [sec]
07-17 21:36:00.032   742   900 I SyncBossHAL: [info   ] pulsar_manager.c(469): a9a80a0exxxxxxxx: Configuring IR LED to ontime = 34, period = 33333
07-17 21:36:00.038   873 11384 W TrackingService: attachClient: found client in attached list
07-17 21:36:00.039   742   900 I SyncBossHAL: [info   ] pulsar_manager.c(319): Finished getting cache data for controller
07-17 21:36:00.039   742   900 I SyncBossHAL:     id            : a9a80a0exxxxxxxx
07-17 21:36:00.039   742   900 I SyncBossHAL:     pulsar_type   : 0x08001401
07-17 21:36:00.039   742   900 I SyncBossHAL:     connection id : 0xa8
07-17 21:36:00.039   742   900 I SyncBossHAL:     fw ver        : 1.9.0
07-17 21:36:00.039   742   900 I SyncBossHAL:     spl ver       : 1.5.1
07-17 21:36:00.039   742   900 I SyncBossHAL:     serial        : 1WMHCL10WM1367
07-17 21:36:00.039   742   900 I SyncBossHAL:     handedness    : left
07-17 21:36:00.039   742   900 I SyncBossHAL:     battery state : 30%
07-17 21:36:00.039   742   900 I SyncBossHAL: [info   ] pulsar_manager.c(336): Jedi-specific cache data:
07-17 21:36:00.039   742   900 I SyncBossHAL:     captouch ver  : 1.9.0
07-17 21:36:00.039   742   900 I SyncBossHAL: [info   ] pulsar_manager.c(830): Setting transmit power for all connected controllers to -4 dBm
07-17 21:36:00.039  4419  4502 E OsSdk   : error getting shared memory region, memory type: HeadTracker, failed with Status(-1, EX_SECURITY): 'requested shared memory region when not registered/focused'
07-17 21:36:00.043   742 24227 D SensorService: Syncboss input a9a80a0e7fafaba7 hardware type 4, subtype 1, revision 0x08
07-17 21:36:00.043   742 24227 I SensorService: preparePairedControllerInfo is adding device with valid 1
07-17 21:36:00.043   742 24227 D SensorService: Syncboss input bddc7818b2a8dd03 hardware type 4, subtype 2, revision 0x08
07-17 21:36:00.043   742 24227 I SensorService: preparePairedControllerInfo is adding device with valid 1
07-17 21:36:00.043   742 24227 D SensorService: stateChangeNotifierFunc(): Reporting controller info. Change token: 83, paired=2 connected=2
07-17 21:36:00.043   873 24237 D OVRRemoteService: processStateChange([PairedControllerInfo JEDI a9a80a0e7fafaba7 connected mcnt=0])
07-17 21:36:00.044   742 24230 I SyncBossInput: [info   ] [jedi (right) bddc7818xxxxxxxx]: 6195011 [info   ] {THDG}: active_seek -> inactive_seek
07-17 21:36:00.044   873 24237 D OVRRemoteService: processStateChange([PairedControllerInfo JEDI bddc7818b2a8dd03 connected mcnt=0])
07-17 21:36:00.055   742  1006 D SensorService: Found paired controllers: 2
07-17 21:36:00.055   742  1006 D SensorService: Syncboss input a9a80a0e7fafaba7 hardware type 4, subtype 1, revision 0x08
07-17 21:36:00.055   742  1006 I SensorService: preparePairedControllerInfo is adding device with valid 1
07-17 21:36:00.055   742  1006 D SensorService: Syncboss input bddc7818b2a8dd03 hardware type 4, subtype 2, revision 0x08
07-17 21:36:00.055   742  1006 I SensorService: preparePairedControllerInfo is adding device with valid 1
07-17 21:36:00.056   873 24290 I TrackingService: Registering primary controller a9a80a0e7fafaba7 in slot 1
07-17 21:36:00.057   873 24290 D TrackingService: TrackingDataPostProcessor: Hand autotransition v2 GK enabled: 1
07-17 21:36:00.057   873 24290 D TrackingService: registerRemote: a9a80a0e7fafaba7
07-17 21:36:00.058   873 24290 I [CT]    : CONSTELLATION:TRACKING_ENGINE: Requesting tracking engine to activate device 0x12225032245885250471lx.
07-17 21:36:00.058   873 24290 I [CT]    : CONSTELLATION:TRACKING_ENGINE: Device is not registered: ID 12225032245885250471
07-17 21:36:00.058   873 24290 I [CT]    : CONSTELLATION: Adding object with id 12225032245885250471
07-17 21:36:00.058   873 24290 I [CT]    : CONSTELLATION: Object serial 1WMHCL10WM1367
07-17 21:36:00.058   873 24290 I [CT]    : CONSTELLATION: Decoding calibration data...
07-17 21:36:00.058   873 24290 I [CT]    : CONSTELLATION:CALIBRATION_DECODER: Factory sensor calibration: {"gyro_m":[1.0018901777,0.0043809828,0.0025209374,0.0013750284,0.0008938186,-1.0012208206,0.0001460929,1.0023764696,0.0022561125],"acc_b":[-0.0135496283,-0.0313907748,0.0934042784],"build_bash":"3d7cda3b34898ea74f9c374bf15d6b9a62f1f0e8","TrackedObject":{"JsonVersion":3,"Lensing":{"Model0":[4,0.00225126,-0.00488171,0.00377238,-0.000125422]},"GyroCalibration":[1.00188898,0.00653009,0.00171418,0.00056597,-0.00064925,-1.00122481,-0.0020004,1.00236496,0.00071468,-0.00458326,-0.00510164,0.00511514],"ImuPosition":[0.0129819,-0.0108248,0.0267177],"ModelPoints":{"Point12":[-0.0397197,0.00329239,0.02573593,-0.864579,-0.491294,-0.105518,85.0,80.0,0.0],"Point11":[-0.04436871,0.02407259,0.02354629,-0.905272,0.145508,-0.399137,85.0,80.0,0.0],"Point14":[-0.02203288,-0.00511874,0.00671533,-0.478401,-0.57575,-0.663056,85.0,80.0,0.0],"Point13":[-0.0327127,0.00395084,0.00979018,-0.700597,-0.381345,-0.603108,85.0,80.0,0.0],"Point10":[-0.04470049,0.02839082,0.0480095
07-17 21:36:00.058   873 24290 I [CT]    : CONSTELLATION:CALIBRATION_DECODER: Decoding calibration string with Conventional Constellation format.
07-17 21:36:00.058   742   900 I SyncBossHAL: [info   ] pulsar_manager.c(830): Setting transmit power for all connected controllers to -4 dBm
07-17 21:36:00.059   873 24323 W [CT]    : CONSTELLATION: R: Camera is ahead of IMU by 13602630.6 ms! Sleeping vision thread for 5 ms.
07-17 21:36:00.060   873 24290 I [CT]    : CONSTELLATION:CALIBRATION_DECODER: Lensing Model: 0, 4 coefficients
07-17 21:36:00.060   873 24290 I [CT]    : CONSTELLATION:CALIBRATION_DECODER: Lensing Coefficient 0: 0.00225126
07-17 21:36:00.060   873 24290 I [CT]    : CONSTELLATION:CALIBRATION_DECODER: Lensing Coefficient 1: -0.00488171
07-17 21:36:00.060   873 24290 I [CT]    : CONSTELLATION:CALIBRATION_DECODER: Lensing Coefficient 2: 0.00377238
07-17 21:36:00.060   873 24290 I [CT]    : CONSTELLATION:CALIBRATION_DECODER: Lensing Coefficient 3: -0.000125422
07-17 21:36:00.060   873 24290 I [CT]    : CONSTELLATION: Parsed calibration (TrackingModel): 
07-17 21:36:00.060   873 24290 I [CT]    : device type: 
07-17 21:36:00.060   873 24290 I [CT]    : build type: 
07-17 21:36:00.060   873 24290 I [CT]    : acc offset : -0.0135496 -0.0313908 0.0934043 
07-17 21:36:00.060   873 24290 I [CT]    : acc mat: 1.00078 0.00557167 0.00198068 0.00156747 0.00053486 -1.00262 -0.00551639 1.00085 0.00183411 
07-17 21:36:00.060   873 24290 I [CT]    : gyro offset : -0.00458326 -0.00510164 0.00511514 
07-17 21:36:00.060   873 24290 I [CT]    : gyro mat: 1.00189 0.00653009 0.00171418 0.00056597 -0.00064925 -1.00122 -0.0020004 1.00236 0.00071468 
07-17 21:36:00.060   873 24290 I [CT]    : leds: 
07-17 21:36:00.060   873 24290 I [CT]    : Model Point
07-17 21:36:00.060   873 24290 I [CT]    : 	Position: 0.0203342 -0.00565695 0.00582145 
07-17 21:36:00.060   873 24290 I [CT]    : 	Normal: 0.421075 -0.573895 -0.702382 
07-17 21:36:00.060   873 24290 I [CT]    : 	isVisibleThreshold (deg): 85
07-17 21:36:00.060   873 24290 I [CT]    : 	isReliableThreshold (deg): 80
07-17 21:36:00.060   873 24290 I [CT]    : 	lensingIndex: 0
07-17 21:36:00.060   873 24290 I [CT]    : 
07-17 21:36:00.060   873 24290 I [CT]    : Model Point
07-17 21:36:00.060   873 24290 I [CT]    : 	Position: 0.0357262 -0.00304685 0.0227795 
07-17 21:36:00.060   873 24290 I [CT]    : 	Normal: 0.795386 -0.590811 -0.13529 
07-17 21:36:00.060   873 24290 I [CT]    : 	isVisibleThreshold (deg): 85
07-17 21:36:00.060   873 24290 I [CT]    : 	isReliableThreshold (deg): 80
07-17 21:36:00.060   873 24290 I [CT]    : 	lensingIndex: 0
07-17 21:36:00.060   873 24290 I [CT]    : 
07-17 21:36:00.060   873 24290 I [CT]    : Model Point
07-17 21:36:00.060   873 24290 I [CT]    : 	Position: 0.0309076 0.00189641 0.00878553 
07-17 21:36:00.060   873 24290 I [CT]    : 	Normal: 0.636889 -0.38638 -0.667145 
07-17 21:36:00.060   873 24290 I [CT]    : 	isVisibleThreshold (deg): 85
07-17 21:36:00.060   873 24290 I [CT]    : 	isReliableThreshold (deg): 80
07-17 21:36:00.060   873 24290 I [CT]    : 	lensingIndex: 0
07-17 21:36:00.060   873 24290 I [CT]    : 
07-17 21:36:00.060   873 24290 I [CT]    : Model Point
07-17 21:36:00.060   873 24290 I [CT]    : 	Position: 0.0438342 0.0193037 0.0219159 
07-17 21:36:00.060   873 24290 I [CT]    : 	Normal: 0.894844 0.06887 -0.441033 
07-17 21:36:00.060   873 24290 I [CT]    : 	isVisibleThreshold (deg
07-17 21:36:00.060   873 24290 I [CT]    : CONSTELLATION: Got device type string: CONTROLLER_JEDI_LEFT
07-17 21:36:00.060   873 24290 I [CT]    : CONSTELLATION: Parsed device of type: JEDI
07-17 21:36:00.060   873 24290 I [CT]    : CONSTELLATION: Got device type string from calibration: 
07-17 21:36:00.060   873 24290 I [CT]    : CONSTELLATION: Parsed device of type from calibration: UNKNOWN
07-17 21:36:00.060   873 24290 I [CT]    : CONSTELLATION:CONFIG: Clearing Constellation config file overrides
07-17 21:36:00.060   873 24290 W [CT]    : CONFIG: Config contains a key which is not used (Value: 0.0).
07-17 21:36:00.060   873 24290 W [CT]    : CONFIG: Config contains a key which is not used (Value: 0.0).
07-17 21:36:00.060   873 24290 W [CT]    : CONFIG: Config contains a key which is not used (Value: 0.055).
07-17 21:36:00.060   873 24290 I [CT]    : CONSTELLATION:CONFIG: Applied config file Constellation_JEDI.conf
07-17 21:36:00.061   873 24290 I [CT]    : CONSTELLATION: Left handed controller found!
07-17 21:36:00.061   873 24290 I [CT]    : CONSTELLATION: Imu Position = 0.0129819 -0.0108248 0.0267177 
07-17 21:36:00.061   873 24290 I [CT]    : CONSTELLATION: L: ControllerStateBuffer: RESET
07-17 21:36:00.061   873 24290 I [CT]    : CONSTELLATION: L: Creating Controller Fusion with 15 LEDs.
07-17 21:36:00.061   873 24290 I [CT]    : CONSTELLATION: L: ControllerStateBuffer: RESET
07-17 21:36:00.061   873 24290 I [CT]    : INPUT_TRACKING:Behavior:AtRest: [Right] reset
07-17 21:36:00.061   873 24290 I [CT]    : INPUT_TRACKING:Behavior:AtRest: [Left] reset
07-17 21:36:00.061   873 24290 I [CT]    : INPUT_TRACKING:Blackboard: reset
07-17 21:36:00.061   873 24290 I [CT]    : CONSTELLATION:MATCHING: [BruteMatching] Pre-computed 105 model pairs.
07-17 21:36:00.063  1290  2651 I ServiceInputManager: OSSDKTRACKING InputState has changed
07-17 21:36:00.063  1290  2651 I ServiceInputManager: OSSDKTRACKING 0 found one 6000
07-17 21:36:00.063  1290  2651 I ServiceInputManager: OSSDKTRACKING model is a supported remote, adding to list
07-17 21:36:00.063  1290  2651 I ServiceInputManager: OSSDKTRACKING 1 found one 6000
07-17 21:36:00.063  1290  2651 I ServiceInputManager: OSSDKTRACKING model is a supported remote, adding to list
07-17 21:36:00.063  1290  2651 I ServiceInputManager: OSSDKTRACKING GetNewConnectedRemotesList, returned true. remotes 2
07-17 21:36:00.064   873 24323 W [CT]    : CONSTELLATION: R: Cam ahead of IMU by 13602630.6 ms. Ignore this pose sample. Last IMU timestamp: -1.0000 seconds.
07-17 21:36:00.069   873 24290 I [CT]    : CONSTELLATION:MATCHING: [BruteMatching] Pre-computed 44 model triangles.
07-17 21:36:00.070   873 24290 I [CT]    : CONSTELLATION: L: ControllerStateBuffer: RESET
07-17 21:36:00.070   873 24290 I [CT]    : INPUT_TRACKING:Behavior:AtRest: [Right] reset
07-17 21:36:00.070   873 24290 I [CT]    : INPUT_TRACKING:Behavior:AtRest: [Left] reset
07-17 21:36:00.070   873 24290 I [CT]    : INPUT_TRACKING:Blackboard: reset
07-17 21:36:00.070   873 24290 I [CT]    : CONSTELLATION:TRACKING_ENGINE: Setting tracked object ID 12225032245885250471 LED on-time to 34 us.
07-17 21:36:00.070   873 24290 W TrackingService: Attempted to control leds, but gatekeeper is disabled. Skipping operation.
07-17 21:36:00.070   873 24290 E [CT]    : CONSTELLATION: R: Requesting reinitialization of 6DoF filter due to large time delta between current and last IMU sample: 13602.643855999999s
07-17 21:36:00.071   873 24290 W [CT]    : CONSTELLATION: [Throttled count=140] R: Could not retrieve 3dof fallback pose.
07-17 21:36:00.071   873 24290 I [CT]    : INPUT_TRACKING:Behavior:AtRest: [Right] reset
07-17 21:36:00.071   873 24290 I [CT]    : INPUT_TRACKING:Behavior:AtRest: [Left] reset
07-17 21:36:00.071   873 24290 I [CT]    : INPUT_TRACKING:Blackboard: reset
07-17 21:36:00.071   873 24290 I [CT]    : TorsoModel: initializing torsoYaw_
07-17 21:36:00.071   873 24290 I [CT]    : INPUT_TRACKING:ControllerMotionModel: not initialized: waiting for reliable pose
07-17 21:36:00.071   873 24290 I [CT]    : CONSTELLATION:IMU_STATUS: bddc7818b2a8dd03 (R): [FusionTracked=0.000, OutputTracked=0.000, OutputValid=0.000] [AccelSat=0.000, GyroSat=0.000] 
07-17 21:36:00.071   873 24290 D TrackingService: [HANDTRACKING] Controller bddc7818b2a8dd03 in hand: Y, valid: Y
07-17 21:36:00.071  1053  1151 W EventHub: Unable to disable kernel key repeat for /dev/input/event4: Function not implemented
07-17 21:36:00.071  1053  1151 I EventHub: wakeMechanism=EPOLLWAKEUP, usingClockIoctl=true
07-17 21:36:00.071  1053  1151 I EventHub: New device: id=32, fd=211, path='/dev/input/event4', name='Device 0xA9A80A0E7FAFABA7', classes=0x2001, configuration='/system/usr/idc/Vendor_2833_Product_0160.idc', keyLayout='/system/usr/keylayout/oculus-device.kl', keyCharacterMap='/system/usr/keychars/oculus-device.kcm', builtinKeyboard=false, 
07-17 21:36:00.071  1053  1151 I InputReader: Device added: id=32, name='Device 0xA9A80A0E7FAFABA7', sources=0x65432102
07-17 21:36:00.071   742 24230 I SyncBossInput: [info   ] [jedi (right) bddc7818xxxxxxxx]: 8241585 [info   ] {APP }: Connected
07-17 21:36:00.076  2903  3566 I InputDevice_TrackedRemote: REMOTE: Hand=1 IndexAnalog=0.00 GripAnalog=0.00 Buttons=0x00000000
07-17 21:36:00.077   873 24323 W [CT]    : CONSTELLATION: R: In GetVisionPrediction: No attitude buffer entries for prediction available. Muting log for 1 sec.
07-17 21:36:00.079  1053  1150 W InputReader: Device has associated, but no associated display id.
07-17 21:36:00.079   873 11384 W TrackingService: attachClient: found client in attached list
07-17 21:36:00.082  1900  1900 I [OAO] ShellOverlayServiceJNI: NativePTKServiceNotifyDeviceConnectionChanged
07-17 21:36:00.082  4419  4502 E OsSdk   : error getting shared memory region, memory type: HeadTracker, failed with Status(-1, EX_SECURITY): 'requested shared memory region when not registered/focused'
07-17 21:36:00.100   873 24314 I [CT]    : VegaTrackTracker: Continuing tracking on submap Submap id = 0, version = 1, active contexts: 1
07-17 21:36:00.101   873 24323 I [CT]    : CONSTELLATION: R: Successfully reinitialized 6DoF filter. Keep Cov and Calib States = N. Keep velocity state and covariance = N
07-17 21:36:00.101   873 24323 W [CT]    : CONSTELLATION: L: Camera is ahead of IMU by 13602664.0 ms! Sleeping vision thread for 5 ms.
07-17 21:36:00.104   742 24230 I SyncBossInput: [info   ] [jedi ( left) a9a80a0exxxxxxxx]: 6194480 [info   ] {THDG}: active_seek -> inactive_seek
07-17 21:36:00.106   873 24323 W [CT]    : CONSTELLATION: L: Cam ahead of IMU by 13602664.0 ms. Ignore this pose sample. Last IMU timestamp: -1.0000 seconds.
07-17 21:36:00.106   873 24323 I [CT]    : CONSTELLATION:VISION_STATUS: a9a80a0e7fafaba7 (L): BlobDetection:[#BlobsDetected=(24.00, 0.00)]Matching:[MatchSuccess=1.000, MatchCost=(0.00140, 0.00000), #MatchedBlobs=(12.00, 0.00), #MatchedLeds=(7.00, 0.00), RematchM=0.000, SkipRefine=0.000] MatchMethod:[Prox=0.000, ConstBrute=0.000, UnconstBrute=1.000] MatchResets[AnomBlobSize=0.000, SharedMatch=0.000, DenseReacq=0.000] | Fusion:[FusionError=1.000, ImuFromCamMs=(-13602663.982, 0.000), RematchF=0.000] FusionUpdates:[Successful=0.000, Reliable=0.000, TightFusion=0.000, FullPose=0.000, StaticPrior=0.000, StaticForHandTrans=0.000, PoseUpdateMD=(0.0000, 0.0000)] FusionResets[6DoFReset=0.000, ResetSuccess=0.000] FusionStatus[HasPosition=0.000, HasVelocity=0.000] 
07-17 21:36:00.106   873 24323 I [CT]    : TIMESTAMPCHECKER: Received first Camera-Constellation capture timestamp: 13601.663982000 [sec]
07-17 21:36:00.114   873 24290 E [CT]    : CONSTELLATION: L: Requesting reinitialization of 6DoF filter due to large time delta between current and last IMU sample: 13602.705516s
07-17 21:36:00.114   873 24290 I [CT]    : TorsoModel: initializing torsoYaw_
07-17 21:36:00.114   873 24290 I [CT]    : CONSTELLATION:IMU_STATUS: a9a80a0e7fafaba7 (L): [FusionTracked=0.000, OutputTracked=0.000, OutputValid=0.000] [AccelSat=0.000, GyroSat=0.000] 
07-17 21:36:00.114   873 24290 D TrackingService: [HANDTRACKING] Controller a9a80a0e7fafaba7 in hand: Y, valid: Y
07-17 21:36:00.123   742 24230 I SyncBossInput: [info   ] [jedi (right) bddc7818xxxxxxxx]: 8241586 [info   ] {THDG}: inactive_seek -> active_connected
07-17 21:36:00.124   873 11384 W TrackingService: attachClient: found client in attached list
07-17 21:36:00.127  4419  4502 E OsSdk   : error getting shared memory region, memory type: HeadTracker, failed with Status(-1, EX_SECURITY): 'requested shared memory region when not registered/focused'
07-17 21:36:00.131   742 24230 I SyncBossInput: [info   ] [jedi ( left) a9a80a0exxxxxxxx]: 8241106 [info   ] {APP }: Connected
07-17 21:36:00.135   873 24323 W [CT]    : CONSTELLATION: [Throttled count=28] L: State timestamp (13601.697315000 [sec]) is older than oldest timestamp in imu buffer (13601.705516000 [sec]) when trying to propagate state WITHOUT covariance to the target timestamp (13601.725406000 [sec]).
07-17 21:36:00.135   873 24323 I [CT]    : CONSTELLATION: L: Successfully reinitialized 6DoF filter. Keep Cov and Calib States = N. Keep velocity state and covariance = N
07-17 21:36:00.146   873 24323 E [CT]    : CONSTELLATION: L: In GetVisionPrediction: State buffer too small.
07-17 21:36:00.169   873 24323 E [CT]    : CONSTELLATION: L: Not able to retrieve imuState at captureTimestamp.
