07-17 21:35:58.582 24045 24305 D UE      : [2022.07.18-01.35.58:582][  0]LogAndroid: Error: HandleError re-entered.
07-17 21:35:58.582 24045 24305 D UE      : [2022.07.18-01.35.58:582][  0]LogAndroid: FAndroidMisc::RequestExit(1)
07-17 21:35:58.582 24045 24305 D UE      : [2022.07.18-01.35.58:582][  0]Assertion failed: IsInGameThread() [File:D:/build/++UE5/Sync/Engine/Source\Runtime/Core/Private/Misc/OutputDeviceRedirector.cpp] [Line: 277] 
07-17 21:35:58.582 24045 24305 D UE      : 
07-17 21:35:58.582 24045 24305 D UE      : [2022.07.18-01.35.58:582][  0]LogAndroid: Error: Error reentered: Assertion failed: IsInGameThread() [File:D:/build/++UE5/Sync/Engine/Source\Runtime/Core/Private/Misc/OutputDeviceRedirector.cpp] [Line: 277] 
07-17 21:35:58.582 24045 24305 D UE      : 
07-17 21:35:58.582 24045 24305 D UE      : 
07-17 21:35:58.583 24045 24305 D UE      : [2022.07.18-01.35.58:583][  0]LogAndroid: Error: HandleError re-entered.
07-17 21:35:58.583 24045 24305 D UE      : [2022.07.18-01.35.58:583][  0]LogAndroid: FAndroidMisc::RequestExit(1)
07-17 21:35:58.583 24045 24305 D UE      : [2022.07.18-01.35.58:583][  0]Assertion failed: IsInGameThread() [File:D:/build/++UE5/Sync/Engine/Source\Runtime/Core/Private/Misc/OutputDeviceRedirector.cpp] [Line: 277] 
07-17 21:35:58.583 24045 24305 D UE      : 
07-17 21:35:58.583 24045 24305 D UE      : [2022.07.18-01.35.58:583][  0]LogAndroid: Error: Error reentered: Assertion failed: IsInGameThread() [File:D:/build/++UE5/Sync/Engine/Source\Runtime/Core/Private/Misc/OutputDeviceRedirector.cpp] [Line: 277] 
07-17 21:35:58.583 24045 24305 D UE      : 
07-17 21:35:58.583 24045 24305 D UE      : 
07-17 21:35:58.583 24045 24305 D UE      : [2022.07.18-01.35.58:583][  0]LogAndroid: Error: HandleError re-entered.
07-17 21:35:58.583 24045 24305 D UE      : [2022.07.18-01.35.58:583][  0]LogAndroid: FAndroidMisc::RequestExit(1)
07-17 21:35:58.583 24045 24305 D UE      : [2022.07.18-01.35.58:583][  0]Assertion failed: IsInGameThread() [File:D:/build/++UE5/Sync/Engine/Source\Runtime/Core/Private/Misc/OutputDeviceRedirector.cpp] [Line: 277] 
07-17 21:35:58.583 24045 24305 D UE      : 
07-17 21:35:58.583 24045 24305 D UE      : [2022.07.18-01.35.58:583][  0]LogAndroid: Error: Error reentered: Assertion failed: IsInGameThread() [File:D:/build/++UE5/Sync/Engine/Source\Runtime/Core/Private/Misc/OutputDeviceRedirector.cpp] [Line: 277] 
07-17 21:35:58.583 24045 24305 D UE      : 
07-17 21:35:58.583 24045 24305 D UE      : 
07-17 21:35:58.583 24045 24305 D UE      : [2022.07.18-01.35.58:583][  0]LogAndroid: Error: HandleError re-entered.
07-17 21:35:58.583 24045 24305 D UE      : [2022.07.18-01.35.58:583][  0]LogAndroid: FAndroidMisc::RequestExit(1)
07-17 21:35:58.583 24045 24305 D UE      : [2022.07.18-01.35.58:583][  0]Assertion failed: IsInGameThread() [File:D:/build/++UE5/Sync/Engine/Source\Runtime/Core/Private/Misc/OutputDeviceRedirector.cpp] [Line: 277] 
07-17 21:35:58.583 24045 24305 D UE      : 
07-17 21:35:58.583 24045 24305 D UE      : [2022.07.18-01.35.58:583][  0]LogAndroid: Error: Error reentered: Assertion failed: IsInGameThread() [File:D:/build/++UE5/Sync/Engine/Source\Runtime/Core/Private/Misc/OutputDeviceRedirector.cpp] [Line: 277] 
07-17 21:35:58.583 24045 24305 D UE      : 
07-17 21:35:58.583 24045 24305 D UE      : 
07-17 21:35:58.583 24045 24305 D UE      : [2022.07.18-01.35.58:583][  0]LogAndroid: Error: HandleError re-entered.
07-17 21:35:58.583 24045 24305 D UE      : [2022.07.18-01.35.58:583][  0]LogAndroid: FAndroidMisc::RequestExit(1)
07-17 21:35:58.583 24045 24305 D UE      : [2022.07.18-01.35.58:583][  0]Assertion failed: IsInGameThread() [File:D:/build/++UE5/Sync/Engine/Source\Runtime/Core/Private/Misc/OutputDeviceRedirector.cpp] [Line: 277] 
07-17 21:35:58.583 24045 24305 D UE      : 
07-17 21:35:58.583 24045 24305 D UE      : [2022.07.18-01.35.58:583][  0]LogAndroid: Error: Error reentered: Assertion failed: IsInGameThread() [File:D:/build/++UE5/Sync/Engine/Source\Runtime/Core/Private/Misc/OutputDeviceRedirector.cpp] [Line: 277] 
07-17 21:35:58.583 24045 24305 D UE      : 
07-17 21:35:58.583 24045 24305 D UE      : 
07-17 21:35:58.583 24045 24305 D UE      : [2022.07.18-01.35.58:583][  0]LogAndroid: Error: HandleError re-entered.
07-17 21:35:58.583 24045 24305 D UE      : [2022.07.18-01.35.58:583][  0]LogAndroid: FAndroidMisc::RequestExit(1)
07-17 21:35:58.583 24045 24305 D UE      : [2022.07.18-01.35.58:583][  0]Assertion failed: IsInGameThread() [File:D:/build/++UE5/Sync/Engine/Source\Runtime/Core/Private/Misc/OutputDeviceRedirector.cpp] [Line: 277] 
07-17 21:35:58.583 24045 24305 D UE      : 
07-17 21:35:58.583 24045 24305 D UE      : [2022.07.18-01.35.58:583][  0]LogAndroid: Error: Error reentered: Assertion failed: IsInGameThread() [File:D:/build/++UE5/Sync/Engine/Source\Runtime/Core/Private/Misc/OutputDeviceRedirector.cpp] [Line: 277] 
07-17 21:35:58.583 24045 24305 D UE      : 
07-17 21:35:58.583 24045 24305 D UE      : 
07-17 21:35:58.583 24045 24305 D UE      : [2022.07.18-01.35.58:583][  0]LogAndroid: Error: HandleError re-entered.
07-17 21:35:58.583 24045 24305 D UE      : [2022.07.18-01.35.58:583][  0]LogAndroid: FAndroidMisc::RequestExit(1)
07-17 21:35:58.584 24045 24305 D UE      : [2022.07.18-01.35.58:584][  0]Assertion failed: IsInGameThread() [File:D:/build/++UE5/Sync/Engine/Source\Runtime/Core/Private/Misc/OutputDeviceRedirector.cpp] [Line: 277] 
07-17 21:35:58.584 24045 24305 D UE      : 
07-17 21:35:58.584 24045 24305 D UE      : [2022.07.18-01.35.58:584][  0]LogAndroid: Error: Error reentered: Assertion failed: IsInGameThread() [File:D:/build/++UE5/Sync/Engine/Source\Runtime/Core/Private/Misc/OutputDeviceRedirector.cpp] [Line: 277] 
07-17 21:35:58.584 24045 24305 D UE      : 
07-17 21:35:58.584 24045 24305 D UE      : 
07-17 21:35:58.584 24045 24305 D UE      : [2022.07.18-01.35.58:584][  0]LogAndroid: Error: HandleError re-entered.
07-17 21:35:58.584 24045 24305 D UE      : [2022.07.18-01.35.58:584][  0]LogAndroid: FAndroidMisc::RequestExit(1)
07-17 21:35:58.584 24045 24305 D UE      : [2022.07.18-01.35.58:584][  0]Assertion failed: IsInGameThread() [File:D:/build/++UE5/Sync/Engine/Source\Runtime/Core/Private/Misc/OutputDeviceRedirector.cpp] [Line: 277] 
07-17 21:35:58.584 24045 24305 D UE      : 
07-17 21:35:58.584 24045 24305 D UE      : [2022.07.18-01.35.58:584][  0]LogAndroid: Error: Error reentered: Assertion failed: IsInGameThread() [File:D:/build/++UE5/Sync/Engine/Source\Runtime/Core/Private/Misc/OutputDeviceRedirector.cpp] [Line: 277] 
07-17 21:35:58.584 24045 24305 D UE      : 
07-17 21:35:58.584 24045 24305 D UE      : 
07-17 21:35:58.584 24045 24305 D UE      : [2022.07.18-01.35.58:584][  0]LogAndroid: Error: HandleError re-entered.
07-17 21:35:58.584 24045 24305 D UE      : [2022.07.18-01.35.58:584][  0]LogAndroid: FAndroidMisc::RequestExit(1)
07-17 21:35:58.584 24045 24305 D UE      : [2022.07.18-01.35.58:584][  0]Assertion failed: IsInGameThread() [File:D:/build/++UE5/Sync/Engine/Source\Runtime/Core/Private/Misc/OutputDeviceRedirector.cpp] [Line: 277] 
07-17 21:35:58.584 24045 24305 D UE      : 
07-17 21:35:58.584 24045 24305 D UE      : [2022.07.18-01.35.58:584][  0]LogAndroid: Error: Error reentered: Assertion failed: IsInGameThread() [File:D:/build/++UE5/Sync/Engine/Source\Runtime/Core/Private/Misc/OutputDeviceRedirector.cpp] [Line: 277] 
07-17 21:35:58.584 24045 24305 D UE      : 
07-17 21:35:58.584 24045 24305 D UE      : 
07-17 21:35:58.584 24045 24305 D UE      : [2022.07.18-01.35.58:584][  0]LogAndroid: Error: HandleError re-entered.
07-17 21:35:58.584 24045 24305 D UE      : [2022.07.18-01.35.58:584][  0]LogAndroid: FAndroidMisc::RequestExit(1)
07-17 21:35:58.585 24045 24305 D UE      : [2022.07.18-01.35.58:584][  0]Assertion failed: IsInGameThread() [File:D:/build/++UE5/Sync/Engine/Source\Runtime/Core/Private/Misc/OutputDeviceRedirector.cpp] [Line: 277] 
07-17 21:35:58.585 24045 24305 D UE      : 
07-17 21:35:58.585 24045 24305 D UE      : [2022.07.18-01.35.58:585][  0]LogAndroid: Error: Error reentered: Assertion failed: IsInGameThread() [File:D:/build/++UE5/Sync/Engine/Source\Runtime/Core/Private/Misc/OutputDeviceRedirector.cpp] [Line: 277] 
07-17 21:35:58.585 24045 24305 D UE      : 
07-17 21:35:58.585 24045 24305 D UE      : 
07-17 21:35:58.585 24045 24305 D UE      : [2022.07.18-01.35.58:585][  0]LogAndroid: Error: HandleError re-entered.
07-17 21:35:58.585 24045 24305 D UE      : [2022.07.18-01.35.58:585][  0]LogAndroid: FAndroidMisc::RequestExit(1)
07-17 21:35:58.585 24045 24305 D UE      : [2022.07.18-01.35.58:585][  0]Assertion failed: IsInGameThread() [File:D:/build/++UE5/Sync/Engine/Source\Runtime/Core/Private/Misc/OutputDeviceRedirector.cpp] [Line: 277] 
07-17 21:35:58.585 24045 24305 D UE      : 
07-17 21:35:58.585 24045 24305 D UE      : [2022.07.18-01.35.58:585][  0]LogAndroid: Error: Error reentered: Assertion failed: IsInGameThread() [File:D:/build/++UE5/Sync/Engine/Source\Runtime/Core/Private/Misc/OutputDeviceRedirector.cpp] [Line: 277] 
07-17 21:35:58.585 24045 24305 D UE      : 
07-17 21:35:58.585 24045 24305 D UE      : 
07-17 21:35:58.585 24045 24305 D UE      : [2022.07.18-01.35.58:585][  0]LogAndroid: Error: HandleError re-entered.
07-17 21:35:58.585 24045 24305 D UE      : [2022.07.18-01.35.58:585][  0]LogAndroid: FAndroidMisc::RequestExit(1)
07-17 21:35:58.585 24045 24305 D UE      : [2022.07.18-01.35.58:585][  0]Assertion failed: IsInGameThread() [File:D:/build/++UE5/Sync/Engine/Source\Runtime/Core/Private/Misc/OutputDeviceRedirector.cpp] [Line: 277] 
07-17 21:35:58.585 24045 24305 D UE      : 
07-17 21:35:58.585 24045 24305 D UE      : [2022.07.18-01.35.58:585][  0]LogAndroid: Error: Error reentered: Assertion failed: IsInGameThread() [File:D:/build/++UE5/Sync/Engine/Source\Runtime/Core/Private/Misc/OutputDeviceRedirector.cpp] [Line: 277] 
07-17 21:35:58.585 24045 24305 D UE      : 
07-17 21:35:58.585 24045 24305 D UE      : 
07-17 21:35:58.585 24045 24305 D UE      : [2022.07.18-01.35.58:585][  0]LogAndroid: Error: HandleError re-entered.
07-17 21:35:58.585 24045 24305 D UE      : [2022.07.18-01.35.58:585][  0]LogAndroid: FAndroidMisc::RequestExit(1)
07-17 21:35:58.585 24045 24305 D UE      : [2022.07.18-01.35.58:585][  0]Assertion failed: IsInGameThread() [File:D:/build/++UE5/Sync/Engine/Source\Runtime/Core/Private/Misc/OutputDeviceRedirector.cpp] [Line: 277] 
07-17 21:35:58.585 24045 24305 D UE      : 
07-17 21:35:58.585 24045 24305 D UE      : [2022.07.18-01.35.58:585][  0]LogAndroid: Error: Error reentered: Assertion failed: IsInGameThread() [File:D:/build/++UE5/Sync/Engine/Source\Runtime/Core/Private/Misc/OutputDeviceRedirector.cpp] [Line: 277] 
07-17 21:35:58.585 24045 24305 D UE      : 
07-17 21:35:58.585 24045 24305 D UE      : 
07-17 21:35:58.585 24045 24305 D UE      : [2022.07.18-01.35.58:585][  0]LogAndroid: Error: HandleError re-entered.
07-17 21:35:58.585 24045 24305 D UE      : [2022.07.18-01.35.58:585][  0]LogAndroid: FAndroidMisc::RequestExit(1)
07-17 21:35:58.585 24045 24305 D UE      : [2022.07.18-01.35.58:585][  0]Assertion failed: IsInGameThread() [File:D:/build/++UE5/Sync/Engine/Source\Runtime/Core/Private/Misc/OutputDeviceRedirector.cpp] [Line: 277] 
07-17 21:35:58.585 24045 24305 D UE      : 
07-17 21:35:58.585 24045 24305 D UE      : [2022.07.18-01.35.58:585][  0]LogAndroid: Error: Error reentered: Assertion failed: IsInGameThread() [File:D:/build/++UE5/Sync/Engine/Source\Runtime/Core/Private/Misc/OutputDeviceRedirector.cpp] [Line: 277] 
07-17 21:35:58.585 24045 24305 D UE      : 
07-17 21:35:58.585 24045 24305 D UE      : 
07-17 21:35:58.585 24045 24305 D UE      : [2022.07.18-01.35.58:585][  0]LogAndroid: Error: HandleError re-entered.
07-17 21:35:58.585 24045 24305 D UE      : [2022.07.18-01.35.58:585][  0]LogAndroid: FAndroidMisc::RequestExit(1)
07-17 21:35:58.585 24045 24305 D UE      : [2022.07.18-01.35.58:585][  0]Assertion failed: IsInGameThread() [File:D:/build/++UE5/Sync/Engine/Source\Runtime/Core/Private/Misc/OutputDeviceRedirector.cpp] [Line: 277] 
07-17 21:35:58.585 24045 24305 D UE      : 
07-17 21:35:58.585 24045 24305 D UE      : [2022.07.18-01.35.58:585][  0]LogAndroid: Error: Error reentered: Assertion failed: IsInGameThread() [File:D:/build/++UE5/Sync/Engine/Source\Runtime/Core/Private/Misc/OutputDeviceRedirector.cpp] [Line: 277] 
07-17 21:35:58.585 24045 24305 D UE      : 
07-17 21:35:58.585 24045 24305 D UE      : 
07-17 21:35:58.585 24045 24305 D UE      : [2022.07.18-01.35.58:585][  0]LogAndroid: Error: HandleError re-entered.
07-17 21:35:58.586 24045 24305 D UE      : [2022.07.18-01.35.58:585][  0]LogAndroid: FAndroidMisc::RequestExit(1)
07-17 21:35:58.586 24045 24305 D UE      : [2022.07.18-01.35.58:586][  0]Assertion failed: IsInGameThread() [File:D:/build/++UE5/Sync/Engine/Source\Runtime/Core/Private/Misc/OutputDeviceRedirector.cpp] [Line: 277] 
07-17 21:35:58.586 24045 24305 D UE      : 
07-17 21:35:58.586 24045 24305 D UE      : [2022.07.18-01.35.58:586][  0]LogAndroid: Error: Error reentered: Assertion failed: IsInGameThread() [File:D:/build/++UE5/Sync/Engine/Source\Runtime/Core/Private/Misc/OutputDeviceRedirector.cpp] [Line: 277] 
07-17 21:35:58.586 24045 24305 D UE      : 
07-17 21:35:58.586 24045 24305 D UE      : 
07-17 21:35:58.586 24045 24305 D UE      : [2022.07.18-01.35.58:586][  0]LogAndroid: Error: HandleError re-entered.
07-17 21:35:58.586 24045 24305 D UE      : [2022.07.18-01.35.58:586][  0]LogAndroid: FAndroidMisc::RequestExit(1)
07-17 21:35:58.586 24045 24305 D UE      : [2022.07.18-01.35.58:586][  0]Assertion failed: IsInGameThread() [File:D:/build/++UE5/Sync/Engine/Source\Runtime/Core/Private/Misc/OutputDeviceRedirector.cpp] [Line: 277] 
07-17 21:35:58.586 24045 24305 D UE      : 
07-17 21:35:58.586 24045 24305 D UE      : [2022.07.18-01.35.58:586][  0]LogAndroid: Error: Error reentered: Assertion failed: IsInGameThread() [File:D:/build/++UE5/Sync/Engine/Source\Runtime/Core/Private/Misc/OutputDeviceRedirector.cpp] [Line: 277] 
07-17 21:35:58.586 24045 24305 D UE      : 
07-17 21:35:58.586 24045 24305 D UE      : 
07-17 21:35:58.586 24045 24305 D UE      : [2022.07.18-01.35.58:586][  0]LogAndroid: Error: HandleError re-entered.
07-17 21:35:58.586 24045 24305 D UE      : [2022.07.18-01.35.58:586][  0]LogAndroid: FAndroidMisc::RequestExit(1)
07-17 21:35:58.586 24045 24305 D UE      : [2022.07.18-01.35.58:586][  0]Assertion failed: IsInGameThread() [File:D:/build/++UE5/Sync/Engine/Source\Runtime/Core/Private/Misc/OutputDeviceRedirector.cpp] [Line: 277] 
07-17 21:35:58.586 24045 24305 D UE      : 
07-17 21:35:58.586 24045 24305 D UE      : [2022.07.18-01.35.58:586][  0]LogAndroid: Error: Error reentered: Assertion failed: IsInGameThread() [File:D:/build/++UE5/Sync/Engine/Source\Runtime/Core/Private/Misc/OutputDeviceRedirector.cpp] [Line: 277] 
07-17 21:35:58.586 24045 24305 D UE      : 
07-17 21:35:58.586 24045 24305 D UE      : 
07-17 21:35:58.586 24045 24305 D UE      : [2022.07.18-01.35.58:586][  0]LogAndroid: Error: HandleError re-entered.
07-17 21:35:58.586 24045 24305 D UE      : [2022.07.18-01.35.58:586][  0]LogAndroid: FAndroidMisc::RequestExit(1)
07-17 21:35:58.586 24045 24305 D UE      : [2022.07.18-01.35.58:586][  0]Assertion failed: IsInGameThread() [File:D:/build/++UE5/Sync/Engine/Source\Runtime/Core/Private/Misc/OutputDeviceRedirector.cpp] [Line: 277] 
07-17 21:35:58.586 24045 24305 D UE      : 
07-17 21:35:58.586 24045 24305 D UE      : [2022.07.18-01.35.58:586][  0]LogAndroid: Error: Error reentered: Assertion failed: IsInGameThread() [File:D:/build/++UE5/Sync/Engine/Source\Runtime/Core/Private/Misc/OutputDeviceRedirector.cpp] [Line: 277] 
07-17 21:35:58.586 24045 24305 D UE      : 
07-17 21:35:58.586 24045 24305 D UE      : 
07-17 21:35:58.586 24045 24305 D UE      : [2022.07.18-01.35.58:586][  0]LogAndroid: Error: HandleError re-entered.
07-17 21:35:58.586 24045 24305 D UE      : [2022.07.18-01.35.58:586][  0]LogAndroid: FAndroidMisc::RequestExit(1)
07-17 21:35:58.586 24045 24305 D UE      : [2022.07.18-01.35.58:586][  0]Assertion failed: IsInGameThread() [File:D:/build/++UE5/Sync/Engine/Source\Runtime/Core/Private/Misc/OutputDeviceRedirector.cpp] [Line: 277] 
07-17 21:35:58.586 24045 24305 D UE      : 
07-17 21:35:58.586 24045 24305 D UE      : [2022.07.18-01.35.58:586][  0]LogAndroid: Error: Error reentered: Assertion failed: IsInGameThread() [File:D:/build/++UE5/Sync/Engine/Source\Runtime/Core/Private/Misc/OutputDeviceRedirector.cpp] [Line: 277] 
07-17 21:35:58.586 24045 24305 D UE      : 
07-17 21:35:58.586 24045 24305 D UE      : 
07-17 21:35:58.586 24045 24305 D UE      : [2022.07.18-01.35.58:586][  0]LogAndroid: Error: HandleError re-entered.
07-17 21:35:58.586 24045 24305 D UE      : [2022.07.18-01.35.58:586][  0]LogAndroid: FAndroidMisc::RequestExit(1)
07-17 21:35:58.586 24045 24305 D UE      : [2022.07.18-01.35.58:586][  0]Assertion failed: IsInGameThread() [File:D:/build/++UE5/Sync/Engine/Source\Runtime/Core/Private/Misc/OutputDeviceRedirector.cpp] [Line: 277] 
07-17 21:35:58.586 24045 24305 D UE      : 
07-17 21:35:58.586 24045 24305 D UE      : [2022.07.18-01.35.58:586][  0]LogAndroid: Error: Error reentered: Assertion failed: IsInGameThread() [File:D:/build/++UE5/Sync/Engine/Source\Runtime/Core/Private/Misc/OutputDeviceRedirector.cpp] [Line: 277] 
07-17 21:35:58.586 24045 24305 D UE      : 
07-17 21:35:58.586 24045 24305 D UE      : 
07-17 21:35:58.586 24045 24305 D UE      : [2022.07.18-01.35.58:586][  0]LogAndroid: Error: HandleError re-entered.
07-17 21:35:58.586 24045 24305 D UE      : [2022.07.18-01.35.58:586][  0]LogAndroid: FAndroidMisc::RequestExit(1)
07-17 21:35:58.586 24045 24305 D UE      : [2022.07.18-01.35.58:586][  0]Assertion failed: IsInGameThread() [File:D:/build/++UE5/Sync/Engine/Source\Runtime/Core/Private/Misc/OutputDeviceRedirector.cpp] [Line: 277] 
07-17 21:35:58.586 24045 24305 D UE      : 
07-17 21:35:58.586 24045 24305 D UE      : [2022.07.18-01.35.58:586][  0]LogAndroid: Error: Error reentered: Assertion failed: IsInGameThread() [File:D:/build/++UE5/Sync/Engine/Source\Runtime/Core/Private/Misc/OutputDeviceRedirector.cpp] [Line: 277] 
07-17 21:35:58.586 24045 24305 D UE      : 
07-17 21:35:58.586 24045 24305 D UE      : 
07-17 21:35:58.586 24045 24305 D UE      : [2022.07.18-01.35.58:586][  0]LogAndroid: Error: HandleError re-entered.
07-17 21:35:58.586 24045 24305 D UE      : [2022.07.18-01.35.58:586][  0]LogAndroid: FAndroidMisc::RequestExit(1)
07-17 21:35:58.586 24045 24305 D UE      : [2022.07.18-01.35.58:586][  0]Assertion failed: IsInGameThread() [File:D:/build/++UE5/Sync/Engine/Source\Runtime/Core/Private/Misc/OutputDeviceRedirector.cpp] [Line: 277] 
07-17 21:35:58.586 24045 24305 D UE      : 
07-17 21:35:58.587 24045 24305 D UE      : [2022.07.18-01.35.58:586][  0]LogAndroid: Error: Error reentered: Assertion failed: IsInGameThread() [File:D:/build/++UE5/Sync/Engine/Source\Runtime/Core/Private/Misc/OutputDeviceRedirector.cpp] [Line: 277] 
07-17 21:35:58.587 24045 24305 D UE      : 
07-17 21:35:58.587 24045 24305 D UE      : 
07-17 21:35:58.587 24045 24305 D UE      : [2022.07.18-01.35.58:587][  0]LogAndroid: Error: HandleError re-entered.
07-17 21:35:58.587 24045 24305 D UE      : [2022.07.18-01.35.58:587][  0]LogAndroid: FAndroidMisc::RequestExit(1)
07-17 21:35:58.587 24045 24305 D UE      : [2022.07.18-01.35.58:587][  0]Assertion failed: IsInGameThread() [File:D:/build/++UE5/Sync/Engine/Source\Runtime/Core/Private/Misc/OutputDeviceRedirector.cpp] [Line: 277] 
07-17 21:35:58.587 24045 24305 D UE      : 
07-17 21:35:58.587 24045 24305 D UE      : [2022.07.18-01.35.58:587][  0]LogAndroid: Error: Error reentered: Assertion failed: IsInGameThread() [File:D:/build/++UE5/Sync/Engine/Source\Runtime/Core/Private/Misc/OutputDeviceRedirector.cpp] [Line: 277] 
07-17 21:35:58.587 24045 24305 D UE      : 
07-17 21:35:58.587 24045 24305 D UE      : 
07-17 21:35:58.587 24045 24305 D UE      : [2022.07.18-01.35.58:587][  0]LogAndroid: Error: HandleError re-entered.
07-17 21:35:58.587 24045 24305 D UE      : [2022.07.18-01.35.58:587][  0]LogAndroid: FAndroidMisc::RequestExit(1)
07-17 21:35:58.587 24045 24305 D UE      : [2022.07.18-01.35.58:587][  0]Assertion failed: IsInGameThread() [File:D:/build/++UE5/Sync/Engine/Source\Runtime/Core/Private/Misc/OutputDeviceRedirector.cpp] [Line: 277] 
07-17 21:35:58.587 24045 24305 D UE      : 
07-17 21:35:58.587 24045 24305 D UE      : [2022.07.18-01.35.58:587][  0]LogAndroid: Error: Error reentered: Assertion failed: IsInGameThread() [File:D:/build/++UE5/Sync/Engine/Source\Runtime/Core/Private/Misc/OutputDeviceRedirector.cpp] [Line: 277] 
07-17 21:35:58.587 24045 24305 D UE      : 
07-17 21:35:58.587 24045 24305 D UE      : 
07-17 21:35:58.587 24045 24305 D UE      : [2022.07.18-01.35.58:587][  0]LogAndroid: Error: HandleError re-entered.
07-17 21:35:58.587 24045 24305 D UE      : [2022.07.18-01.35.58:587][  0]LogAndroid: FAndroidMisc::RequestExit(1)
07-17 21:35:58.587 24045 24305 D UE      : [2022.07.18-01.35.58:587][  0]Assertion failed: IsInGameThread() [File:D:/build/++UE5/Sync/Engine/Source\Runtime/Core/Private/Misc/OutputDeviceRedirector.cpp] [Line: 277] 
07-17 21:35:58.587 24045 24305 D UE      : 
07-17 21:35:58.587 24045 24305 D UE      : [2022.07.18-01.35.58:587][  0]LogAndroid: Error: Error reentered: Assertion failed: IsInGameThread() [File:D:/build/++UE5/Sync/Engine/Source\Runtime/Core/Private/Misc/OutputDeviceRedirector.cpp] [Line: 277] 
07-17 21:35:58.587 24045 24305 D UE      : 
07-17 21:35:58.587 24045 24305 D UE      : 
07-17 21:35:58.587 24045 24305 D UE      : [2022.07.18-01.35.58:587][  0]LogAndroid: Error: HandleError re-entered.
07-17 21:35:58.587 24045 24305 D UE      : [2022.07.18-01.35.58:587][  0]LogAndroid: FAndroidMisc::RequestExit(1)
07-17 21:35:58.587 24045 24305 D UE      : [2022.07.18-01.35.58:587][  0]Assertion failed: IsInGameThread() [File:D:/build/++UE5/Sync/Engine/Source\Runtime/Core/Private/Misc/OutputDeviceRedirector.cpp] [Line: 277] 
07-17 21:35:58.587 24045 24305 D UE      : 
07-17 21:35:58.587 24045 24305 D UE      : [2022.07.18-01.35.58:587][  0]LogAndroid: Error: Error reentered: Assertion failed: IsInGameThread() [File:D:/build/++UE5/Sync/Engine/Source\Runtime/Core/Private/Misc/OutputDeviceRedirector.cpp] [Line: 277] 
07-17 21:35:58.587 24045 24305 D UE      : 
07-17 21:35:58.587 24045 24305 D UE      : 
07-17 21:35:58.587 24045 24305 D UE      : [2022.07.18-01.35.58:587][  0]LogAndroid: Error: HandleError re-entered.
07-17 21:35:58.587 24045 24305 D UE      : [2022.07.18-01.35.58:587][  0]LogAndroid: FAndroidMisc::RequestExit(1)
07-17 21:35:58.587 24045 24305 D UE      : [2022.07.18-01.35.58:587][  0]Assertion failed: IsInGameThread() [File:D:/build/++UE5/Sync/Engine/Source\Runtime/Core/Private/Misc/OutputDeviceRedirector.cpp] [Line: 277] 
07-17 21:35:58.587 24045 24305 D UE      : 
07-17 21:35:58.587 24045 24305 D UE      : [2022.07.18-01.35.58:587][  0]LogAndroid: Error: Error reentered: Assertion failed: IsInGameThread() [File:D:/build/++UE5/Sync/Engine/Source\Runtime/Core/Private/Misc/OutputDeviceRedirector.cpp] [Line: 277] 
07-17 21:35:58.587 24045 24305 D UE      : 
07-17 21:35:58.587 24045 24305 D UE      : 
07-17 21:35:58.587 24045 24305 D UE      : [2022.07.18-01.35.58:587][  0]LogAndroid: Error: HandleError re-entered.
07-17 21:35:58.587 24045 24305 D UE      : [2022.07.18-01.35.58:587][  0]LogAndroid: FAndroidMisc::RequestExit(1)
07-17 21:35:58.587 24045 24305 D UE      : [2022.07.18-01.35.58:587][  0]Assertion failed: IsInGameThread() [File:D:/build/++UE5/Sync/Engine/Source\Runtime/Core/Private/Misc/OutputDeviceRedirector.cpp] [Line: 277] 
07-17 21:35:58.587 24045 24305 D UE      : 
07-17 21:35:58.588 24045 24305 D UE      : [2022.07.18-01.35.58:587][  0]LogAndroid: Error: Error reentered: Assertion failed: IsInGameThread() [File:D:/build/++UE5/Sync/Engine/Source\Runtime/Core/Private/Misc/OutputDeviceRedirector.cpp] [Line: 277] 
07-17 21:35:58.588 24045 24305 D UE      : 
07-17 21:35:58.588 24045 24305 D UE      : 
07-17 21:35:58.588 24045 24305 D UE      : [2022.07.18-01.35.58:588][  0]LogAndroid: Error: HandleError re-entered.
07-17 21:35:58.588 24045 24305 D UE      : [2022.07.18-01.35.58:588][  0]LogAndroid: FAndroidMisc::RequestExit(1)
07-17 21:35:58.588 24045 24305 D UE      : [2022.07.18-01.35.58:588][  0]Assertion failed: IsInGameThread() [File:D:/build/++UE5/Sync/Engine/Source\Runtime/Core/Private/Misc/OutputDeviceRedirector.cpp] [Line: 277] 
07-17 21:35:58.588 24045 24305 D UE      : 
07-17 21:35:58.588 24045 24305 D UE      : [2022.07.18-01.35.58:588][  0]LogAndroid: Error: Error reentered: Assertion failed: IsInGameThread() [File:D:/build/++UE5/Sync/Engine/Source\Runtime/Core/Private/Misc/OutputDeviceRedirector.cpp] [Line: 277] 
07-17 21:35:58.588 24045 24305 D UE      : 
07-17 21:35:58.588 24045 24305 D UE      : 
07-17 21:35:58.588 24045 24305 D UE      : [2022.07.18-01.35.58:588][  0]LogAndroid: Error: HandleError re-entered.
07-17 21:35:58.588 24045 24305 D UE      : [2022.07.18-01.35.58:588][  0]LogAndroid: FAndroidMisc::RequestExit(1)
07-17 21:35:58.588 24045 24305 D UE      : [2022.07.18-01.35.58:588][  0]Assertion failed: IsInGameThread() [File:D:/build/++UE5/Sync/Engine/Source\Runtime/Core/Private/Misc/OutputDeviceRedirector.cpp] [Line: 277] 
07-17 21:35:58.588 24045 24305 D UE      : 
07-17 21:35:58.588 24045 24305 D UE      : [2022.07.18-01.35.58:588][  0]LogAndroid: Error: Error reentered: Assertion failed: IsInGameThread() [File:D:/build/++UE5/Sync/Engine/Source\Runtime/Core/Private/Misc/OutputDeviceRedirector.cpp] [Line: 277] 
07-17 21:35:58.588 24045 24305 D UE      : 
07-17 21:35:58.588 24045 24305 D UE      : 
07-17 21:35:58.588 24045 24305 D UE      : [2022.07.18-01.35.58:588][  0]LogAndroid: Error: HandleError re-entered.
07-17 21:35:58.588 24045 24305 D UE      : [2022.07.18-01.35.58:588][  0]LogAndroid: FAndroidMisc::RequestExit(1)
07-17 21:35:58.588 24045 24305 D UE      : [2022.07.18-01.35.58:588][  0]Assertion failed: IsInGameThread() [File:D:/build/++UE5/Sync/Engine/Source\Runtime/Core/Private/Misc/OutputDeviceRedirector.cpp] [Line: 277] 
07-17 21:35:58.588 24045 24305 D UE      : 
07-17 21:35:58.588 24045 24305 D UE      : [2022.07.18-01.35.58:588][  0]LogAndroid: Error: Error reentered: Assertion failed: IsInGameThread() [File:D:/build/++UE5/Sync/Engine/Source\Runtime/Core/Private/Misc/OutputDeviceRedirector.cpp] [Line: 277] 
07-17 21:35:58.588 24045 24305 D UE      : 
07-17 21:35:58.588 24045 24305 D UE      : 
07-17 21:35:58.588 24045 24305 D UE      : [2022.07.18-01.35.58:588][  0]LogAndroid: Error: HandleError re-entered.
07-17 21:35:58.588 24045 24305 D UE      : [2022.07.18-01.35.58:588][  0]LogAndroid: FAndroidMisc::RequestExit(1)
07-17 21:35:58.589 24045 24305 D UE      : [2022.07.18-01.35.58:588][  0]Assertion failed: IsInGameThread() [File:D:/build/++UE5/Sync/Engine/Source\Runtime/Core/Private/Misc/OutputDeviceRedirector.cpp] [Line: 277] 
07-17 21:35:58.589 24045 24305 D UE      : 
07-17 21:35:58.589 24045 24305 D UE      : [2022.07.18-01.35.58:589][  0]LogAndroid: Error: Error reentered: Assertion failed: IsInGameThread() [File:D:/build/++UE5/Sync/Engine/Source\Runtime/Core/Private/Misc/OutputDeviceRedirector.cpp] [Line: 277] 
07-17 21:35:58.589 24045 24305 D UE      : 
07-17 21:35:58.589 24045 24305 D UE      : 
07-17 21:35:58.589 24045 24305 D UE      : [2022.07.18-01.35.58:589][  0]LogAndroid: Error: HandleError re-entered.
07-17 21:35:58.589 24045 24305 D UE      : [2022.07.18-01.35.58:589][  0]LogAndroid: FAndroidMisc::RequestExit(1)
07-17 21:35:58.589 24045 24305 D UE      : [2022.07.18-01.35.58:589][  0]Assertion failed: IsInGameThread() [File:D:/build/++UE5/Sync/Engine/Source\Runtime/Core/Private/Misc/OutputDeviceRedirector.cpp] [Line: 277] 
07-17 21:35:58.589 24045 24305 D UE      : 
07-17 21:35:58.589 24045 24305 D UE      : [2022.07.18-01.35.58:589][  0]LogAndroid: Error: Error reentered: Assertion failed: IsInGameThread() [File:D:/build/++UE5/Sync/Engine/Source\Runtime/Core/Private/Misc/OutputDeviceRedirector.cpp] [Line: 277] 
07-17 21:35:58.589 24045 24305 D UE      : 
07-17 21:35:58.589 24045 24305 D UE      : 
07-17 21:35:58.589 24045 24305 D UE      : [2022.07.18-01.35.58:589][  0]LogAndroid: Error: HandleError re-entered.
07-17 21:35:58.589 24045 24305 D UE      : [2022.07.18-01.35.58:589][  0]LogAndroid: FAndroidMisc::RequestExit(1)
07-17 21:35:58.589 24045 24305 D UE      : [2022.07.18-01.35.58:589][  0]Assertion failed: IsInGameThread() [File:D:/build/++UE5/Sync/Engine/Source\Runtime/Core/Private/Misc/OutputDeviceRedirector.cpp] [Line: 277] 
07-17 21:35:58.589 24045 24305 D UE      : 
07-17 21:35:58.589 24045 24305 D UE      : [2022.07.18-01.35.58:589][  0]LogAndroid: Error: Error reentered: Assertion failed: IsInGameThread() [File:D:/build/++UE5/Sync/Engine/Source\Runtime/Core/Private/Misc/OutputDeviceRedirector.cpp] [Line: 277] 
07-17 21:35:58.589 24045 24305 D UE      : 
07-17 21:35:58.589 24045 24305 D UE      : 
07-17 21:35:58.589 24045 24305 D UE      : [2022.07.18-01.35.58:589][  0]LogAndroid: Error: HandleError re-entered.
07-17 21:35:58.589 24045 24305 D UE      : [2022.07.18-01.35.58:589][  0]LogAndroid: FAndroidMisc::RequestExit(1)
07-17 21:35:58.589 24045 24305 D UE      : [2022.07.18-01.35.58:589][  0]Assertion failed: IsInGameThread() [File:D:/build/++UE5/Sync/Engine/Source\Runtime/Core/Private/Misc/OutputDeviceRedirector.cpp] [Line: 277] 
07-17 21:35:58.589 24045 24305 D UE      : 
07-17 21:35:58.589 24045 24305 D UE      : [2022.07.18-01.35.58:589][  0]LogAndroid: Error: Error reentered: Assertion failed: IsInGameThread() [File:D:/build/++UE5/Sync/Engine/Source\Runtime/Core/Private/Misc/OutputDeviceRedirector.cpp] [Line: 277] 
07-17 21:35:58.589 24045 24305 D UE      : 
07-17 21:35:58.589 24045 24305 D UE      : 
07-17 21:35:58.589 24045 24305 D UE      : [2022.07.18-01.35.58:589][  0]LogAndroid: Error: HandleError re-entered.
07-17 21:35:58.589 24045 24305 D UE      : [2022.07.18-01.35.58:589][  0]LogAndroid: FAndroidMisc::RequestExit(1)
07-17 21:35:58.589 24045 24305 D UE      : [2022.07.18-01.35.58:589][  0]Assertion failed: IsInGameThread() [File:D:/build/++UE5/Sync/Engine/Source\Runtime/Core/Private/Misc/OutputDeviceRedirector.cpp] [Line: 277] 
07-17 21:35:58.589 24045 24305 D UE      : 
07-17 21:35:58.589 24045 24305 E crash-reporter-support: another thread is capturing a crash, bailing out
07-17 21:35:58.589 24045 24305 I crash-reporter (ART): failed to capture minidump crash
07-17 21:35:58.594   836   836 E crash-reporter-support: read() failed, reason: Success
07-17 21:35:58.595   836   836 E crash-reporter: Crash server failed to receive request from native crash client
07-17 21:35:58.596  4419  4502 E OsSdk   : error getting shared memory region, memory type: HeadTracker, failed with Status(-1, EX_SECURITY): 'requested shared memory region when not registered/focused'
07-17 21:35:58.611   873 24314 I [CT]    : VEGA:PERCEPTUAL_HM: Perceptually good tracking while exposing 3DoF. Delaying switch to 6DoF to gain confidence for 0.100002333 more seconds.
07-17 21:35:58.637  4419  4502 E OsSdk   : error getting shared memory region, memory type: HeadTracker, failed with Status(-1, EX_SECURITY): 'requested shared memory region when not registered/focused'
07-17 21:35:58.642   873 24314 I [CT]    : VEGA:PERCEPTUAL_HM: Perceptually good tracking while exposing 3DoF. Delaying switch to 6DoF to gain confidence for 0.066669333 more seconds.
07-17 21:35:58.676   873 24314 I [CT]    : VEGA:PERCEPTUAL_HM: Perceptually good tracking while exposing 3DoF. Delaying switch to 6DoF to gain confidence for 0.033336332999999996 more seconds.
07-17 21:35:58.678   873 24273 I [CT]    : VIPER:MAPPER: == Switching to : a0612408-7749-e169-7986-0124aa0a8c30 @ Context 1 ==
07-17 21:35:58.680  4419  4502 E OsSdk   : error getting shared memory region, memory type: HeadTracker, failed with Status(-1, EX_SECURITY): 'requested shared memory region when not registered/focused'
07-17 21:35:58.680   873 24273 W [CT]    : VIPER:MAPPER: Unable to merge PIM in Mapper
07-17 21:35:58.699   873 24314 I [CT]    : VegaTrackTracker: Continuing tracking on submap Submap id = 0, version = 1, active contexts: 1
07-17 21:35:58.710   873 24314 I [CT]    : VEGA:PERCEPTUAL_HM: Perceptually good tracking while exposing 3DoF. Delaying switch to 6DoF to gain confidence for 3.3329999999942572e-06 more seconds.
07-17 21:35:58.711   873  1205 I [CT]    : VIPER:LOCALIZER: Extracting non-gravity-aligned descriptors on train.
07-17 21:35:58.715  4419  4502 E OsSdk   : error getting shared memory region, memory type: HeadTracker, failed with Status(-1, EX_SECURITY): 'requested shared memory region when not registered/focused'
07-17 21:35:58.736  4419  4502 E OsSdk   : error getting shared memory region, memory type: HeadTracker, failed with Status(-1, EX_SECURITY): 'requested shared memory region when not registered/focused'
07-17 21:35:58.744   873 24314 I [CT]    : VEGA:PERCEPTUAL_HM: Perceptually good tracking. Transition to 6DoF.
07-17 21:35:58.746   873 24284 I [CT]    : VisionInterface: HMD Tracking switching to 6dof (from 3dof) - Engine State: Running
07-17 21:35:58.775  2903  2990 I StateMachine: StateMachine::Update TrackingLost: valid -> Valid
07-17 21:35:58.776  2903  2990 I [CT]    : GuardianMapDataMgr: CheckRelocalizationStatus: Relocalization done
07-17 21:35:58.776  2903  2990 W OsSdk   : Requested historical tracking state too far in the past; oldest: 13603.461570s, requested: 13602.451826s
07-17 21:35:58.777  4419  4502 E OsSdk   : error getting shared memory region, memory type: HeadTracker, failed with Status(-1, EX_SECURITY): 'requested shared memory region when not registered/focused'
07-17 21:35:58.778  1290  2988 I VrRuntimeService: RuntimeServiceSDKServer::SetGuardianSystemState: 1762302210
07-17 21:35:58.778  2903  2990 I GuardianSystem: UpdateGuardianSystemState: Flags changed: 544776, 524296, SYSTEM_ROOM_SCALE_ACTIVE,SYSTEM_RELOCALIZING,SYSTEM_TRACKING_LOST,SYSTEM_GUARDIAN_VALID to SYSTEM_ROOM_SCALE_ACTIVE,SYSTEM_GUARDIAN_VALID
07-17 21:35:58.778  2903  2990 I GuardianSystem: UpdateLocalSpaceToCurrentPose
07-17 21:35:58.778  1290  2988 I VrRuntimeService: RuntimeServiceSDKServer::UpdateLocalSpace
07-17 21:35:58.778  1290  2988 I VrRuntimeServer: UpdateLocalSpace: Src: 3, Version: 43, VersionUser: 0, RawFloorHeightOld: -1.619800, RawFloorHeightNew: -1.619800
07-17 21:35:58.779  2903  2990 I GuardianSystem: UpdateSystem: Responding to local space version number change.
07-17 21:35:58.779  2903  2990 I GuardianSurfaceMgr: ForceShowSurfaceBounds: false, 1.00
07-17 21:35:58.779  2903  2990 I GuardianSurfaceMgr: ForceShowSurfaceBounds: Soft fade out: currentTime 13603.73, ForceShowTime 13604.73, ForceShowFadeTime 13605.73
07-17 21:35:58.786  4419  4481 D xrstreaming: receive pong: org 13603725110379 recv 92420485293300 xmt 92420492580300 (received at 13603732699597), offset divergence 214907
07-17 21:35:58.786  4419  4481 D xrstreaming: new clock offset=78816760031812 (rtt: 302218, dispersion: 156110, jitter: 3944544)
07-17 21:35:58.812  1900  2853 I [OAO] VrPlatformOpenXr: xrPollEvent: received XR_TYPE_EVENT_DATA_REFERENCE_SPACE_CHANGE_PENDING event
07-17 21:35:58.814   873 11384 I chatty  : uid=1000(system) Binder:873_5 identical 17 lines
07-17 21:35:58.815  4419  4502 E OsSdk   : error getting shared memory region, memory type: HeadTracker, failed with Status(-1, EX_SECURITY): 'requested shared memory region when not registered/focused'
07-17 21:35:58.815   873 11384 W TrackingService: attachClient: found client in attached list
07-17 21:35:58.815  4419  4502 E OsSdk   : error getting shared memory region, memory type: AnchorTracker, failed with Status(-1, EX_SECURITY): 'requested shared memory region when not registered/focused'
07-17 21:35:58.817  2903  2990 I GuardianSystem: MountStateShouldPushBlack: Tracking changed to VALID
07-17 21:35:58.819  1290  2988 I VrRuntimeService: RuntimeServiceSDKServer::SetGuardianSystemState: 1762302210
07-17 21:35:58.819  2903  2990 I GuardianSystem: UpdateGuardianSystemState: Flags changed: 524296, 794632, SYSTEM_ROOM_SCALE_ACTIVE,SYSTEM_GUARDIAN_VALID to SYSTEM_ROOM_SCALE_ACTIVE,SYSTEM_GUARDIAN_VISIBLE,SYSTEM_SYSTEM_PT_VISIBLE,SYSTEM_GUARDIAN_VALID
07-17 21:35:58.824  1290  2651 I VrRuntimeServer: DisableCompositorClient: 0
07-17 21:35:58.824  1290  2651 I TimeWarpClientMgr: Disable client 0
07-17 21:35:58.824  1290  2651 I TimeWarpClientMgr: DisableClient: frame flush required: 1
07-17 21:35:58.826   742   742 W HwBinder:742_2: type=1400 audit(0.0:205): avc: denied { getattr } for path="/proc/871" dev="proc" ino=169271 scontext=u:r:hal_oculus_sensors:s0 tcontext=u:r:mrsystemservice:s0 tclass=dir permissive=0
07-17 21:35:58.826  4419  4481 D xrstreaming: receive ping: org 0 recv 0 xmt 92420531911500 (received at 13603772015014), offset divergence -492
07-17 21:35:58.827  2903  2990 W GuardianOpenXrMgr: @@@ wait frame retry=10 dtWait=0.000001 dtFrame=1.360889 submittedFrameIndex=114550
07-17 21:35:58.831  1713  3560 I [CT]    : MIXEDREALITY: MrFeatureStatus: Client status changed from Paused to Started.
07-17 21:35:58.831  1713  3560 I [CT]    : MIXEDREALITY: MrFeatureStatus: Target status Started, CurrentStatus: Paused
07-17 21:35:58.831  1713  3560 I [CT]    : MIXEDREALITY: MrFeatureStatus: Operation chain: Start
07-17 21:35:58.831  1290  2988 I VrRuntimeService: RuntimeServiceSDKServer::SetGuardianSystemState: 1762302210
07-17 21:35:58.832  2903  2990 I GuardianSystem: UpdateGuardianSystemState: Flags changed: 794632, 532488, SYSTEM_ROOM_SCALE_ACTIVE,SYSTEM_GUARDIAN_VISIBLE,SYSTEM_SYSTEM_PT_VISIBLE,SYSTEM_GUARDIAN_VALID to SYSTEM_ROOM_SCALE_ACTIVE,SYSTEM_GUARDIAN_VISIBLE,SYSTEM_GUARDIAN_VALID
07-17 21:35:58.832  1713  3560 I [CT]    : MIXEDREALITY: MrFeatureStatus: Global status changed from Paused to Started.
07-17 21:35:58.832  1713  3560 I [CT]    : MIXEDREALITY: MrServiceController: Queuing command linked to operation Start for feature 0
07-17 21:35:58.832  1713  3002 I [CT]    : MIXEDREALITY: MrServiceController: Executing passthroughStart on model
07-17 21:35:58.832  1713  3002 I [CT]    : MIXEDREALITY: MrServiceModel: passthroughStart()
07-17 21:35:58.832  1713  3002 I [CT]    : MIXEDREALITY: MrServiceModel: passthroughStart: Started Passthrough
07-17 21:35:58.832  2903  3561 I GuardianRender: Successfully changed mrSessionActiveMrRenderType_ from None to Passthrough
07-17 21:35:58.832  1713  3002 I [CT]    : MIXEDREALITY: MrRuntimeImpl: onResume, for capability 0. Target device 2.
07-17 21:35:58.833   871  3243 I [CT]    : MIXEDREALITY: PassthroughComputeCapability: MrChangePassthroughStatus
07-17 21:35:58.833   871  3243 I [CT]    : MIXEDREALITY: MrSystemServiceIPCServer: MrSystemServiceIPCServer::ChangeMrCapabilityStatus from 3505273617, request was 0/1
07-17 21:35:58.833   871  3243 I [CT]    : MIXEDREALITY: MrRuntimeCompute: onStart: Passthrough.
07-17 21:35:58.833   871  3243 I [CT]    : MR:Capability: Passthrough capability: start received from 3505273617
07-17 21:35:58.833   871  3243 I [CT]    : MIXEDREALITY: PassthroughComputeCapability: onStart: Instantiating Passthrough.
07-17 21:35:58.833   871  3243 I [CT]    : MIXEDREALITY: PassthroughMesh: PassthroughMesh: Initializing.
07-17 21:35:58.835   871  3243 I [CT]    : MIXEDREALITY: PassthroughMesh: PassthroughMesh: Initialized.
07-17 21:35:58.835   871  3243 I [CT]    : BOLTDEPTH: CvpDisparityPipeline: activate: CVP pipeline successfully activated.
07-17 21:35:58.837   871  3243 I CVP     : File: vendor/qcom/proprietary/cv-noship/cvp2/src/cpu/cvpPvtUtils.cpp Line: 163 Function: cvpSetPower() Msg: Update power to KMD
07-17 21:35:58.837   871  3243 I CVP     : File: vendor/qcom/proprietary/cv-noship/cvp2/src/cpu/cvpPower.cpp Line: 85 Function: cvpPrintPower() Msg: Actual      Clock: Fdu 0, Ica 0, Od 0, Mpu 0, Fw 0
07-17 21:35:58.837   871  3243 I CVP     : File: vendor/qcom/proprietary/cv-noship/cvp2/src/cpu/cvpPower.cpp Line: 89 Function: cvpPrintPower() Msg: Operational Clock: Fdu 0, Ica 0, Od 0, Mpu 0, Fw 0
07-17 21:35:58.837   871  3243 I CVP     : File: vendor/qcom/proprietary/cv-noship/cvp2/src/cpu/cvpPower.cpp Line: 91 Function: cvpPrintPower() Msg: Actual     Bw: Ddr 0, SysCache 0
07-17 21:35:58.837   871  3243 I CVP     : File: vendor/qcom/proprietary/cv-noship/cvp2/src/cpu/cvpPower.cpp Line: 93 Function: cvpPrintPower() Msg: Opeational Bw: Ddr 0, SysCache 0
07-17 21:35:58.837   871  3243 I CVP     : File: vendor/qcom/proprietary/cv-noship/cvp2/src/cpu/cvpPower.cpp Line: 1636 Function: cvpDeaggreatePower() Msg: After deaggregation
07-17 21:35:58.837   871  3243 I CVP     : File: vendor/qcom/proprietary/cv-noship/cvp2/src/cpu/cvpPower.cpp Line: 85 Function: cvpPrintPower() Msg: Actual      Clock: Fdu 0, Ica 0, Od 0, Mpu 0, Fw 0
07-17 21:35:58.837   871  3243 I CVP     : File: vendor/qcom/proprietary/cv-noship/cvp2/src/cpu/cvpPower.cpp Line: 89 Function: cvpPrintPower() Msg: Operational Clock: Fdu 0, Ica 0, Od 0, Mpu 0, Fw 0
07-17 21:35:58.837   871  3243 I CVP     : File: vendor/qcom/proprietary/cv-noship/cvp2/src/cpu/cvpPower.cpp Line: 91 Function: cvpPrintPower() Msg: Actual     Bw: Ddr 0, SysCache 0
07-17 21:35:58.837   871  3243 I CVP     : File: vendor/qcom/proprietary/cv-noship/cvp2/src/cpu/cvpPower.cpp Line: 93 Function: cvpPrintPower() Msg: Opeational Bw: Ddr 0, SysCache 0
07-17 21:35:58.838   871  3243 I CVP     : File: vendor/qcom/proprietary/cv-noship/cvp2/src/cpu/cvpPower.cpp Line: 1573 Function: cvpAggreatePower() Msg: After aggregation
07-17 21:35:58.838   871  3243 I CVP     : File: vendor/qcom/proprietary/cv-noship/cvp2/src/cpu/cvpPower.cpp Line: 85 Function: cvpPrintPower() Msg: Actual      Clock: Fdu 10345500, Ica 0, Od 0, Mpu 0, Fw 0
07-17 21:35:58.838   871  3243 I CVP     : File: vendor/qcom/proprietary/cv-noship/cvp2/src/cpu/cvpPower.cpp Line: 89 Function: cvpPrintPower() Msg: Operational Clock: Fdu 3448500000, Ica 0, Od 0, Mpu 0, Fw 0
07-17 21:35:58.838   871  3243 I CVP     : File: vendor/qcom/proprietary/cv-noship/cvp2/src/cpu/cvpPower.cpp Line: 91 Function: cvpPrintPower() Msg: Actual     Bw: Ddr 6048000, SysCache 0
07-17 21:35:58.838   871  3243 I CVP     : File: vendor/qcom/proprietary/cv-noship/cvp2/src/cpu/cvpPower.cpp Line: 93 Function: cvpPrintPower() Msg: Opeational Bw: Ddr 2016000000, SysCache 0
07-17 21:35:58.838   871  3243 I CVP     : File: vendor/qcom/proprietary/cv-noship/cvp2/src/cpu/cvpPvtUtils.cpp Line: 163 Function: cvpSetPower() Msg: Update power to KMD
07-17 21:35:58.838   871  3243 I CVP     : File: vendor/qcom/proprietary/cv-noship/cvp2/src/cpu/cvpPower.cpp Line: 85 Function: cvpPrintPower() Msg: Actual      Clock: Fdu 10345500, Ica 0, Od 0, Mpu 0, Fw 0
07-17 21:35:58.838   871  3243 I CVP     : File: vendor/qcom/proprietary/cv-noship/cvp2/src/cpu/cvpPower.cpp Line: 89 Function: cvpPrintPower() Msg: Operational Clock: Fdu 3448500000, Ica 0, Od 0, Mpu 0, Fw 0
07-17 21:35:58.838   871  3243 I CVP     : File: vendor/qcom/proprietary/cv-noship/cvp2/src/cpu/cvpPower.cpp Line: 91 Function: cvpPrintPower() Msg: Actual     Bw: Ddr 6048000, SysCache 0
07-17 21:35:58.838   871  3243 I CVP     : File: vendor/qcom/proprietary/cv-noship/cvp2/src/cpu/cvpPower.cpp Line: 93 Function: cvpPrintPower() Msg: Opeational Bw: Ddr 2016000000, SysCache 0
07-17 21:35:58.838   871  3243 I [CT]    : BOLT: CvpDfsDisparity: Set operating height to 168
07-17 21:35:58.838   871  3243 I [CT]    : BOLTDEPTH: BoltDepthSystem: activateClient: client 0 is activated.
07-17 21:35:58.838  1290  2651 I TimeWarpClientMgr: Enable client 0
07-17 21:35:58.838  1290  2651 I VrRuntimeServer: EnableCompositorClient client(0): layer placement(2147483643) flags(8) sm(0x7aa8a19160)
07-17 21:35:58.838   871  3243 I [CT]    : MIXEDREALITY: MrRuntimeCompute: onResume: Resuming Stereo Pipeline.
07-17 21:35:58.838   871  3243 I [CT]    : MIXEDREALITY: MrRuntimeCompute: Refreshing online calibration.
07-17 21:35:58.838   871  3243 I [CT]    : MIXEDREALITY: ServiceLogic: sendMrEngine: Resume
07-17 21:35:58.839   742  1006 E libosutils: failed to get real path of file /proc/871/cmdline, err: Permission denied
07-17 21:35:58.841   742  1006 I FrameSetDispatcher: [HEADSET] Client thread started
07-17 21:35:58.841   742  1006 E FrameSetDispatcher: [HEADSET] Frame Count Requirement violated: number of streaming clients: 4, maximum number of FrameSets: 4
07-17 21:35:58.841   742  1006 I CameraClientManager: [HEADSET] Added client - started clients: 4
07-17 21:35:58.842  1713  3002 I [CT]    : MIXEDREALITY: MrRuntimeImpl: setSessionInitTime: Session initialization timer was set to 13603.788048816 ns.
07-17 21:35:58.842  1713  3002 I [CT]    : MIXEDREALITY: MrRuntimeImpl: setSessionInitTime: Reset session duration timer after 1.406888177 seconds.
07-17 21:35:58.842  1713  3002 I [CT]    : MIXEDREALITY: MrServiceView: renderIteration: Rendering resuming.
07-17 21:35:58.842  1713  3002 I [CT]    : MIXEDREALITY: MrRuntimeImpl: onResume, for capability 0. Target device 2.
07-17 21:35:58.842   871  3243 I [CT]    : MIXEDREALITY: MrSystemServiceIPCServer: MrSystemServiceIPCServer::ChangeMrCapabilityStatus from 3505273617, request was 0/1
07-17 21:35:58.842   871  3243 I [CT]    : MIXEDREALITY: MrRuntimeCompute: onStart: Passthrough.
07-17 21:35:58.842   871  3243 I [CT]    : MR:Capability: Passthrough capability: start received from 3505273617
07-17 21:35:58.842   871  3243 E [CT]    : MR:Capability: Client 3505273617 already called start on Passthrough
07-17 21:35:58.842  1713  3002 I [CT]    : MIXEDREALITY: MrRuntimeImpl: setSessionInitTime: Session initialization timer was set to 13603.788328972 ns.
07-17 21:35:58.842  1713  3002 I [CT]    : MIXEDREALITY: MrRuntimeImpl: setSessionInitTime: Reset session duration timer after 0.000252917 seconds.
07-17 21:35:58.842  1713  3002 W OsSdk   : Requested historical tracking state too far in the past; oldest: 13603.534291s, requested: 13602.465759s
07-17 21:35:58.842  1713  3002 I [CT]    : MIXEDREALITY: MrSvc: PassthroughPresentationLayerImpl: Allocating framebuffers for layer -1 (Guardian) of size 640x640, internal format 0x822b, depth buffer type 0, swap chain length 2.
07-17 21:35:58.842  1290  3079 I VrRuntimeService: CreateSwapChain: 3505273617
07-17 21:35:58.842  1290  3079 I VrRuntimeService: CreateSwapChain: api:gles 0 0x822b 640 640 1 2 1 0 14
07-17 21:35:58.843  1290  3079 I VrRuntimeServer: CreateTextureSwapChain: result importswapchaingles 1
07-17 21:35:58.844  1713  3560 I [CT]    : MIXEDREALITY: MrFeatureStatus: Client status changed from Started to Paused.
07-17 21:35:58.844  1713  3560 I [CT]    : MIXEDREALITY: MrFeatureStatus: Target status Paused, CurrentStatus: Started
07-17 21:35:58.844  1713  3560 I [CT]    : MIXEDREALITY: MrFeatureStatus: Operation chain: Pause
07-17 21:35:58.844  1713  3560 I [CT]    : MIXEDREALITY: MrFeatureStatus: Global status changed from Started to Paused.
07-17 21:35:58.844  1713  3560 I [CT]    : MIXEDREALITY: MrServiceController: Queuing command linked to operation Pause for feature 0
07-17 21:35:58.844  2903  3561 I GuardianRender: Successfully changed mrSessionActiveMrRenderType_ from Passthrough to None
07-17 21:35:58.845  1290 24303 I CompositorVR: SetSchedFifo( tid=2990, pol=5, pri=1 ) succeeded
07-17 21:35:58.845  1290 24303 I CompositorVR: SetSchedFifo( tid=3562, pol=5, pri=1 ) succeeded
07-17 21:35:58.845  1290 24303 I CompositorVR: SetSchedFifo( tid=3571, pol=5, pri=1 ) succeeded
07-17 21:35:58.846  1290  3079 I VrRuntimeService: CreateSwapChain: 3505273617
07-17 21:35:58.846  1290  3079 I VrRuntimeService: CreateSwapChain: api:gles 0 0x822b 640 640 1 2 1 0 14
07-17 21:35:58.847  1290  3079 I VrRuntimeServer: CreateTextureSwapChain: result importswapchaingles 1
07-17 21:35:58.849  1290  3079 I VrRuntimeService: UpdateSwapChainSamplerState: 365
07-17 21:35:58.849  1290  3079 I VrRuntimeService: UpdateSwapChainSamplerState: minFilter=1 magFilter=1 wrapModeS=2 warpModeT=2 maxAniso=1.000000 border={0.000000,0.000000,0.000000,0.000000} swizzle={0,0,0,1}
07-17 21:35:58.849  1290  3079 I VrRuntimeService: UpdateSwapChainSamplerState: 366
07-17 21:35:58.849  1290  3079 I VrRuntimeService: UpdateSwapChainSamplerState: minFilter=1 magFilter=1 wrapModeS=2 warpModeT=2 maxAniso=1.000000 border={0.000000,0.000000,0.000000,0.000000} swizzle={0,0,0,1}
07-17 21:35:58.850  1713  3002 I [CT]    : MIXEDREALITY: MrServiceController: Executing passthroughPause on model
07-17 21:35:58.850  1713  3002 I [CT]    : MIXEDREALITY: MrServiceModel: passthroughPause()
07-17 21:35:58.850  1713  3002 I [CT]    : MIXEDREALITY: MrServiceModel: passthroughPause: Paused Passthrough
07-17 21:35:58.850  1713  3002 I [CT]    : MIXEDREALITY: MrSvc: PassthroughPresentationLayerImpl: Deallocating framebuffers for layer -1.
07-17 21:35:58.851  1290  3079 I VrRuntimeService: DestroySwapChain: swapchain=365
07-17 21:35:58.851  1290  3079 I VrRuntimeService: DestroySwapChain: swapchain=366
07-17 21:35:58.854  1713  3002 I [CT]    : MIXEDREALITY: MrRuntimeImpl: onPause, for capability 0. Target device 2.
07-17 21:35:58.854   871  3243 I [CT]    : MIXEDREALITY: PassthroughComputeCapability: MrChangePassthroughStatus
07-17 21:35:58.854   871  3243 I [CT]    : MIXEDREALITY: MrSystemServiceIPCServer: MrSystemServiceIPCServer::ChangeMrCapabilityStatus from 3505273617, request was 0/0
07-17 21:35:58.854   871  3243 I [CT]    : MIXEDREALITY: MrRuntimeCompute: onStop: Passthrough.
07-17 21:35:58.854   871  3243 I [CT]    : MR:Capability: Passthrough capability: stop received from 3505273617
07-17 21:35:58.854   871  3243 I [CT]    : MIXEDREALITY: PassthroughComputeCapability: onStop: Deleting Passthrough.
07-17 21:35:58.854   871  3243 I [CT]    : MIXEDREALITY: PassthroughMesh: ~PassthroughMesh: Exiting.
07-17 21:35:58.855   871  3243 I [CT]    : BOLTDEPTH: CvpDisparityPipeline: deactivate: CVP pipeline successfully deactivated.
